Archive member included because of file (symbol)

.\CortexM0\ARM_GCC_493\Debug\SingleBoardDesign-046.a(cyfitter_cfg.o)
                              .\CortexM0\ARM_GCC_493\Debug\Cm0Start.o (cyfitter_cfg)
.\CortexM0\ARM_GCC_493\Debug\SingleBoardDesign-046.a(CyLib.o)
                              .\CortexM0\ARM_GCC_493\Debug\SingleBoardDesign-046.a(cyfitter_cfg.o) (CyIntEnable)
.\CortexM0\ARM_GCC_493\Debug\SingleBoardDesign-046.a(CyLFClk.o)
                              .\CortexM0\ARM_GCC_493\Debug\SingleBoardDesign-046.a(CyLib.o) (CySysClkWcoEnabled)
.\CortexM0\ARM_GCC_493\Debug\SingleBoardDesign-046.a(CyBootAsmGnu.o)
                              .\CortexM0\ARM_GCC_493\Debug\SingleBoardDesign-046.a(CyLib.o) (CyDelayCycles)
.\CortexM0\ARM_GCC_493\Debug\SingleBoardDesign-046.a(CyFlash.o)
                              .\CortexM0\ARM_GCC_493\Debug\SingleBoardDesign-046.a(CyLib.o) (CySysFlashSetWaitCycles)
c:/program files (x86)/cypress/psoc creator/3.3/psoc creator/import/gnu/arm/4.9.3/bin/../lib/gcc/arm-none-eabi/4.9.3/armv6-m\libgcc.a(_udivsi3.o)
                              .\CortexM0\ARM_GCC_493\Debug\SingleBoardDesign-046.a(CyLib.o) (__aeabi_uidiv)
c:/program files (x86)/cypress/psoc creator/3.3/psoc creator/import/gnu/arm/4.9.3/bin/../lib/gcc/arm-none-eabi/4.9.3/armv6-m\libgcc.a(_divsi3.o)
                              .\CortexM0\ARM_GCC_493\Debug\SingleBoardDesign-046.a(CyLib.o) (__aeabi_idiv)
c:/program files (x86)/cypress/psoc creator/3.3/psoc creator/import/gnu/arm/4.9.3/bin/../lib/gcc/arm-none-eabi/4.9.3/armv6-m\libgcc.a(_dvmd_tls.o)
                              c:/program files (x86)/cypress/psoc creator/3.3/psoc creator/import/gnu/arm/4.9.3/bin/../lib/gcc/arm-none-eabi/4.9.3/armv6-m\libgcc.a(_udivsi3.o) (__aeabi_idiv0)
c:/program files (x86)/cypress/psoc creator/3.3/psoc creator/import/gnu/arm/4.9.3/bin/../lib/gcc/arm-none-eabi/4.9.3/../../../../arm-none-eabi/lib/armv6-m\libg_nano.a(lib_a-errno.o)
                              .\CortexM0\ARM_GCC_493\Debug\Cm0Start.o (__errno)
c:/program files (x86)/cypress/psoc creator/3.3/psoc creator/import/gnu/arm/4.9.3/bin/../lib/gcc/arm-none-eabi/4.9.3/../../../../arm-none-eabi/lib/armv6-m\libg_nano.a(lib_a-exit.o)
                              c:/program files (x86)/cypress/psoc creator/3.3/psoc creator/import/gnu/arm/4.9.3/bin/../lib/gcc/arm-none-eabi/4.9.3/../../../../arm-none-eabi/lib/armv6-m/crt0.o (exit)
c:/program files (x86)/cypress/psoc creator/3.3/psoc creator/import/gnu/arm/4.9.3/bin/../lib/gcc/arm-none-eabi/4.9.3/../../../../arm-none-eabi/lib/armv6-m\libg_nano.a(lib_a-impure.o)
                              c:/program files (x86)/cypress/psoc creator/3.3/psoc creator/import/gnu/arm/4.9.3/bin/../lib/gcc/arm-none-eabi/4.9.3/../../../../arm-none-eabi/lib/armv6-m\libg_nano.a(lib_a-exit.o) (_global_impure_ptr)
c:/program files (x86)/cypress/psoc creator/3.3/psoc creator/import/gnu/arm/4.9.3/bin/../lib/gcc/arm-none-eabi/4.9.3/../../../../arm-none-eabi/lib/armv6-m\libg_nano.a(lib_a-init.o)
                              c:/program files (x86)/cypress/psoc creator/3.3/psoc creator/import/gnu/arm/4.9.3/bin/../lib/gcc/arm-none-eabi/4.9.3/../../../../arm-none-eabi/lib/armv6-m/crt0.o (__libc_init_array)
c:/program files (x86)/cypress/psoc creator/3.3/psoc creator/import/gnu/arm/4.9.3/bin/../lib/gcc/arm-none-eabi/4.9.3/../../../../arm-none-eabi/lib/armv6-m\libg_nano.a(lib_a-memcpy.o)
                              .\CortexM0\ARM_GCC_493\Debug\SingleBoardDesign-046.a(CyFlash.o) (memcpy)
c:/program files (x86)/cypress/psoc creator/3.3/psoc creator/import/gnu/arm/4.9.3/bin/../lib/gcc/arm-none-eabi/4.9.3/../../../../arm-none-eabi/lib/armv6-m\libg_nano.a(lib_a-memset.o)
                              c:/program files (x86)/cypress/psoc creator/3.3/psoc creator/import/gnu/arm/4.9.3/bin/../lib/gcc/arm-none-eabi/4.9.3/../../../../arm-none-eabi/lib/armv6-m/crt0.o (memset)

Discarded input sections

 .text          0x00000000        0x0 c:/program files (x86)/cypress/psoc creator/3.3/psoc creator/import/gnu/arm/4.9.3/bin/../lib/gcc/arm-none-eabi/4.9.3/armv6-m/crti.o
 .data          0x00000000        0x0 c:/program files (x86)/cypress/psoc creator/3.3/psoc creator/import/gnu/arm/4.9.3/bin/../lib/gcc/arm-none-eabi/4.9.3/armv6-m/crti.o
 .bss           0x00000000        0x0 c:/program files (x86)/cypress/psoc creator/3.3/psoc creator/import/gnu/arm/4.9.3/bin/../lib/gcc/arm-none-eabi/4.9.3/armv6-m/crti.o
 .data          0x00000000        0x4 c:/program files (x86)/cypress/psoc creator/3.3/psoc creator/import/gnu/arm/4.9.3/bin/../lib/gcc/arm-none-eabi/4.9.3/armv6-m/crtbegin.o
 .text          0x00000000       0x78 c:/program files (x86)/cypress/psoc creator/3.3/psoc creator/import/gnu/arm/4.9.3/bin/../lib/gcc/arm-none-eabi/4.9.3/../../../../arm-none-eabi/lib/armv6-m/crt0.o
 .data          0x00000000        0x0 c:/program files (x86)/cypress/psoc creator/3.3/psoc creator/import/gnu/arm/4.9.3/bin/../lib/gcc/arm-none-eabi/4.9.3/../../../../arm-none-eabi/lib/armv6-m/crt0.o
 .bss           0x00000000        0x0 c:/program files (x86)/cypress/psoc creator/3.3/psoc creator/import/gnu/arm/4.9.3/bin/../lib/gcc/arm-none-eabi/4.9.3/../../../../arm-none-eabi/lib/armv6-m/crt0.o
 .ARM.extab     0x00000000        0x0 c:/program files (x86)/cypress/psoc creator/3.3/psoc creator/import/gnu/arm/4.9.3/bin/../lib/gcc/arm-none-eabi/4.9.3/../../../../arm-none-eabi/lib/armv6-m/crt0.o
 .ARM.exidx     0x00000000        0x8 c:/program files (x86)/cypress/psoc creator/3.3/psoc creator/import/gnu/arm/4.9.3/bin/../lib/gcc/arm-none-eabi/4.9.3/../../../../arm-none-eabi/lib/armv6-m/crt0.o
 .text          0x00000000        0x0 .\CortexM0\ARM_GCC_493\Debug\main.o
 .data          0x00000000        0x0 .\CortexM0\ARM_GCC_493\Debug\main.o
 .bss           0x00000000        0x0 .\CortexM0\ARM_GCC_493\Debug\main.o
 .text          0x00000000        0x0 .\CortexM0\ARM_GCC_493\Debug\cymetadata.o
 .data          0x00000000        0x0 .\CortexM0\ARM_GCC_493\Debug\cymetadata.o
 .bss           0x00000000        0x0 .\CortexM0\ARM_GCC_493\Debug\cymetadata.o
 .text          0x00000000        0x0 .\CortexM0\ARM_GCC_493\Debug\Cm0Start.o
 .data          0x00000000        0x4 .\CortexM0\ARM_GCC_493\Debug\Cm0Start.o
 .bss           0x00000000        0x0 .\CortexM0\ARM_GCC_493\Debug\Cm0Start.o
 .text._exit    0x00000000        0xc .\CortexM0\ARM_GCC_493\Debug\Cm0Start.o
 .text._sbrk    0x00000000       0x30 .\CortexM0\ARM_GCC_493\Debug\Cm0Start.o
 .text          0x00000000        0x0 .\CortexM0\ARM_GCC_493\Debug\SingleBoardDesign-046.a(cyfitter_cfg.o)
 .data          0x00000000        0x0 .\CortexM0\ARM_GCC_493\Debug\SingleBoardDesign-046.a(cyfitter_cfg.o)
 .bss           0x00000000        0x0 .\CortexM0\ARM_GCC_493\Debug\SingleBoardDesign-046.a(cyfitter_cfg.o)
 .text          0x00000000        0x0 .\CortexM0\ARM_GCC_493\Debug\SingleBoardDesign-046.a(CyLib.o)
 .text.CySysClkImoStart
                0x00000000       0x14 .\CortexM0\ARM_GCC_493\Debug\SingleBoardDesign-046.a(CyLib.o)
 .text.CySysClkImoStop
                0x00000000       0x1c .\CortexM0\ARM_GCC_493\Debug\SingleBoardDesign-046.a(CyLib.o)
 .text.CySysClkWriteHfclkDirect
                0x00000000       0x44 .\CortexM0\ARM_GCC_493\Debug\SingleBoardDesign-046.a(CyLib.o)
 .text.CySysClkGetSysclkSource
                0x00000000       0x34 .\CortexM0\ARM_GCC_493\Debug\SingleBoardDesign-046.a(CyLib.o)
 .text.CySysClkWriteSysclkDiv
                0x00000000       0x28 .\CortexM0\ARM_GCC_493\Debug\SingleBoardDesign-046.a(CyLib.o)
 .text.CySysClkEcoStop
                0x00000000       0x14 .\CortexM0\ARM_GCC_493\Debug\SingleBoardDesign-046.a(CyLib.o)
 .text.CySysClkEcoReadStatus
                0x00000000       0x14 .\CortexM0\ARM_GCC_493\Debug\SingleBoardDesign-046.a(CyLib.o)
 .text.CySysClkConfigureEcoTrim
                0x00000000       0x60 .\CortexM0\ARM_GCC_493\Debug\SingleBoardDesign-046.a(CyLib.o)
 .text.CySysClkConfigureEcoDrive
                0x00000000      0x174 .\CortexM0\ARM_GCC_493\Debug\SingleBoardDesign-046.a(CyLib.o)
 .text.CySysClkPllStop
                0x00000000       0x2c .\CortexM0\ARM_GCC_493\Debug\SingleBoardDesign-046.a(CyLib.o)
 .text.CySysClkPllSetBypassMode
                0x00000000       0x38 .\CortexM0\ARM_GCC_493\Debug\SingleBoardDesign-046.a(CyLib.o)
 .text.CySysClkPllGetUnlockStatus
                0x00000000       0x34 .\CortexM0\ARM_GCC_493\Debug\SingleBoardDesign-046.a(CyLib.o)
 .text.CySysClkPllSetSource
                0x00000000       0x34 .\CortexM0\ARM_GCC_493\Debug\SingleBoardDesign-046.a(CyLib.o)
 .text.CySysLvdDisable
                0x00000000       0x20 .\CortexM0\ARM_GCC_493\Debug\SingleBoardDesign-046.a(CyLib.o)
 .text.CySysLvdGetInterruptSource
                0x00000000       0x10 .\CortexM0\ARM_GCC_493\Debug\SingleBoardDesign-046.a(CyLib.o)
 .text.CySysLvdClearInterrupt
                0x00000000        0xc .\CortexM0\ARM_GCC_493\Debug\SingleBoardDesign-046.a(CyLib.o)
 .text.CySysGetResetReason
                0x00000000       0x14 .\CortexM0\ARM_GCC_493\Debug\SingleBoardDesign-046.a(CyLib.o)
 .text.CyDisableInts
                0x00000000       0x10 .\CortexM0\ARM_GCC_493\Debug\SingleBoardDesign-046.a(CyLib.o)
 .text.CyEnableInts
                0x00000000        0xc .\CortexM0\ARM_GCC_493\Debug\SingleBoardDesign-046.a(CyLib.o)
 .text.CyIntGetState
                0x00000000       0x18 .\CortexM0\ARM_GCC_493\Debug\SingleBoardDesign-046.a(CyLib.o)
 .text.CyIntDisable
                0x00000000       0x14 .\CortexM0\ARM_GCC_493\Debug\SingleBoardDesign-046.a(CyLib.o)
 .text.CyIntSetPending
                0x00000000       0x14 .\CortexM0\ARM_GCC_493\Debug\SingleBoardDesign-046.a(CyLib.o)
 .text.CyIntClearPending
                0x00000000       0x14 .\CortexM0\ARM_GCC_493\Debug\SingleBoardDesign-046.a(CyLib.o)
 .text.CySysClkPllGetLockStatus
                0x00000000       0x40 .\CortexM0\ARM_GCC_493\Debug\SingleBoardDesign-046.a(CyLib.o)
 .text.CySysClkPllGetBypassMode
                0x00000000       0x2c .\CortexM0\ARM_GCC_493\Debug\SingleBoardDesign-046.a(CyLib.o)
 .text.CySysClkPllConfigChangeAllowed
                0x00000000       0x40 .\CortexM0\ARM_GCC_493\Debug\SingleBoardDesign-046.a(CyLib.o)
 .text.CySysClkPllSetPQ
                0x00000000       0xa4 .\CortexM0\ARM_GCC_493\Debug\SingleBoardDesign-046.a(CyLib.o)
 .text.CySysClkPllSetOutputDivider
                0x00000000       0x58 .\CortexM0\ARM_GCC_493\Debug\SingleBoardDesign-046.a(CyLib.o)
 .text.CySysClkPllSetFrequency
                0x00000000      0x110 .\CortexM0\ARM_GCC_493\Debug\SingleBoardDesign-046.a(CyLib.o)
 .text.CyIntSetSysVector
                0x00000000       0x20 .\CortexM0\ARM_GCC_493\Debug\SingleBoardDesign-046.a(CyLib.o)
 .text.CyIntGetSysVector
                0x00000000       0x1c .\CortexM0\ARM_GCC_493\Debug\SingleBoardDesign-046.a(CyLib.o)
 .text.CyIntGetVector
                0x00000000       0x20 .\CortexM0\ARM_GCC_493\Debug\SingleBoardDesign-046.a(CyLib.o)
 .text.CyIntSetPriority
                0x00000000       0x4c .\CortexM0\ARM_GCC_493\Debug\SingleBoardDesign-046.a(CyLib.o)
 .text.CyIntGetPriority
                0x00000000       0x2c .\CortexM0\ARM_GCC_493\Debug\SingleBoardDesign-046.a(CyLib.o)
 .text.CySoftwareReset
                0x00000000       0x18 .\CortexM0\ARM_GCC_493\Debug\SingleBoardDesign-046.a(CyLib.o)
 .text.CySysClkEcoStart
                0x00000000       0x48 .\CortexM0\ARM_GCC_493\Debug\SingleBoardDesign-046.a(CyLib.o)
 .text.CySysClkPllStart
                0x00000000       0x9c .\CortexM0\ARM_GCC_493\Debug\SingleBoardDesign-046.a(CyLib.o)
 .text.CySysLvdEnable
                0x00000000       0x44 .\CortexM0\ARM_GCC_493\Debug\SingleBoardDesign-046.a(CyLib.o)
 .text.CyDelayFreq
                0x00000000       0x4c .\CortexM0\ARM_GCC_493\Debug\SingleBoardDesign-046.a(CyLib.o)
 .text.CySysTickStop
                0x00000000       0x10 .\CortexM0\ARM_GCC_493\Debug\SingleBoardDesign-046.a(CyLib.o)
 .text.CySysTickEnableInterrupt
                0x00000000       0x10 .\CortexM0\ARM_GCC_493\Debug\SingleBoardDesign-046.a(CyLib.o)
 .text.CySysTickEnable
                0x00000000       0x18 .\CortexM0\ARM_GCC_493\Debug\SingleBoardDesign-046.a(CyLib.o)
 .text.CySysTickDisableInterrupt
                0x00000000       0x10 .\CortexM0\ARM_GCC_493\Debug\SingleBoardDesign-046.a(CyLib.o)
 .text.CySysTickSetReload
                0x00000000       0x10 .\CortexM0\ARM_GCC_493\Debug\SingleBoardDesign-046.a(CyLib.o)
 .text.CySysTickGetReload
                0x00000000       0x10 .\CortexM0\ARM_GCC_493\Debug\SingleBoardDesign-046.a(CyLib.o)
 .text.CySysTickGetValue
                0x00000000       0x10 .\CortexM0\ARM_GCC_493\Debug\SingleBoardDesign-046.a(CyLib.o)
 .text.CySysTickSetClockSource
                0x00000000       0x20 .\CortexM0\ARM_GCC_493\Debug\SingleBoardDesign-046.a(CyLib.o)
 .text.CySysTickGetCountFlag
                0x00000000       0x10 .\CortexM0\ARM_GCC_493\Debug\SingleBoardDesign-046.a(CyLib.o)
 .text.CySysTickServiceCallbacks
                0x00000000       0x2c .\CortexM0\ARM_GCC_493\Debug\SingleBoardDesign-046.a(CyLib.o)
 .text.CySysTickClear
                0x00000000        0xc .\CortexM0\ARM_GCC_493\Debug\SingleBoardDesign-046.a(CyLib.o)
 .text.CySysTickInit
                0x00000000       0x4c .\CortexM0\ARM_GCC_493\Debug\SingleBoardDesign-046.a(CyLib.o)
 .text.CySysTickStart
                0x00000000       0x20 .\CortexM0\ARM_GCC_493\Debug\SingleBoardDesign-046.a(CyLib.o)
 .text.CySysTickSetCallback
                0x00000000       0x10 .\CortexM0\ARM_GCC_493\Debug\SingleBoardDesign-046.a(CyLib.o)
 .text.CySysTickGetCallback
                0x00000000       0x10 .\CortexM0\ARM_GCC_493\Debug\SingleBoardDesign-046.a(CyLib.o)
 .text.CyGetUniqueId
                0x00000000       0x70 .\CortexM0\ARM_GCC_493\Debug\SingleBoardDesign-046.a(CyLib.o)
 .text.CySysSetRamAccessArbPriority
                0x00000000       0x20 .\CortexM0\ARM_GCC_493\Debug\SingleBoardDesign-046.a(CyLib.o)
 .text.CySysSetFlashAccessArbPriority
                0x00000000       0x20 .\CortexM0\ARM_GCC_493\Debug\SingleBoardDesign-046.a(CyLib.o)
 .text.CySysSetDmacAccessArbPriority
                0x00000000       0x20 .\CortexM0\ARM_GCC_493\Debug\SingleBoardDesign-046.a(CyLib.o)
 .text.CySysSetPeripheralAccessArbPriority
                0x00000000       0x68 .\CortexM0\ARM_GCC_493\Debug\SingleBoardDesign-046.a(CyLib.o)
 .text          0x00000000        0x0 .\CortexM0\ARM_GCC_493\Debug\SingleBoardDesign-046.a(CyLFClk.o)
 .text.CySysClkIloEnabled
                0x00000000       0x14 .\CortexM0\ARM_GCC_493\Debug\SingleBoardDesign-046.a(CyLFClk.o)
 .text.CySysClkGetLfclkSource
                0x00000000       0x10 .\CortexM0\ARM_GCC_493\Debug\SingleBoardDesign-046.a(CyLFClk.o)
 .text.CySysClkIloStart
                0x00000000       0x14 .\CortexM0\ARM_GCC_493\Debug\SingleBoardDesign-046.a(CyLFClk.o)
 .text.CySysClkWcoStart
                0x00000000       0x40 .\CortexM0\ARM_GCC_493\Debug\SingleBoardDesign-046.a(CyLFClk.o)
 .text.CySysClkWcoSetPowerMode
                0x00000000       0x80 .\CortexM0\ARM_GCC_493\Debug\SingleBoardDesign-046.a(CyLFClk.o)
 .text.CySysWdtGetEnabledStatus
                0x00000000       0x24 .\CortexM0\ARM_GCC_493\Debug\SingleBoardDesign-046.a(CyLFClk.o)
 .text.CySysWdtSetMode
                0x00000000       0x38 .\CortexM0\ARM_GCC_493\Debug\SingleBoardDesign-046.a(CyLFClk.o)
 .text.CySysClkLfclkPosedgeRestore
                0x00000000       0x2c .\CortexM0\ARM_GCC_493\Debug\SingleBoardDesign-046.a(CyLFClk.o)
 .text.CySysWdtGetMode
                0x00000000       0x14 .\CortexM0\ARM_GCC_493\Debug\SingleBoardDesign-046.a(CyLFClk.o)
 .text.CySysWdtSetClearOnMatch
                0x00000000       0x38 .\CortexM0\ARM_GCC_493\Debug\SingleBoardDesign-046.a(CyLFClk.o)
 .text.CySysWdtGetClearOnMatch
                0x00000000       0x24 .\CortexM0\ARM_GCC_493\Debug\SingleBoardDesign-046.a(CyLFClk.o)
 .text.CySysWdtEnable
                0x00000000       0x3c .\CortexM0\ARM_GCC_493\Debug\SingleBoardDesign-046.a(CyLFClk.o)
 .text.CySysWdtDisable
                0x00000000       0x44 .\CortexM0\ARM_GCC_493\Debug\SingleBoardDesign-046.a(CyLFClk.o)
 .text.CySysWdtSetCascade
                0x00000000       0x34 .\CortexM0\ARM_GCC_493\Debug\SingleBoardDesign-046.a(CyLFClk.o)
 .text.CySysWdtGetCascade
                0x00000000       0x14 .\CortexM0\ARM_GCC_493\Debug\SingleBoardDesign-046.a(CyLFClk.o)
 .text.CySysWdtSetMatch
                0x00000000       0x58 .\CortexM0\ARM_GCC_493\Debug\SingleBoardDesign-046.a(CyLFClk.o)
 .text.CySysWdtSetToggleBit
                0x00000000       0x2c .\CortexM0\ARM_GCC_493\Debug\SingleBoardDesign-046.a(CyLFClk.o)
 .text.CySysWdtGetToggleBit
                0x00000000       0x10 .\CortexM0\ARM_GCC_493\Debug\SingleBoardDesign-046.a(CyLFClk.o)
 .text.CySysWdtGetMatch
                0x00000000       0x20 .\CortexM0\ARM_GCC_493\Debug\SingleBoardDesign-046.a(CyLFClk.o)
 .text.CySysWdtGetCount
                0x00000000       0x3c .\CortexM0\ARM_GCC_493\Debug\SingleBoardDesign-046.a(CyLFClk.o)
 .text.CySysClkLfclkPosedgeCatch
                0x00000000       0x74 .\CortexM0\ARM_GCC_493\Debug\SingleBoardDesign-046.a(CyLFClk.o)
 .text.CySysClkIloStop
                0x00000000       0x4c .\CortexM0\ARM_GCC_493\Debug\SingleBoardDesign-046.a(CyLFClk.o)
 .text.CySysClkSetLfclkSource
                0x00000000       0x38 .\CortexM0\ARM_GCC_493\Debug\SingleBoardDesign-046.a(CyLFClk.o)
 .text.CySysClkWcoStop
                0x00000000       0x48 .\CortexM0\ARM_GCC_493\Debug\SingleBoardDesign-046.a(CyLFClk.o)
 .text.CySysWdtGetInterruptSource
                0x00000000       0x14 .\CortexM0\ARM_GCC_493\Debug\SingleBoardDesign-046.a(CyLFClk.o)
 .text.CySysWdtResetCounters
                0x00000000       0x20 .\CortexM0\ARM_GCC_493\Debug\SingleBoardDesign-046.a(CyLFClk.o)
 .text.CySysWdtSetInterruptCallback
                0x00000000       0x20 .\CortexM0\ARM_GCC_493\Debug\SingleBoardDesign-046.a(CyLFClk.o)
 .text.CySysWdtGetInterruptCallback
                0x00000000       0x20 .\CortexM0\ARM_GCC_493\Debug\SingleBoardDesign-046.a(CyLFClk.o)
 .text.CySysWdtEnableCounterIsr
                0x00000000       0x34 .\CortexM0\ARM_GCC_493\Debug\SingleBoardDesign-046.a(CyLFClk.o)
 .text.CySysWdtDisableCounterIsr
                0x00000000       0x28 .\CortexM0\ARM_GCC_493\Debug\SingleBoardDesign-046.a(CyLFClk.o)
 .text.CySysTimerDelayUntilMatch
                0x00000000       0x6c .\CortexM0\ARM_GCC_493\Debug\SingleBoardDesign-046.a(CyLFClk.o)
 .text.CySysTimerDelay
                0x00000000       0x3c .\CortexM0\ARM_GCC_493\Debug\SingleBoardDesign-046.a(CyLFClk.o)
 .text.CySysWatchdogFeed
                0x00000000       0x60 .\CortexM0\ARM_GCC_493\Debug\SingleBoardDesign-046.a(CyLFClk.o)
 .rodata        0x00000000        0xc .\CortexM0\ARM_GCC_493\Debug\SingleBoardDesign-046.a(CyLFClk.o)
 .data          0x00000000        0x0 .\CortexM0\ARM_GCC_493\Debug\SingleBoardDesign-046.a(CyBootAsmGnu.o)
 .bss           0x00000000        0x0 .\CortexM0\ARM_GCC_493\Debug\SingleBoardDesign-046.a(CyBootAsmGnu.o)
 .text          0x00000000        0x0 .\CortexM0\ARM_GCC_493\Debug\SingleBoardDesign-046.a(CyFlash.o)
 .data          0x00000000        0x0 .\CortexM0\ARM_GCC_493\Debug\SingleBoardDesign-046.a(CyFlash.o)
 .bss           0x00000000        0x0 .\CortexM0\ARM_GCC_493\Debug\SingleBoardDesign-046.a(CyFlash.o)
 .text.CySysFlashClockBackup
                0x00000000        0x4 .\CortexM0\ARM_GCC_493\Debug\SingleBoardDesign-046.a(CyFlash.o)
 .text.CySysFlashClockRestore
                0x00000000        0x4 .\CortexM0\ARM_GCC_493\Debug\SingleBoardDesign-046.a(CyFlash.o)
 .text.CySysFlashWriteRow
                0x00000000       0xd8 .\CortexM0\ARM_GCC_493\Debug\SingleBoardDesign-046.a(CyFlash.o)
 .text.CySysSFlashWriteUserRow
                0x00000000       0xcc .\CortexM0\ARM_GCC_493\Debug\SingleBoardDesign-046.a(CyFlash.o)
 .text          0x00000000      0x120 c:/program files (x86)/cypress/psoc creator/3.3/psoc creator/import/gnu/arm/4.9.3/bin/../lib/gcc/arm-none-eabi/4.9.3/armv6-m\libgcc.a(_udivsi3.o)
 .data          0x00000000        0x0 c:/program files (x86)/cypress/psoc creator/3.3/psoc creator/import/gnu/arm/4.9.3/bin/../lib/gcc/arm-none-eabi/4.9.3/armv6-m\libgcc.a(_udivsi3.o)
 .bss           0x00000000        0x0 c:/program files (x86)/cypress/psoc creator/3.3/psoc creator/import/gnu/arm/4.9.3/bin/../lib/gcc/arm-none-eabi/4.9.3/armv6-m\libgcc.a(_udivsi3.o)
 .text          0x00000000      0x1e0 c:/program files (x86)/cypress/psoc creator/3.3/psoc creator/import/gnu/arm/4.9.3/bin/../lib/gcc/arm-none-eabi/4.9.3/armv6-m\libgcc.a(_divsi3.o)
 .data          0x00000000        0x0 c:/program files (x86)/cypress/psoc creator/3.3/psoc creator/import/gnu/arm/4.9.3/bin/../lib/gcc/arm-none-eabi/4.9.3/armv6-m\libgcc.a(_divsi3.o)
 .bss           0x00000000        0x0 c:/program files (x86)/cypress/psoc creator/3.3/psoc creator/import/gnu/arm/4.9.3/bin/../lib/gcc/arm-none-eabi/4.9.3/armv6-m\libgcc.a(_divsi3.o)
 .text          0x00000000        0x4 c:/program files (x86)/cypress/psoc creator/3.3/psoc creator/import/gnu/arm/4.9.3/bin/../lib/gcc/arm-none-eabi/4.9.3/armv6-m\libgcc.a(_dvmd_tls.o)
 .data          0x00000000        0x0 c:/program files (x86)/cypress/psoc creator/3.3/psoc creator/import/gnu/arm/4.9.3/bin/../lib/gcc/arm-none-eabi/4.9.3/armv6-m\libgcc.a(_dvmd_tls.o)
 .bss           0x00000000        0x0 c:/program files (x86)/cypress/psoc creator/3.3/psoc creator/import/gnu/arm/4.9.3/bin/../lib/gcc/arm-none-eabi/4.9.3/armv6-m\libgcc.a(_dvmd_tls.o)
 .text          0x00000000        0x0 c:/program files (x86)/cypress/psoc creator/3.3/psoc creator/import/gnu/arm/4.9.3/bin/../lib/gcc/arm-none-eabi/4.9.3/../../../../arm-none-eabi/lib/armv6-m\libg_nano.a(lib_a-errno.o)
 .data          0x00000000        0x0 c:/program files (x86)/cypress/psoc creator/3.3/psoc creator/import/gnu/arm/4.9.3/bin/../lib/gcc/arm-none-eabi/4.9.3/../../../../arm-none-eabi/lib/armv6-m\libg_nano.a(lib_a-errno.o)
 .bss           0x00000000        0x0 c:/program files (x86)/cypress/psoc creator/3.3/psoc creator/import/gnu/arm/4.9.3/bin/../lib/gcc/arm-none-eabi/4.9.3/../../../../arm-none-eabi/lib/armv6-m\libg_nano.a(lib_a-errno.o)
 .text.__errno  0x00000000        0xc c:/program files (x86)/cypress/psoc creator/3.3/psoc creator/import/gnu/arm/4.9.3/bin/../lib/gcc/arm-none-eabi/4.9.3/../../../../arm-none-eabi/lib/armv6-m\libg_nano.a(lib_a-errno.o)
 .text          0x00000000        0x0 c:/program files (x86)/cypress/psoc creator/3.3/psoc creator/import/gnu/arm/4.9.3/bin/../lib/gcc/arm-none-eabi/4.9.3/../../../../arm-none-eabi/lib/armv6-m\libg_nano.a(lib_a-exit.o)
 .data          0x00000000        0x0 c:/program files (x86)/cypress/psoc creator/3.3/psoc creator/import/gnu/arm/4.9.3/bin/../lib/gcc/arm-none-eabi/4.9.3/../../../../arm-none-eabi/lib/armv6-m\libg_nano.a(lib_a-exit.o)
 .bss           0x00000000        0x0 c:/program files (x86)/cypress/psoc creator/3.3/psoc creator/import/gnu/arm/4.9.3/bin/../lib/gcc/arm-none-eabi/4.9.3/../../../../arm-none-eabi/lib/armv6-m\libg_nano.a(lib_a-exit.o)
 .text.exit     0x00000000       0x2c c:/program files (x86)/cypress/psoc creator/3.3/psoc creator/import/gnu/arm/4.9.3/bin/../lib/gcc/arm-none-eabi/4.9.3/../../../../arm-none-eabi/lib/armv6-m\libg_nano.a(lib_a-exit.o)
 .text          0x00000000        0x0 c:/program files (x86)/cypress/psoc creator/3.3/psoc creator/import/gnu/arm/4.9.3/bin/../lib/gcc/arm-none-eabi/4.9.3/../../../../arm-none-eabi/lib/armv6-m\libg_nano.a(lib_a-impure.o)
 .data          0x00000000        0x0 c:/program files (x86)/cypress/psoc creator/3.3/psoc creator/import/gnu/arm/4.9.3/bin/../lib/gcc/arm-none-eabi/4.9.3/../../../../arm-none-eabi/lib/armv6-m\libg_nano.a(lib_a-impure.o)
 .bss           0x00000000        0x0 c:/program files (x86)/cypress/psoc creator/3.3/psoc creator/import/gnu/arm/4.9.3/bin/../lib/gcc/arm-none-eabi/4.9.3/../../../../arm-none-eabi/lib/armv6-m\libg_nano.a(lib_a-impure.o)
 .data.impure_data
                0x00000000       0x60 c:/program files (x86)/cypress/psoc creator/3.3/psoc creator/import/gnu/arm/4.9.3/bin/../lib/gcc/arm-none-eabi/4.9.3/../../../../arm-none-eabi/lib/armv6-m\libg_nano.a(lib_a-impure.o)
 .data._impure_ptr
                0x00000000        0x4 c:/program files (x86)/cypress/psoc creator/3.3/psoc creator/import/gnu/arm/4.9.3/bin/../lib/gcc/arm-none-eabi/4.9.3/../../../../arm-none-eabi/lib/armv6-m\libg_nano.a(lib_a-impure.o)
 .rodata.str1.1
                0x00000000        0x2 c:/program files (x86)/cypress/psoc creator/3.3/psoc creator/import/gnu/arm/4.9.3/bin/../lib/gcc/arm-none-eabi/4.9.3/../../../../arm-none-eabi/lib/armv6-m\libg_nano.a(lib_a-impure.o)
 .rodata._global_impure_ptr
                0x00000000        0x4 c:/program files (x86)/cypress/psoc creator/3.3/psoc creator/import/gnu/arm/4.9.3/bin/../lib/gcc/arm-none-eabi/4.9.3/../../../../arm-none-eabi/lib/armv6-m\libg_nano.a(lib_a-impure.o)
 .text          0x00000000        0x0 c:/program files (x86)/cypress/psoc creator/3.3/psoc creator/import/gnu/arm/4.9.3/bin/../lib/gcc/arm-none-eabi/4.9.3/../../../../arm-none-eabi/lib/armv6-m\libg_nano.a(lib_a-init.o)
 .data          0x00000000        0x0 c:/program files (x86)/cypress/psoc creator/3.3/psoc creator/import/gnu/arm/4.9.3/bin/../lib/gcc/arm-none-eabi/4.9.3/../../../../arm-none-eabi/lib/armv6-m\libg_nano.a(lib_a-init.o)
 .bss           0x00000000        0x0 c:/program files (x86)/cypress/psoc creator/3.3/psoc creator/import/gnu/arm/4.9.3/bin/../lib/gcc/arm-none-eabi/4.9.3/../../../../arm-none-eabi/lib/armv6-m\libg_nano.a(lib_a-init.o)
 .text          0x00000000        0x0 c:/program files (x86)/cypress/psoc creator/3.3/psoc creator/import/gnu/arm/4.9.3/bin/../lib/gcc/arm-none-eabi/4.9.3/../../../../arm-none-eabi/lib/armv6-m\libg_nano.a(lib_a-memcpy.o)
 .data          0x00000000        0x0 c:/program files (x86)/cypress/psoc creator/3.3/psoc creator/import/gnu/arm/4.9.3/bin/../lib/gcc/arm-none-eabi/4.9.3/../../../../arm-none-eabi/lib/armv6-m\libg_nano.a(lib_a-memcpy.o)
 .bss           0x00000000        0x0 c:/program files (x86)/cypress/psoc creator/3.3/psoc creator/import/gnu/arm/4.9.3/bin/../lib/gcc/arm-none-eabi/4.9.3/../../../../arm-none-eabi/lib/armv6-m\libg_nano.a(lib_a-memcpy.o)
 .text.memcpy   0x00000000       0x12 c:/program files (x86)/cypress/psoc creator/3.3/psoc creator/import/gnu/arm/4.9.3/bin/../lib/gcc/arm-none-eabi/4.9.3/../../../../arm-none-eabi/lib/armv6-m\libg_nano.a(lib_a-memcpy.o)
 .text          0x00000000        0x0 c:/program files (x86)/cypress/psoc creator/3.3/psoc creator/import/gnu/arm/4.9.3/bin/../lib/gcc/arm-none-eabi/4.9.3/../../../../arm-none-eabi/lib/armv6-m\libg_nano.a(lib_a-memset.o)
 .data          0x00000000        0x0 c:/program files (x86)/cypress/psoc creator/3.3/psoc creator/import/gnu/arm/4.9.3/bin/../lib/gcc/arm-none-eabi/4.9.3/../../../../arm-none-eabi/lib/armv6-m\libg_nano.a(lib_a-memset.o)
 .bss           0x00000000        0x0 c:/program files (x86)/cypress/psoc creator/3.3/psoc creator/import/gnu/arm/4.9.3/bin/../lib/gcc/arm-none-eabi/4.9.3/../../../../arm-none-eabi/lib/armv6-m\libg_nano.a(lib_a-memset.o)
 .text          0x00000000        0x0 c:/program files (x86)/cypress/psoc creator/3.3/psoc creator/import/gnu/arm/4.9.3/bin/../lib/gcc/arm-none-eabi/4.9.3/armv6-m/crtend.o
 .data          0x00000000        0x0 c:/program files (x86)/cypress/psoc creator/3.3/psoc creator/import/gnu/arm/4.9.3/bin/../lib/gcc/arm-none-eabi/4.9.3/armv6-m/crtend.o
 .bss           0x00000000        0x0 c:/program files (x86)/cypress/psoc creator/3.3/psoc creator/import/gnu/arm/4.9.3/bin/../lib/gcc/arm-none-eabi/4.9.3/armv6-m/crtend.o
 .text          0x00000000        0x0 c:/program files (x86)/cypress/psoc creator/3.3/psoc creator/import/gnu/arm/4.9.3/bin/../lib/gcc/arm-none-eabi/4.9.3/armv6-m/crtn.o
 .data          0x00000000        0x0 c:/program files (x86)/cypress/psoc creator/3.3/psoc creator/import/gnu/arm/4.9.3/bin/../lib/gcc/arm-none-eabi/4.9.3/armv6-m/crtn.o
 .bss           0x00000000        0x0 c:/program files (x86)/cypress/psoc creator/3.3/psoc creator/import/gnu/arm/4.9.3/bin/../lib/gcc/arm-none-eabi/4.9.3/armv6-m/crtn.o

Memory Configuration

Name             Origin             Length             Attributes
rom              0x00000000         0x00040000         xr
ram              0x20000000         0x00008000         xrw
*default*        0x00000000         0xffffffff

Linker script and memory map

LOAD c:/program files (x86)/cypress/psoc creator/3.3/psoc creator/import/gnu/arm/4.9.3/bin/../lib/gcc/arm-none-eabi/4.9.3/armv6-m/crti.o
LOAD c:/program files (x86)/cypress/psoc creator/3.3/psoc creator/import/gnu/arm/4.9.3/bin/../lib/gcc/arm-none-eabi/4.9.3/armv6-m/crtbegin.o
LOAD c:/program files (x86)/cypress/psoc creator/3.3/psoc creator/import/gnu/arm/4.9.3/bin/../lib/gcc/arm-none-eabi/4.9.3/../../../../arm-none-eabi/lib/armv6-m/crt0.o
START GROUP
LOAD .\CortexM0\ARM_GCC_493\Debug\main.o
LOAD .\CortexM0\ARM_GCC_493\Debug\cymetadata.o
LOAD .\CortexM0\ARM_GCC_493\Debug\Cm0Start.o
LOAD .\CortexM0\ARM_GCC_493\Debug\SingleBoardDesign-046.a
LOAD C:\Program Files (x86)\Cypress\PSoC Creator\3.3\PSoC Creator\psoc\content\cycomponentlibrary\CyComponentLibrary.cylib\CortexM0\ARM_GCC_493\Debug\CyComponentLibrary.a
END GROUP
START GROUP
LOAD c:/program files (x86)/cypress/psoc creator/3.3/psoc creator/import/gnu/arm/4.9.3/bin/../lib/gcc/arm-none-eabi/4.9.3/armv6-m\libgcc.a
LOAD c:/program files (x86)/cypress/psoc creator/3.3/psoc creator/import/gnu/arm/4.9.3/bin/../lib/gcc/arm-none-eabi/4.9.3/../../../../arm-none-eabi/lib/armv6-m\libg_nano.a
LOAD c:/program files (x86)/cypress/psoc creator/3.3/psoc creator/import/gnu/arm/4.9.3/bin/../lib/gcc/arm-none-eabi/4.9.3/../../../../arm-none-eabi/lib/armv6-m\libc_nano.a
END GROUP
START GROUP
LOAD c:/program files (x86)/cypress/psoc creator/3.3/psoc creator/import/gnu/arm/4.9.3/bin/../lib/gcc/arm-none-eabi/4.9.3/armv6-m\libgcc.a
LOAD c:/program files (x86)/cypress/psoc creator/3.3/psoc creator/import/gnu/arm/4.9.3/bin/../lib/gcc/arm-none-eabi/4.9.3/../../../../arm-none-eabi/lib/armv6-m\libc_nano.a
END GROUP
LOAD c:/program files (x86)/cypress/psoc creator/3.3/psoc creator/import/gnu/arm/4.9.3/bin/../lib/gcc/arm-none-eabi/4.9.3/armv6-m/crtend.o
LOAD c:/program files (x86)/cypress/psoc creator/3.3/psoc creator/import/gnu/arm/4.9.3/bin/../lib/gcc/arm-none-eabi/4.9.3/armv6-m/crtn.o
START GROUP
LOAD c:/program files (x86)/cypress/psoc creator/3.3/psoc creator/import/gnu/arm/4.9.3/bin/../lib/gcc/arm-none-eabi/4.9.3/armv6-m\libgcc.a
LOAD c:/program files (x86)/cypress/psoc creator/3.3/psoc creator/import/gnu/arm/4.9.3/bin/../lib/gcc/arm-none-eabi/4.9.3/../../../../arm-none-eabi/lib/armv6-m\libc.a
LOAD c:/program files (x86)/cypress/psoc creator/3.3/psoc creator/import/gnu/arm/4.9.3/bin/../lib/gcc/arm-none-eabi/4.9.3/../../../../arm-none-eabi/lib/armv6-m\libnosys.a
END GROUP
                0x00000000                CY_APPL_ORIGIN = 0x0
                0x00000100                CY_FLASH_ROW_SIZE = 0x100
                0x00000001                CY_APPL_NUM = 0x1
                0x00000001                CY_APPL_MAX = 0x1
                0x00000040                CY_METADATA_SIZE = 0x40
                0x00000000                CY_APPL_LOADABLE = 0x0
                0x00000000                CY_CHECKSUM_EXCLUDE_SIZE = ALIGN (0x0, CY_FLASH_ROW_SIZE)
                0x00000000                CY_APP_FOR_STACK_AND_COPIER = 0x0
                0x20000138                PROVIDE (__cy_heap_start, _end)
                0x00000001                PROVIDE (__cy_region_num, ((__cy_regions_end - __cy_regions) / 0x10))
                0x20008000                PROVIDE (__cy_stack, (ORIGIN (ram) + 0x8000))
                0x20007800                PROVIDE (__cy_heap_end, (__cy_stack - 0x800))

.cybootloader   0x00000000        0x0
 *(.cybootloader)
                0x00000000                appl1_start = CY_APPL_ORIGIN?CY_APPL_ORIGIN:ALIGN (CY_FLASH_ROW_SIZE)
                0x0001ff00                appl2_start = (appl1_start + ALIGN ((((0x40000 - appl1_start) - (0x2 * CY_FLASH_ROW_SIZE)) / 0x2), CY_FLASH_ROW_SIZE))
                0x00000000                appl_start = (CY_APPL_NUM == 0x1)?appl1_start:appl2_start
                0x00000001                cy_project_type_bootloader = (appl_start == 0x0)?0x1:0x0
                0x00000000                cy_project_type_app_for_stack_and_copier = (CY_APP_FOR_STACK_AND_COPIER == 0x1)?0x1:0x0

.text           0x00000000      0xb30
 CREATE_OBJECT_SYMBOLS
                0x00000000                PROVIDE (__cy_interrupt_vector, RomVectors)
 *(.romvectors)
 .romvectors    0x00000000       0x10 .\CortexM0\ARM_GCC_493\Debug\Cm0Start.o
                0x00000000                RomVectors
                0x00000001                ASSERT ((. != __cy_interrupt_vector), No interrupt vector)
                0x00000001                ASSERT (CY_APPL_ORIGIN?(SIZEOF (.cybootloader) <= CY_APPL_ORIGIN):0x1, Wrong image location)
                0x00000010                PROVIDE (__cy_reset, Reset)
 *(.text.Reset)
 .text.Reset    0x00000010        0x8 .\CortexM0\ARM_GCC_493\Debug\Cm0Start.o
                0x00000010                Reset
                0x00000001                ASSERT ((. != __cy_reset), No reset code)
 *(.psocinit)
 .psocinit      0x00000018      0x340 .\CortexM0\ARM_GCC_493\Debug\SingleBoardDesign-046.a(cyfitter_cfg.o)
                0x00000128                cyfitter_cfg
                0x00000358                . = MAX (., 0x100)
 *(.text .text.* .gnu.linkonce.t.*)
 .text          0x00000358       0x60 c:/program files (x86)/cypress/psoc creator/3.3/psoc creator/import/gnu/arm/4.9.3/bin/../lib/gcc/arm-none-eabi/4.9.3/armv6-m/crtbegin.o
 .text.main     0x000003b8        0x4 .\CortexM0\ARM_GCC_493\Debug\main.o
                0x000003b8                main
 .text.IntDefaultHandler
                0x000003bc        0x4 .\CortexM0\ARM_GCC_493\Debug\Cm0Start.o
                0x000003bc                IntDefaultHandler
 .text.Start_c  0x000003c0       0x48 .\CortexM0\ARM_GCC_493\Debug\Cm0Start.o
                0x000003c0                Start_c
 .text.initialize_psoc
                0x00000408       0x54 .\CortexM0\ARM_GCC_493\Debug\Cm0Start.o
                0x00000408                initialize_psoc
 .text.cfg_write_bytes32
                0x0000045c       0x34 .\CortexM0\ARM_GCC_493\Debug\SingleBoardDesign-046.a(cyfitter_cfg.o)
 .text.CYMEMZERO
                0x00000490        0xc .\CortexM0\ARM_GCC_493\Debug\SingleBoardDesign-046.a(cyfitter_cfg.o)
 .text.SetAnalogRoutingPumps
                0x0000049c       0x20 .\CortexM0\ARM_GCC_493\Debug\SingleBoardDesign-046.a(cyfitter_cfg.o)
                0x0000049c                SetAnalogRoutingPumps
 .text.AnalogSetDefault
                0x000004bc       0x4c .\CortexM0\ARM_GCC_493\Debug\SingleBoardDesign-046.a(cyfitter_cfg.o)
 .text.CySysClkImoDisableWcoLock
                0x00000508       0x14 .\CortexM0\ARM_GCC_493\Debug\SingleBoardDesign-046.a(CyLib.o)
                0x00000508                CySysClkImoDisableWcoLock
 .text.CySysClkImoGetWcoLock
                0x0000051c       0x14 .\CortexM0\ARM_GCC_493\Debug\SingleBoardDesign-046.a(CyLib.o)
                0x0000051c                CySysClkImoGetWcoLock
 .text.CySysClkImoEnableUsbLock
                0x00000530       0x3c .\CortexM0\ARM_GCC_493\Debug\SingleBoardDesign-046.a(CyLib.o)
                0x00000530                CySysClkImoEnableUsbLock
 .text.CySysClkImoDisableUsbLock
                0x0000056c       0x28 .\CortexM0\ARM_GCC_493\Debug\SingleBoardDesign-046.a(CyLib.o)
                0x0000056c                CySysClkImoDisableUsbLock
 .text.CySysClkImoGetUsbLock
                0x00000594       0x14 .\CortexM0\ARM_GCC_493\Debug\SingleBoardDesign-046.a(CyLib.o)
                0x00000594                CySysClkImoGetUsbLock
 .text.CyIntEnable
                0x000005a8       0x14 .\CortexM0\ARM_GCC_493\Debug\SingleBoardDesign-046.a(CyLib.o)
                0x000005a8                CyIntEnable
 .text.CyHalt   0x000005bc        0x4 .\CortexM0\ARM_GCC_493\Debug\SingleBoardDesign-046.a(CyLib.o)
                0x000005bc                CyHalt
 .text.CyIntSetVector
                0x000005c0       0x24 .\CortexM0\ARM_GCC_493\Debug\SingleBoardDesign-046.a(CyLib.o)
                0x000005c0                CyIntSetVector
 .text.CyDelay  0x000005e4       0x30 .\CortexM0\ARM_GCC_493\Debug\SingleBoardDesign-046.a(CyLib.o)
                0x000005e4                CyDelay
 .text.CySysClkImoEnableWcoLock
                0x00000614       0xf4 .\CortexM0\ARM_GCC_493\Debug\SingleBoardDesign-046.a(CyLib.o)
                0x00000614                CySysClkImoEnableWcoLock
 .text.CyDelayUs
                0x00000708       0x14 .\CortexM0\ARM_GCC_493\Debug\SingleBoardDesign-046.a(CyLib.o)
                0x00000708                CyDelayUs
 .text.CySysClkWriteImoFreq
                0x0000071c      0x1e0 .\CortexM0\ARM_GCC_493\Debug\SingleBoardDesign-046.a(CyLib.o)
                0x0000071c                CySysClkWriteImoFreq
 .text.CySysWdtLocked
                0x000008fc       0x14 .\CortexM0\ARM_GCC_493\Debug\SingleBoardDesign-046.a(CyLFClk.o)
 .text.CySysClkWcoEnabled
                0x00000910       0x14 .\CortexM0\ARM_GCC_493\Debug\SingleBoardDesign-046.a(CyLFClk.o)
                0x00000910                CySysClkWcoEnabled
 .text.CySysWdtLock
                0x00000924       0x1c .\CortexM0\ARM_GCC_493\Debug\SingleBoardDesign-046.a(CyLFClk.o)
                0x00000924                CySysWdtLock
 .text.CySysWdtUnlock
                0x00000940       0x30 .\CortexM0\ARM_GCC_493\Debug\SingleBoardDesign-046.a(CyLFClk.o)
                0x00000940                CySysWdtUnlock
 .text.CySysWdtClearInterrupt
                0x00000970       0x4c .\CortexM0\ARM_GCC_493\Debug\SingleBoardDesign-046.a(CyLFClk.o)
                0x00000970                CySysWdtClearInterrupt
 .text.CySysWdtIsr
                0x000009bc       0xa4 .\CortexM0\ARM_GCC_493\Debug\SingleBoardDesign-046.a(CyLFClk.o)
                0x000009bc                CySysWdtIsr
 .text          0x00000a60       0x20 .\CortexM0\ARM_GCC_493\Debug\SingleBoardDesign-046.a(CyBootAsmGnu.o)
                0x00000a60                CyDelayCycles
                0x00000a72                CyEnterCriticalSection
                0x00000a7a                CyExitCriticalSection
 .text.CySysFlashSetWaitCycles
                0x00000a80       0x54 .\CortexM0\ARM_GCC_493\Debug\SingleBoardDesign-046.a(CyFlash.o)
                0x00000a80                CySysFlashSetWaitCycles
 .text.__libc_init_array
                0x00000ad4       0x4c c:/program files (x86)/cypress/psoc creator/3.3/psoc creator/import/gnu/arm/4.9.3/bin/../lib/gcc/arm-none-eabi/4.9.3/../../../../arm-none-eabi/lib/armv6-m\libg_nano.a(lib_a-init.o)
                0x00000ad4                __libc_init_array
 .text.memset   0x00000b20       0x10 c:/program files (x86)/cypress/psoc creator/3.3/psoc creator/import/gnu/arm/4.9.3/bin/../lib/gcc/arm-none-eabi/4.9.3/../../../../arm-none-eabi/lib/armv6-m\libg_nano.a(lib_a-memset.o)
                0x00000b20                memset
 *(.plt)
 *(.gnu.warning)
 *(.glue_7t)
 .glue_7t       0x00000000        0x0 linker stubs
 *(.glue_7)
 .glue_7        0x00000000        0x0 linker stubs
 *(.vfp11_veneer)
 .vfp11_veneer  0x00000000        0x0 linker stubs
 *(.bootloader)
 *(.ARM.extab* .gnu.linkonce.armextab.*)
 *(.gcc_except_table)

.v4_bx          0x00000b30        0x0
 .v4_bx         0x00000000        0x0 linker stubs

.iplt           0x00000b30        0x0
 .iplt          0x00000000        0x0 c:/program files (x86)/cypress/psoc creator/3.3/psoc creator/import/gnu/arm/4.9.3/bin/../lib/gcc/arm-none-eabi/4.9.3/armv6-m/crtbegin.o

.eh_frame_hdr
 *(.eh_frame_hdr)

.eh_frame       0x00000b30        0x4
 *(.eh_frame)
 .eh_frame      0x00000b30        0x0 c:/program files (x86)/cypress/psoc creator/3.3/psoc creator/import/gnu/arm/4.9.3/bin/../lib/gcc/arm-none-eabi/4.9.3/armv6-m/crtbegin.o
 .eh_frame      0x00000b30        0x4 c:/program files (x86)/cypress/psoc creator/3.3/psoc creator/import/gnu/arm/4.9.3/bin/../lib/gcc/arm-none-eabi/4.9.3/armv6-m/crtend.o
                0x00000b34                PROVIDE (__exidx_start, .)

.ARM.exidx
 *(.ARM.exidx* .gnu.linkonce.armexidx.*)
                0x00000b34                __exidx_end = .

.rodata         0x00000b34      0x774
 *(.rodata .rodata.* .gnu.linkonce.r.*)
 .rodata        0x00000b34      0x6f8 .\CortexM0\ARM_GCC_493\Debug\SingleBoardDesign-046.a(cyfitter_cfg.o)
 .rodata        0x0000122c       0x48 .\CortexM0\ARM_GCC_493\Debug\SingleBoardDesign-046.a(CyLib.o)
                0x0000122c                cyImoFreqMhz2Reg
                0x0000125c                cyImoFreqMhz2DpllOffset
                0x00001274                . = ALIGN (0x4)
 *(.init)
 .init          0x00001274        0x4 c:/program files (x86)/cypress/psoc creator/3.3/psoc creator/import/gnu/arm/4.9.3/bin/../lib/gcc/arm-none-eabi/4.9.3/armv6-m/crti.o
                0x00001274                _init
 .init          0x00001278        0x8 c:/program files (x86)/cypress/psoc creator/3.3/psoc creator/import/gnu/arm/4.9.3/bin/../lib/gcc/arm-none-eabi/4.9.3/armv6-m/crtn.o
                0x00001280                . = ALIGN (0x4)
                0x00001280                __preinit_array_start = .
 *(.preinit_array)
                0x00001280                __preinit_array_end = .
                0x00001280                . = ALIGN (0x4)
                0x00001280                __init_array_start = .
 *(SORT(.init_array.*))
 *(.init_array)
 .init_array    0x00001280        0x4 c:/program files (x86)/cypress/psoc creator/3.3/psoc creator/import/gnu/arm/4.9.3/bin/../lib/gcc/arm-none-eabi/4.9.3/armv6-m/crtbegin.o
 .init_array    0x00001284        0x4 .\CortexM0\ARM_GCC_493\Debug\Cm0Start.o
                0x00001288                __init_array_end = .
                0x00001288                . = ALIGN (0x4)
 *(.fini)
 .fini          0x00001288        0x4 c:/program files (x86)/cypress/psoc creator/3.3/psoc creator/import/gnu/arm/4.9.3/bin/../lib/gcc/arm-none-eabi/4.9.3/armv6-m/crti.o
                0x00001288                _fini
 .fini          0x0000128c        0x8 c:/program files (x86)/cypress/psoc creator/3.3/psoc creator/import/gnu/arm/4.9.3/bin/../lib/gcc/arm-none-eabi/4.9.3/armv6-m/crtn.o
                0x00001294                . = ALIGN (0x4)
                0x00001294                __fini_array_start = .
 *(.fini_array)
 .fini_array    0x00001294        0x4 c:/program files (x86)/cypress/psoc creator/3.3/psoc creator/import/gnu/arm/4.9.3/bin/../lib/gcc/arm-none-eabi/4.9.3/armv6-m/crtbegin.o
 *(SORT(.fini_array.*))
                0x00001298                __fini_array_end = .
                0x00001298                . = ALIGN (0x4)
 *crtbegin.o(.ctors)
 *(EXCLUDE_FILE(*crtend.o) .ctors)
 *(SORT(.ctors.*))
 *crtend.o(.ctors)
                0x00001298                . = ALIGN (0x4)
 *crtbegin.o(.dtors)
 *(EXCLUDE_FILE(*crtend.o) .dtors)
 *(SORT(.dtors.*))
 *crtend.o(.dtors)
                0x00001298                . = ALIGN (0x4)
                0x00001298                __cy_regions = .
                0x00001298        0x4 LONG 0x12a8 __cy_region_init_ram
                0x0000129c        0x4 LONG 0x200000c8 __cy_region_start_data
                0x000012a0        0x4 LONG 0x18 __cy_region_init_size_ram
                0x000012a4        0x4 LONG 0x58 __cy_region_zero_size_ram
                0x000012a8                __cy_regions_end = .
                0x000012a8                . = ALIGN (0x8)
                0x000012a8                _etext = .

.cy_checksum_exclude
                0x000012a8        0x0
 *(.cy_checksum_exclude)

.ramvectors     0x20000000       0xc0
                0x20000000                __cy_region_start_ram = .
 *(.ramvectors)
 .ramvectors    0x20000000       0xc0 .\CortexM0\ARM_GCC_493\Debug\Cm0Start.o
                0x20000000                CyRamVectors

.noinit         0x200000c0        0x4
 *(.noinit)
 .noinit        0x200000c0        0x4 .\CortexM0\ARM_GCC_493\Debug\Cm0Start.o

.data           0x200000c8       0x18 load address 0x000012a8
                0x200000c8                __cy_region_start_data = .
 *(.jcr)
 .jcr           0x200000c8        0x0 c:/program files (x86)/cypress/psoc creator/3.3/psoc creator/import/gnu/arm/4.9.3/bin/../lib/gcc/arm-none-eabi/4.9.3/armv6-m/crtbegin.o
 .jcr           0x200000c8        0x4 c:/program files (x86)/cypress/psoc creator/3.3/psoc creator/import/gnu/arm/4.9.3/bin/../lib/gcc/arm-none-eabi/4.9.3/armv6-m/crtend.o
 *(.got.plt)
 *(.got)
 *(.shdata)
 *(.data .data.* .gnu.linkonce.d.*)
 .data          0x200000cc       0x10 .\CortexM0\ARM_GCC_493\Debug\SingleBoardDesign-046.a(CyLib.o)
                0x200000cc                cydelay32kMs
                0x200000d0                cydelayFreqKhz
                0x200000d4                cydelayFreqMhz
                0x200000d8                cydelayFreqHz
 .data          0x200000dc        0x4 .\CortexM0\ARM_GCC_493\Debug\SingleBoardDesign-046.a(CyLFClk.o)
                0x200000e0                . = ALIGN (0x8)
 *(.ram)
                0x200000e0                _edata = .

.igot.plt       0x200000e0        0x0 load address 0x000012c0
 .igot.plt      0x00000000        0x0 c:/program files (x86)/cypress/psoc creator/3.3/psoc creator/import/gnu/arm/4.9.3/bin/../lib/gcc/arm-none-eabi/4.9.3/armv6-m/crtbegin.o

.bss            0x200000e0       0x58 load address 0x000012c0
                0x200000e0                PROVIDE (__bss_start__, .)
 *(.shbss)
 *(.bss .bss.* .gnu.linkonce.b.*)
 .bss           0x200000e0       0x1c c:/program files (x86)/cypress/psoc creator/3.3/psoc creator/import/gnu/arm/4.9.3/bin/../lib/gcc/arm-none-eabi/4.9.3/armv6-m/crtbegin.o
 .bss           0x200000fc       0x1c .\CortexM0\ARM_GCC_493\Debug\SingleBoardDesign-046.a(CyLib.o)
                0x200000fc                CySysClkImoTrim4
                0x20000114                CySysTickInitVar
 .bss           0x20000118       0x1c .\CortexM0\ARM_GCC_493\Debug\SingleBoardDesign-046.a(CyLFClk.o)
 *(COMMON)
                0x20000138                . = ALIGN (0x8)
 *fill*         0x20000134        0x4 
 *(.ram.b)
                0x20000138                _end = .
                0x20000138                __end = .
                0x20000138                PROVIDE (end, .)
                0x20000138                PROVIDE (__bss_end__, .)
                0x000012a8                __cy_region_init_ram = LOADADDR (.data)
                0x00000018                __cy_region_init_size_ram = (_edata - ADDR (.data))
                0x00000058                __cy_region_zero_size_ram = (_end - _edata)

.heap           0x20000138       0x80 load address 0x000012c0
                0x20000138                . = _end
                0x200001b8                . = (. + 0x80)
 *fill*         0x20000138       0x80 
                0x200001b8                __cy_heap_limit = .

.stack          0x20007800      0x800
                0x20007800                __cy_stack_limit = .
                0x20008000                . = (. + 0x800)
 *fill*         0x20007800      0x800 
                0x00000001                ASSERT ((__cy_stack_limit >= __cy_heap_limit), region RAM overflowed with stack)
                0x00000000                cy_checksum_exclude_size = (CY_APPL_LOADABLE == 0x1)?SIZEOF (.cy_checksum_exclude):0x0
                0x00000001                ASSERT ((cy_checksum_exclude_size <= CY_CHECKSUM_EXCLUDE_SIZE), CY_BOOT: Section .cy_checksum_exclude size exceedes specified limit.)
                0x0003ffc0                cyloadermeta_start = (cy_project_type_bootloader || cy_project_type_app_for_stack_and_copier)?(0x40000 - CY_METADATA_SIZE):0xf0000000

.cyloadermeta
 *(.cyloadermeta)
                0x0003ffc0                cyloadablemeta_start = cy_project_type_app_for_stack_and_copier?((0x40000 - CY_FLASH_ROW_SIZE) - CY_METADATA_SIZE):((0x40000 - (CY_FLASH_ROW_SIZE * (CY_APPL_NUM - 0x1))) - CY_METADATA_SIZE)

.cyloadablemeta
 *(.cyloadablemeta)

.cyflashprotect
                0x90400000       0x80
 *(.cyflashprotect)
 .cyflashprotect
                0x90400000       0x80 .\CortexM0\ARM_GCC_493\Debug\cymetadata.o
                0x90400000                cy_meta_flashprotect

.cymeta         0x90500000        0xc
 *(.cymeta)
 .cymeta        0x90500000        0xc .\CortexM0\ARM_GCC_493\Debug\cymetadata.o
                0x90500000                cy_metadata

.cychipprotect  0x90600000        0x4
 *(.cychipprotect)
 .cychipprotect
                0x90600000        0x4 .\CortexM0\ARM_GCC_493\Debug\cymetadata.o
                0x90600000                cy_meta_chipprotect

.rel.dyn        0x000012c0        0x0 load address 0x90600004
 .rel.iplt      0x00000000        0x0 c:/program files (x86)/cypress/psoc creator/3.3/psoc creator/import/gnu/arm/4.9.3/bin/../lib/gcc/arm-none-eabi/4.9.3/armv6-m/crtbegin.o

.stab
 *(.stab)

.stabstr
 *(.stabstr)

.debug
 *(.debug)

.line
 *(.line)

.debug_srcinfo
 *(.debug_srcinfo)

.debug_sfnames
 *(.debug_sfnames)

.debug_aranges  0x00000000      0x4c8
 *(.debug_aranges)
 .debug_aranges
                0x00000000       0x20 .\CortexM0\ARM_GCC_493\Debug\main.o
 .debug_aranges
                0x00000020       0x18 .\CortexM0\ARM_GCC_493\Debug\cymetadata.o
 .debug_aranges
                0x00000038       0x48 .\CortexM0\ARM_GCC_493\Debug\Cm0Start.o
 .debug_aranges
                0x00000080       0x48 .\CortexM0\ARM_GCC_493\Debug\SingleBoardDesign-046.a(cyfitter_cfg.o)
 .debug_aranges
                0x000000c8      0x250 .\CortexM0\ARM_GCC_493\Debug\SingleBoardDesign-046.a(CyLib.o)
 .debug_aranges
                0x00000318      0x150 .\CortexM0\ARM_GCC_493\Debug\SingleBoardDesign-046.a(CyLFClk.o)
 .debug_aranges
                0x00000468       0x20 .\CortexM0\ARM_GCC_493\Debug\SingleBoardDesign-046.a(CyBootAsmGnu.o)
 .debug_aranges
                0x00000488       0x40 .\CortexM0\ARM_GCC_493\Debug\SingleBoardDesign-046.a(CyFlash.o)

.debug_pubnames
 *(.debug_pubnames)

.debug_info     0x00000000     0x320b
 *(.debug_info .gnu.linkonce.wi.*)
 .debug_info    0x00000000       0x9d .\CortexM0\ARM_GCC_493\Debug\main.o
 .debug_info    0x0000009d       0xfe .\CortexM0\ARM_GCC_493\Debug\cymetadata.o
 .debug_info    0x0000019b      0x38e .\CortexM0\ARM_GCC_493\Debug\Cm0Start.o
 .debug_info    0x00000529      0x434 .\CortexM0\ARM_GCC_493\Debug\SingleBoardDesign-046.a(cyfitter_cfg.o)
 .debug_info    0x0000095d     0x16f1 .\CortexM0\ARM_GCC_493\Debug\SingleBoardDesign-046.a(CyLib.o)
 .debug_info    0x0000204e      0xdbd .\CortexM0\ARM_GCC_493\Debug\SingleBoardDesign-046.a(CyLFClk.o)
 .debug_info    0x00002e0b       0x93 .\CortexM0\ARM_GCC_493\Debug\SingleBoardDesign-046.a(CyBootAsmGnu.o)
 .debug_info    0x00002e9e      0x36d .\CortexM0\ARM_GCC_493\Debug\SingleBoardDesign-046.a(CyFlash.o)

.debug_abbrev   0x00000000      0xb7f
 *(.debug_abbrev)
 .debug_abbrev  0x00000000       0x42 .\CortexM0\ARM_GCC_493\Debug\main.o
 .debug_abbrev  0x00000042       0x5d .\CortexM0\ARM_GCC_493\Debug\cymetadata.o
 .debug_abbrev  0x0000009f      0x1d5 .\CortexM0\ARM_GCC_493\Debug\Cm0Start.o
 .debug_abbrev  0x00000274      0x214 .\CortexM0\ARM_GCC_493\Debug\SingleBoardDesign-046.a(cyfitter_cfg.o)
 .debug_abbrev  0x00000488      0x2b5 .\CortexM0\ARM_GCC_493\Debug\SingleBoardDesign-046.a(CyLib.o)
 .debug_abbrev  0x0000073d      0x26d .\CortexM0\ARM_GCC_493\Debug\SingleBoardDesign-046.a(CyLFClk.o)
 .debug_abbrev  0x000009aa       0x14 .\CortexM0\ARM_GCC_493\Debug\SingleBoardDesign-046.a(CyBootAsmGnu.o)
 .debug_abbrev  0x000009be      0x1c1 .\CortexM0\ARM_GCC_493\Debug\SingleBoardDesign-046.a(CyFlash.o)

.debug_line     0x00000000     0x136b
 *(.debug_line)
 .debug_line    0x00000000       0x3e .\CortexM0\ARM_GCC_493\Debug\main.o
 .debug_line    0x0000003e       0x53 .\CortexM0\ARM_GCC_493\Debug\cymetadata.o
 .debug_line    0x00000091      0x249 .\CortexM0\ARM_GCC_493\Debug\Cm0Start.o
 .debug_line    0x000002da      0x1c4 .\CortexM0\ARM_GCC_493\Debug\SingleBoardDesign-046.a(cyfitter_cfg.o)
 .debug_line    0x0000049e      0x84f .\CortexM0\ARM_GCC_493\Debug\SingleBoardDesign-046.a(CyLib.o)
 .debug_line    0x00000ced      0x4cf .\CortexM0\ARM_GCC_493\Debug\SingleBoardDesign-046.a(CyLFClk.o)
 .debug_line    0x000011bc       0x68 .\CortexM0\ARM_GCC_493\Debug\SingleBoardDesign-046.a(CyBootAsmGnu.o)
 .debug_line    0x00001224      0x147 .\CortexM0\ARM_GCC_493\Debug\SingleBoardDesign-046.a(CyFlash.o)

.debug_frame    0x00000000      0xdc8
 *(.debug_frame)
 .debug_frame   0x00000000       0x20 .\CortexM0\ARM_GCC_493\Debug\main.o
 .debug_frame   0x00000020       0xb0 .\CortexM0\ARM_GCC_493\Debug\Cm0Start.o
 .debug_frame   0x000000d0       0xb4 .\CortexM0\ARM_GCC_493\Debug\SingleBoardDesign-046.a(cyfitter_cfg.o)
 .debug_frame   0x00000184      0x6b8 .\CortexM0\ARM_GCC_493\Debug\SingleBoardDesign-046.a(CyLib.o)
 .debug_frame   0x0000083c      0x400 .\CortexM0\ARM_GCC_493\Debug\SingleBoardDesign-046.a(CyLFClk.o)
 .debug_frame   0x00000c3c       0x90 .\CortexM0\ARM_GCC_493\Debug\SingleBoardDesign-046.a(CyFlash.o)
 .debug_frame   0x00000ccc       0x20 c:/program files (x86)/cypress/psoc creator/3.3/psoc creator/import/gnu/arm/4.9.3/bin/../lib/gcc/arm-none-eabi/4.9.3/armv6-m\libgcc.a(_udivsi3.o)
 .debug_frame   0x00000cec       0x20 c:/program files (x86)/cypress/psoc creator/3.3/psoc creator/import/gnu/arm/4.9.3/bin/../lib/gcc/arm-none-eabi/4.9.3/armv6-m\libgcc.a(_divsi3.o)
 .debug_frame   0x00000d0c       0x20 c:/program files (x86)/cypress/psoc creator/3.3/psoc creator/import/gnu/arm/4.9.3/bin/../lib/gcc/arm-none-eabi/4.9.3/../../../../arm-none-eabi/lib/armv6-m\libg_nano.a(lib_a-errno.o)
 .debug_frame   0x00000d2c       0x28 c:/program files (x86)/cypress/psoc creator/3.3/psoc creator/import/gnu/arm/4.9.3/bin/../lib/gcc/arm-none-eabi/4.9.3/../../../../arm-none-eabi/lib/armv6-m\libg_nano.a(lib_a-exit.o)
 .debug_frame   0x00000d54       0x2c c:/program files (x86)/cypress/psoc creator/3.3/psoc creator/import/gnu/arm/4.9.3/bin/../lib/gcc/arm-none-eabi/4.9.3/../../../../arm-none-eabi/lib/armv6-m\libg_nano.a(lib_a-init.o)
 .debug_frame   0x00000d80       0x28 c:/program files (x86)/cypress/psoc creator/3.3/psoc creator/import/gnu/arm/4.9.3/bin/../lib/gcc/arm-none-eabi/4.9.3/../../../../arm-none-eabi/lib/armv6-m\libg_nano.a(lib_a-memcpy.o)
 .debug_frame   0x00000da8       0x20 c:/program files (x86)/cypress/psoc creator/3.3/psoc creator/import/gnu/arm/4.9.3/bin/../lib/gcc/arm-none-eabi/4.9.3/../../../../arm-none-eabi/lib/armv6-m\libg_nano.a(lib_a-memset.o)

.debug_str      0x00000000     0x12e9
 *(.debug_str)
 .debug_str     0x00000000      0x145 .\CortexM0\ARM_GCC_493\Debug\main.o
                                0x17e (size before relaxing)
 .debug_str     0x00000145       0x61 .\CortexM0\ARM_GCC_493\Debug\cymetadata.o
                                0x1d1 (size before relaxing)
 .debug_str     0x000001a6      0x163 .\CortexM0\ARM_GCC_493\Debug\Cm0Start.o
                                0x2f8 (size before relaxing)
 .debug_str     0x00000309      0x13a .\CortexM0\ARM_GCC_493\Debug\SingleBoardDesign-046.a(cyfitter_cfg.o)
                                0x307 (size before relaxing)
 .debug_str     0x00000443      0x8db .\CortexM0\ARM_GCC_493\Debug\SingleBoardDesign-046.a(CyLib.o)
                                0xad5 (size before relaxing)
 .debug_str     0x00000d1e      0x517 .\CortexM0\ARM_GCC_493\Debug\SingleBoardDesign-046.a(CyLFClk.o)
                                0x721 (size before relaxing)
 .debug_str     0x00001235       0xb4 .\CortexM0\ARM_GCC_493\Debug\SingleBoardDesign-046.a(CyFlash.o)
                                0x2a7 (size before relaxing)

.debug_loc      0x00000000     0x23ba
 *(.debug_loc)
 .debug_loc     0x00000000      0x14f .\CortexM0\ARM_GCC_493\Debug\Cm0Start.o
 .debug_loc     0x0000014f      0x136 .\CortexM0\ARM_GCC_493\Debug\SingleBoardDesign-046.a(cyfitter_cfg.o)
 .debug_loc     0x00000285     0x174c .\CortexM0\ARM_GCC_493\Debug\SingleBoardDesign-046.a(CyLib.o)
 .debug_loc     0x000019d1      0x8a2 .\CortexM0\ARM_GCC_493\Debug\SingleBoardDesign-046.a(CyLFClk.o)
 .debug_loc     0x00002273      0x147 .\CortexM0\ARM_GCC_493\Debug\SingleBoardDesign-046.a(CyFlash.o)

.debug_macinfo
 *(.debug_macinfo)

.debug_ranges   0x00000000      0x430
 *(.debug_ranges)
 .debug_ranges  0x00000000       0x10 .\CortexM0\ARM_GCC_493\Debug\main.o
 .debug_ranges  0x00000010       0x38 .\CortexM0\ARM_GCC_493\Debug\Cm0Start.o
 .debug_ranges  0x00000048       0x38 .\CortexM0\ARM_GCC_493\Debug\SingleBoardDesign-046.a(cyfitter_cfg.o)
 .debug_ranges  0x00000080      0x240 .\CortexM0\ARM_GCC_493\Debug\SingleBoardDesign-046.a(CyLib.o)
 .debug_ranges  0x000002c0      0x140 .\CortexM0\ARM_GCC_493\Debug\SingleBoardDesign-046.a(CyLFClk.o)
 .debug_ranges  0x00000400       0x30 .\CortexM0\ARM_GCC_493\Debug\SingleBoardDesign-046.a(CyFlash.o)

.comment        0x00000000       0x70
 .comment       0x00000000       0x70 .\CortexM0\ARM_GCC_493\Debug\main.o
                                 0x71 (size before relaxing)
 .comment       0x00000000       0x71 .\CortexM0\ARM_GCC_493\Debug\cymetadata.o
 .comment       0x00000000       0x71 .\CortexM0\ARM_GCC_493\Debug\Cm0Start.o
 .comment       0x00000000       0x71 .\CortexM0\ARM_GCC_493\Debug\SingleBoardDesign-046.a(cyfitter_cfg.o)
 .comment       0x00000000       0x71 .\CortexM0\ARM_GCC_493\Debug\SingleBoardDesign-046.a(CyLib.o)
 .comment       0x00000000       0x71 .\CortexM0\ARM_GCC_493\Debug\SingleBoardDesign-046.a(CyLFClk.o)
 .comment       0x00000000       0x71 .\CortexM0\ARM_GCC_493\Debug\SingleBoardDesign-046.a(CyFlash.o)

.debug_weaknames
 *(.debug_weaknames)

.debug_funcnames
 *(.debug_funcnames)

.debug_typenames
 *(.debug_typenames)

.debug_varnames
 *(.debug_varnames)

.note.gnu.arm.ident
 *(.note.gnu.arm.ident)

.ARM.attributes
                0x00000000       0x28
 *(.ARM.attributes)
 .ARM.attributes
                0x00000000       0x1e c:/program files (x86)/cypress/psoc creator/3.3/psoc creator/import/gnu/arm/4.9.3/bin/../lib/gcc/arm-none-eabi/4.9.3/armv6-m/crti.o
 .ARM.attributes
                0x0000001e       0x2c c:/program files (x86)/cypress/psoc creator/3.3/psoc creator/import/gnu/arm/4.9.3/bin/../lib/gcc/arm-none-eabi/4.9.3/armv6-m/crtbegin.o
 .ARM.attributes
                0x0000004a       0x1b c:/program files (x86)/cypress/psoc creator/3.3/psoc creator/import/gnu/arm/4.9.3/bin/../lib/gcc/arm-none-eabi/4.9.3/../../../../arm-none-eabi/lib/armv6-m/crt0.o
 .ARM.attributes
                0x00000065       0x31 .\CortexM0\ARM_GCC_493\Debug\main.o
 .ARM.attributes
                0x00000096       0x31 .\CortexM0\ARM_GCC_493\Debug\cymetadata.o
 .ARM.attributes
                0x000000c7       0x31 .\CortexM0\ARM_GCC_493\Debug\Cm0Start.o
 .ARM.attributes
                0x000000f8       0x31 .\CortexM0\ARM_GCC_493\Debug\SingleBoardDesign-046.a(cyfitter_cfg.o)
 .ARM.attributes
                0x00000129       0x31 .\CortexM0\ARM_GCC_493\Debug\SingleBoardDesign-046.a(CyLib.o)
 .ARM.attributes
                0x0000015a       0x31 .\CortexM0\ARM_GCC_493\Debug\SingleBoardDesign-046.a(CyLFClk.o)
 .ARM.attributes
                0x0000018b       0x21 .\CortexM0\ARM_GCC_493\Debug\SingleBoardDesign-046.a(CyBootAsmGnu.o)
 .ARM.attributes
                0x000001ac       0x31 .\CortexM0\ARM_GCC_493\Debug\SingleBoardDesign-046.a(CyFlash.o)
 .ARM.attributes
                0x000001dd       0x1e c:/program files (x86)/cypress/psoc creator/3.3/psoc creator/import/gnu/arm/4.9.3/bin/../lib/gcc/arm-none-eabi/4.9.3/armv6-m\libgcc.a(_udivsi3.o)
 .ARM.attributes
                0x000001fb       0x1e c:/program files (x86)/cypress/psoc creator/3.3/psoc creator/import/gnu/arm/4.9.3/bin/../lib/gcc/arm-none-eabi/4.9.3/armv6-m\libgcc.a(_divsi3.o)
 .ARM.attributes
                0x00000219       0x1e c:/program files (x86)/cypress/psoc creator/3.3/psoc creator/import/gnu/arm/4.9.3/bin/../lib/gcc/arm-none-eabi/4.9.3/armv6-m\libgcc.a(_dvmd_tls.o)
 .ARM.attributes
                0x00000237       0x2c c:/program files (x86)/cypress/psoc creator/3.3/psoc creator/import/gnu/arm/4.9.3/bin/../lib/gcc/arm-none-eabi/4.9.3/../../../../arm-none-eabi/lib/armv6-m\libg_nano.a(lib_a-errno.o)
 .ARM.attributes
                0x00000263       0x2c c:/program files (x86)/cypress/psoc creator/3.3/psoc creator/import/gnu/arm/4.9.3/bin/../lib/gcc/arm-none-eabi/4.9.3/../../../../arm-none-eabi/lib/armv6-m\libg_nano.a(lib_a-exit.o)
 .ARM.attributes
                0x0000028f       0x2c c:/program files (x86)/cypress/psoc creator/3.3/psoc creator/import/gnu/arm/4.9.3/bin/../lib/gcc/arm-none-eabi/4.9.3/../../../../arm-none-eabi/lib/armv6-m\libg_nano.a(lib_a-impure.o)
 .ARM.attributes
                0x000002bb       0x2c c:/program files (x86)/cypress/psoc creator/3.3/psoc creator/import/gnu/arm/4.9.3/bin/../lib/gcc/arm-none-eabi/4.9.3/../../../../arm-none-eabi/lib/armv6-m\libg_nano.a(lib_a-init.o)
 .ARM.attributes
                0x000002e7       0x2c c:/program files (x86)/cypress/psoc creator/3.3/psoc creator/import/gnu/arm/4.9.3/bin/../lib/gcc/arm-none-eabi/4.9.3/../../../../arm-none-eabi/lib/armv6-m\libg_nano.a(lib_a-memcpy.o)
 .ARM.attributes
                0x00000313       0x2c c:/program files (x86)/cypress/psoc creator/3.3/psoc creator/import/gnu/arm/4.9.3/bin/../lib/gcc/arm-none-eabi/4.9.3/../../../../arm-none-eabi/lib/armv6-m\libg_nano.a(lib_a-memset.o)
 .ARM.attributes
                0x0000033f       0x2c c:/program files (x86)/cypress/psoc creator/3.3/psoc creator/import/gnu/arm/4.9.3/bin/../lib/gcc/arm-none-eabi/4.9.3/armv6-m/crtend.o
 .ARM.attributes
                0x0000036b       0x1e c:/program files (x86)/cypress/psoc creator/3.3/psoc creator/import/gnu/arm/4.9.3/bin/../lib/gcc/arm-none-eabi/4.9.3/armv6-m/crtn.o

/DISCARD/
 *(.note.GNU-stack)
OUTPUT(.\CortexM0\ARM_GCC_493\Debug\SingleBoardDesign-046.elf elf32-littlearm)
