ARM GAS  C:\Users\Tim\AppData\Local\Temp\cc3e5dW1.s 			page 1


   1              		.cpu cortex-m0
   2              		.fpu softvfp
   3              		.eabi_attribute 20, 1
   4              		.eabi_attribute 21, 1
   5              		.eabi_attribute 23, 3
   6              		.eabi_attribute 24, 1
   7              		.eabi_attribute 25, 1
   8              		.eabi_attribute 26, 1
   9              		.eabi_attribute 30, 1
  10              		.eabi_attribute 34, 0
  11              		.eabi_attribute 18, 4
  12              		.code	16
  13              		.file	"UARTCOMMS.c"
  14              		.text
  15              	.Ltext0:
  16              		.cfi_sections	.debug_frame
  17              		.section	.text.UARTCOMMS_ScbEnableIntr,"ax",%progbits
  18              		.align	2
  19              		.code	16
  20              		.thumb_func
  21              		.type	UARTCOMMS_ScbEnableIntr, %function
  22              	UARTCOMMS_ScbEnableIntr:
  23              	.LFB9:
  24              		.file 1 ".\\Generated_Source\\PSoC4\\UARTCOMMS.c"
   1:.\Generated_Source\PSoC4/UARTCOMMS.c **** /*******************************************************************************
   2:.\Generated_Source\PSoC4/UARTCOMMS.c **** * File Name: UARTCOMMS.c
   3:.\Generated_Source\PSoC4/UARTCOMMS.c **** * Version 3.10
   4:.\Generated_Source\PSoC4/UARTCOMMS.c **** *
   5:.\Generated_Source\PSoC4/UARTCOMMS.c **** * Description:
   6:.\Generated_Source\PSoC4/UARTCOMMS.c **** *  This file provides the source code to the API for the SCB Component.
   7:.\Generated_Source\PSoC4/UARTCOMMS.c **** *
   8:.\Generated_Source\PSoC4/UARTCOMMS.c **** * Note:
   9:.\Generated_Source\PSoC4/UARTCOMMS.c **** *
  10:.\Generated_Source\PSoC4/UARTCOMMS.c **** *******************************************************************************
  11:.\Generated_Source\PSoC4/UARTCOMMS.c **** * Copyright 2013-2015, Cypress Semiconductor Corporation.  All rights reserved.
  12:.\Generated_Source\PSoC4/UARTCOMMS.c **** * You may use this file only in accordance with the license, terms, conditions,
  13:.\Generated_Source\PSoC4/UARTCOMMS.c **** * disclaimers, and limitations in the end user license agreement accompanying
  14:.\Generated_Source\PSoC4/UARTCOMMS.c **** * the software package with which this file was provided.
  15:.\Generated_Source\PSoC4/UARTCOMMS.c **** *******************************************************************************/
  16:.\Generated_Source\PSoC4/UARTCOMMS.c **** 
  17:.\Generated_Source\PSoC4/UARTCOMMS.c **** #include "UARTCOMMS_PVT.h"
  18:.\Generated_Source\PSoC4/UARTCOMMS.c **** 
  19:.\Generated_Source\PSoC4/UARTCOMMS.c **** #if (UARTCOMMS_SCB_MODE_I2C_INC)
  20:.\Generated_Source\PSoC4/UARTCOMMS.c ****     #include "UARTCOMMS_I2C_PVT.h"
  21:.\Generated_Source\PSoC4/UARTCOMMS.c **** #endif /* (UARTCOMMS_SCB_MODE_I2C_INC) */
  22:.\Generated_Source\PSoC4/UARTCOMMS.c **** 
  23:.\Generated_Source\PSoC4/UARTCOMMS.c **** #if (UARTCOMMS_SCB_MODE_EZI2C_INC)
  24:.\Generated_Source\PSoC4/UARTCOMMS.c ****     #include "UARTCOMMS_EZI2C_PVT.h"
  25:.\Generated_Source\PSoC4/UARTCOMMS.c **** #endif /* (UARTCOMMS_SCB_MODE_EZI2C_INC) */
  26:.\Generated_Source\PSoC4/UARTCOMMS.c **** 
  27:.\Generated_Source\PSoC4/UARTCOMMS.c **** #if (UARTCOMMS_SCB_MODE_SPI_INC || UARTCOMMS_SCB_MODE_UART_INC)
  28:.\Generated_Source\PSoC4/UARTCOMMS.c ****     #include "UARTCOMMS_SPI_UART_PVT.h"
  29:.\Generated_Source\PSoC4/UARTCOMMS.c **** #endif /* (UARTCOMMS_SCB_MODE_SPI_INC || UARTCOMMS_SCB_MODE_UART_INC) */
  30:.\Generated_Source\PSoC4/UARTCOMMS.c **** 
  31:.\Generated_Source\PSoC4/UARTCOMMS.c **** 
  32:.\Generated_Source\PSoC4/UARTCOMMS.c **** /***************************************
  33:.\Generated_Source\PSoC4/UARTCOMMS.c **** *    Run Time Configuration Vars
ARM GAS  C:\Users\Tim\AppData\Local\Temp\cc3e5dW1.s 			page 2


  34:.\Generated_Source\PSoC4/UARTCOMMS.c **** ***************************************/
  35:.\Generated_Source\PSoC4/UARTCOMMS.c **** 
  36:.\Generated_Source\PSoC4/UARTCOMMS.c **** /* Stores internal component configuration for Unconfigured mode */
  37:.\Generated_Source\PSoC4/UARTCOMMS.c **** #if (UARTCOMMS_SCB_MODE_UNCONFIG_CONST_CFG)
  38:.\Generated_Source\PSoC4/UARTCOMMS.c ****     /* Common configuration variables */
  39:.\Generated_Source\PSoC4/UARTCOMMS.c ****     uint8 UARTCOMMS_scbMode = UARTCOMMS_SCB_MODE_UNCONFIG;
  40:.\Generated_Source\PSoC4/UARTCOMMS.c ****     uint8 UARTCOMMS_scbEnableWake;
  41:.\Generated_Source\PSoC4/UARTCOMMS.c ****     uint8 UARTCOMMS_scbEnableIntr;
  42:.\Generated_Source\PSoC4/UARTCOMMS.c **** 
  43:.\Generated_Source\PSoC4/UARTCOMMS.c ****     /* I2C configuration variables */
  44:.\Generated_Source\PSoC4/UARTCOMMS.c ****     uint8 UARTCOMMS_mode;
  45:.\Generated_Source\PSoC4/UARTCOMMS.c ****     uint8 UARTCOMMS_acceptAddr;
  46:.\Generated_Source\PSoC4/UARTCOMMS.c **** 
  47:.\Generated_Source\PSoC4/UARTCOMMS.c ****     /* SPI/UART configuration variables */
  48:.\Generated_Source\PSoC4/UARTCOMMS.c ****     volatile uint8 * UARTCOMMS_rxBuffer;
  49:.\Generated_Source\PSoC4/UARTCOMMS.c ****     uint8  UARTCOMMS_rxDataBits;
  50:.\Generated_Source\PSoC4/UARTCOMMS.c ****     uint32 UARTCOMMS_rxBufferSize;
  51:.\Generated_Source\PSoC4/UARTCOMMS.c **** 
  52:.\Generated_Source\PSoC4/UARTCOMMS.c ****     volatile uint8 * UARTCOMMS_txBuffer;
  53:.\Generated_Source\PSoC4/UARTCOMMS.c ****     uint8  UARTCOMMS_txDataBits;
  54:.\Generated_Source\PSoC4/UARTCOMMS.c ****     uint32 UARTCOMMS_txBufferSize;
  55:.\Generated_Source\PSoC4/UARTCOMMS.c **** 
  56:.\Generated_Source\PSoC4/UARTCOMMS.c ****     /* EZI2C configuration variables */
  57:.\Generated_Source\PSoC4/UARTCOMMS.c ****     uint8 UARTCOMMS_numberOfAddr;
  58:.\Generated_Source\PSoC4/UARTCOMMS.c ****     uint8 UARTCOMMS_subAddrSize;
  59:.\Generated_Source\PSoC4/UARTCOMMS.c **** #endif /* (UARTCOMMS_SCB_MODE_UNCONFIG_CONST_CFG) */
  60:.\Generated_Source\PSoC4/UARTCOMMS.c **** 
  61:.\Generated_Source\PSoC4/UARTCOMMS.c **** 
  62:.\Generated_Source\PSoC4/UARTCOMMS.c **** /***************************************
  63:.\Generated_Source\PSoC4/UARTCOMMS.c **** *     Common SCB Vars
  64:.\Generated_Source\PSoC4/UARTCOMMS.c **** ***************************************/
  65:.\Generated_Source\PSoC4/UARTCOMMS.c **** 
  66:.\Generated_Source\PSoC4/UARTCOMMS.c **** uint8 UARTCOMMS_initVar = 0u;
  67:.\Generated_Source\PSoC4/UARTCOMMS.c **** 
  68:.\Generated_Source\PSoC4/UARTCOMMS.c **** #if (UARTCOMMS_SCB_IRQ_INTERNAL)
  69:.\Generated_Source\PSoC4/UARTCOMMS.c **** #if !defined (CY_REMOVE_UARTCOMMS_CUSTOM_INTR_HANDLER)
  70:.\Generated_Source\PSoC4/UARTCOMMS.c ****     void (*UARTCOMMS_customIntrHandler)(void) = NULL;
  71:.\Generated_Source\PSoC4/UARTCOMMS.c **** #endif /* !defined (CY_REMOVE_UARTCOMMS_CUSTOM_INTR_HANDLER) */
  72:.\Generated_Source\PSoC4/UARTCOMMS.c **** #endif /* (UARTCOMMS_SCB_IRQ_INTERNAL) */
  73:.\Generated_Source\PSoC4/UARTCOMMS.c **** 
  74:.\Generated_Source\PSoC4/UARTCOMMS.c **** 
  75:.\Generated_Source\PSoC4/UARTCOMMS.c **** /***************************************
  76:.\Generated_Source\PSoC4/UARTCOMMS.c **** *    Private Function Prototypes
  77:.\Generated_Source\PSoC4/UARTCOMMS.c **** ***************************************/
  78:.\Generated_Source\PSoC4/UARTCOMMS.c **** 
  79:.\Generated_Source\PSoC4/UARTCOMMS.c **** static void UARTCOMMS_ScbEnableIntr(void);
  80:.\Generated_Source\PSoC4/UARTCOMMS.c **** static void UARTCOMMS_ScbModeStop(void);
  81:.\Generated_Source\PSoC4/UARTCOMMS.c **** static void UARTCOMMS_ScbModePostEnable(void);
  82:.\Generated_Source\PSoC4/UARTCOMMS.c **** 
  83:.\Generated_Source\PSoC4/UARTCOMMS.c **** 
  84:.\Generated_Source\PSoC4/UARTCOMMS.c **** /*******************************************************************************
  85:.\Generated_Source\PSoC4/UARTCOMMS.c **** * Function Name: UARTCOMMS_Init
  86:.\Generated_Source\PSoC4/UARTCOMMS.c **** ********************************************************************************
  87:.\Generated_Source\PSoC4/UARTCOMMS.c **** *
  88:.\Generated_Source\PSoC4/UARTCOMMS.c **** * Summary:
  89:.\Generated_Source\PSoC4/UARTCOMMS.c **** *  Initializes the SCB component to operate in one of the selected
  90:.\Generated_Source\PSoC4/UARTCOMMS.c **** *  configurations: I2C, SPI, UART or EZI2C.
ARM GAS  C:\Users\Tim\AppData\Local\Temp\cc3e5dW1.s 			page 3


  91:.\Generated_Source\PSoC4/UARTCOMMS.c **** *  When the configuration is set to "Unconfigured SCB", this function does
  92:.\Generated_Source\PSoC4/UARTCOMMS.c **** *  not do any initialization. Use mode-specific initialization APIs instead:
  93:.\Generated_Source\PSoC4/UARTCOMMS.c **** *  SCB_I2CInit, SCB_SpiInit, SCB_UartInit or SCB_EzI2CInit.
  94:.\Generated_Source\PSoC4/UARTCOMMS.c **** *
  95:.\Generated_Source\PSoC4/UARTCOMMS.c **** * Parameters:
  96:.\Generated_Source\PSoC4/UARTCOMMS.c **** *  None
  97:.\Generated_Source\PSoC4/UARTCOMMS.c **** *
  98:.\Generated_Source\PSoC4/UARTCOMMS.c **** * Return:
  99:.\Generated_Source\PSoC4/UARTCOMMS.c **** *  None
 100:.\Generated_Source\PSoC4/UARTCOMMS.c **** *
 101:.\Generated_Source\PSoC4/UARTCOMMS.c **** *******************************************************************************/
 102:.\Generated_Source\PSoC4/UARTCOMMS.c **** void UARTCOMMS_Init(void)
 103:.\Generated_Source\PSoC4/UARTCOMMS.c **** {
 104:.\Generated_Source\PSoC4/UARTCOMMS.c **** #if (UARTCOMMS_SCB_MODE_UNCONFIG_CONST_CFG)
 105:.\Generated_Source\PSoC4/UARTCOMMS.c ****     if (UARTCOMMS_SCB_MODE_UNCONFIG_RUNTM_CFG)
 106:.\Generated_Source\PSoC4/UARTCOMMS.c ****     {
 107:.\Generated_Source\PSoC4/UARTCOMMS.c ****         UARTCOMMS_initVar = 0u;
 108:.\Generated_Source\PSoC4/UARTCOMMS.c ****     }
 109:.\Generated_Source\PSoC4/UARTCOMMS.c ****     else
 110:.\Generated_Source\PSoC4/UARTCOMMS.c ****     {
 111:.\Generated_Source\PSoC4/UARTCOMMS.c ****         /* Initialization was done before this function call */
 112:.\Generated_Source\PSoC4/UARTCOMMS.c ****     }
 113:.\Generated_Source\PSoC4/UARTCOMMS.c **** 
 114:.\Generated_Source\PSoC4/UARTCOMMS.c **** #elif (UARTCOMMS_SCB_MODE_I2C_CONST_CFG)
 115:.\Generated_Source\PSoC4/UARTCOMMS.c ****     UARTCOMMS_I2CInit();
 116:.\Generated_Source\PSoC4/UARTCOMMS.c **** 
 117:.\Generated_Source\PSoC4/UARTCOMMS.c **** #elif (UARTCOMMS_SCB_MODE_SPI_CONST_CFG)
 118:.\Generated_Source\PSoC4/UARTCOMMS.c ****     UARTCOMMS_SpiInit();
 119:.\Generated_Source\PSoC4/UARTCOMMS.c **** 
 120:.\Generated_Source\PSoC4/UARTCOMMS.c **** #elif (UARTCOMMS_SCB_MODE_UART_CONST_CFG)
 121:.\Generated_Source\PSoC4/UARTCOMMS.c ****     UARTCOMMS_UartInit();
 122:.\Generated_Source\PSoC4/UARTCOMMS.c **** 
 123:.\Generated_Source\PSoC4/UARTCOMMS.c **** #elif (UARTCOMMS_SCB_MODE_EZI2C_CONST_CFG)
 124:.\Generated_Source\PSoC4/UARTCOMMS.c ****     UARTCOMMS_EzI2CInit();
 125:.\Generated_Source\PSoC4/UARTCOMMS.c **** 
 126:.\Generated_Source\PSoC4/UARTCOMMS.c **** #endif /* (UARTCOMMS_SCB_MODE_UNCONFIG_CONST_CFG) */
 127:.\Generated_Source\PSoC4/UARTCOMMS.c **** }
 128:.\Generated_Source\PSoC4/UARTCOMMS.c **** 
 129:.\Generated_Source\PSoC4/UARTCOMMS.c **** 
 130:.\Generated_Source\PSoC4/UARTCOMMS.c **** /*******************************************************************************
 131:.\Generated_Source\PSoC4/UARTCOMMS.c **** * Function Name: UARTCOMMS_Enable
 132:.\Generated_Source\PSoC4/UARTCOMMS.c **** ********************************************************************************
 133:.\Generated_Source\PSoC4/UARTCOMMS.c **** *
 134:.\Generated_Source\PSoC4/UARTCOMMS.c **** * Summary:
 135:.\Generated_Source\PSoC4/UARTCOMMS.c **** *  Enables the SCB component operation.
 136:.\Generated_Source\PSoC4/UARTCOMMS.c **** *  The SCB configuration should be not changed when the component is enabled.
 137:.\Generated_Source\PSoC4/UARTCOMMS.c **** *  Any configuration changes should be made after disabling the component.
 138:.\Generated_Source\PSoC4/UARTCOMMS.c **** *
 139:.\Generated_Source\PSoC4/UARTCOMMS.c **** * Parameters:
 140:.\Generated_Source\PSoC4/UARTCOMMS.c **** *  None
 141:.\Generated_Source\PSoC4/UARTCOMMS.c **** *
 142:.\Generated_Source\PSoC4/UARTCOMMS.c **** * Return:
 143:.\Generated_Source\PSoC4/UARTCOMMS.c **** *  None
 144:.\Generated_Source\PSoC4/UARTCOMMS.c **** *
 145:.\Generated_Source\PSoC4/UARTCOMMS.c **** *******************************************************************************/
 146:.\Generated_Source\PSoC4/UARTCOMMS.c **** void UARTCOMMS_Enable(void)
 147:.\Generated_Source\PSoC4/UARTCOMMS.c **** {
ARM GAS  C:\Users\Tim\AppData\Local\Temp\cc3e5dW1.s 			page 4


 148:.\Generated_Source\PSoC4/UARTCOMMS.c **** #if (UARTCOMMS_SCB_MODE_UNCONFIG_CONST_CFG)
 149:.\Generated_Source\PSoC4/UARTCOMMS.c ****     /* Enable SCB block, only if it is already configured */
 150:.\Generated_Source\PSoC4/UARTCOMMS.c ****     if (!UARTCOMMS_SCB_MODE_UNCONFIG_RUNTM_CFG)
 151:.\Generated_Source\PSoC4/UARTCOMMS.c ****     {
 152:.\Generated_Source\PSoC4/UARTCOMMS.c ****         UARTCOMMS_CTRL_REG |= UARTCOMMS_CTRL_ENABLED;
 153:.\Generated_Source\PSoC4/UARTCOMMS.c **** 
 154:.\Generated_Source\PSoC4/UARTCOMMS.c ****         UARTCOMMS_ScbEnableIntr();
 155:.\Generated_Source\PSoC4/UARTCOMMS.c **** 
 156:.\Generated_Source\PSoC4/UARTCOMMS.c ****         /* Call PostEnable function specific to current operation mode */
 157:.\Generated_Source\PSoC4/UARTCOMMS.c ****         UARTCOMMS_ScbModePostEnable();
 158:.\Generated_Source\PSoC4/UARTCOMMS.c ****     }
 159:.\Generated_Source\PSoC4/UARTCOMMS.c **** #else
 160:.\Generated_Source\PSoC4/UARTCOMMS.c ****     UARTCOMMS_CTRL_REG |= UARTCOMMS_CTRL_ENABLED;
 161:.\Generated_Source\PSoC4/UARTCOMMS.c **** 
 162:.\Generated_Source\PSoC4/UARTCOMMS.c ****     UARTCOMMS_ScbEnableIntr();
 163:.\Generated_Source\PSoC4/UARTCOMMS.c **** 
 164:.\Generated_Source\PSoC4/UARTCOMMS.c ****     /* Call PostEnable function specific to current operation mode */
 165:.\Generated_Source\PSoC4/UARTCOMMS.c ****     UARTCOMMS_ScbModePostEnable();
 166:.\Generated_Source\PSoC4/UARTCOMMS.c **** #endif /* (UARTCOMMS_SCB_MODE_UNCONFIG_CONST_CFG) */
 167:.\Generated_Source\PSoC4/UARTCOMMS.c **** }
 168:.\Generated_Source\PSoC4/UARTCOMMS.c **** 
 169:.\Generated_Source\PSoC4/UARTCOMMS.c **** 
 170:.\Generated_Source\PSoC4/UARTCOMMS.c **** /*******************************************************************************
 171:.\Generated_Source\PSoC4/UARTCOMMS.c **** * Function Name: UARTCOMMS_Start
 172:.\Generated_Source\PSoC4/UARTCOMMS.c **** ********************************************************************************
 173:.\Generated_Source\PSoC4/UARTCOMMS.c **** *
 174:.\Generated_Source\PSoC4/UARTCOMMS.c **** * Summary:
 175:.\Generated_Source\PSoC4/UARTCOMMS.c **** *  Invokes SCB_Init() and SCB_Enable().
 176:.\Generated_Source\PSoC4/UARTCOMMS.c **** *  After this function call, the component is enabled and ready for operation.
 177:.\Generated_Source\PSoC4/UARTCOMMS.c **** *  When configuration is set to "Unconfigured SCB", the component must first be
 178:.\Generated_Source\PSoC4/UARTCOMMS.c **** *  initialized to operate in one of the following configurations: I2C, SPI, UART
 179:.\Generated_Source\PSoC4/UARTCOMMS.c **** *  or EZ I2C. Otherwise this function does not enable the component.
 180:.\Generated_Source\PSoC4/UARTCOMMS.c **** *
 181:.\Generated_Source\PSoC4/UARTCOMMS.c **** * Parameters:
 182:.\Generated_Source\PSoC4/UARTCOMMS.c **** *  None
 183:.\Generated_Source\PSoC4/UARTCOMMS.c **** *
 184:.\Generated_Source\PSoC4/UARTCOMMS.c **** * Return:
 185:.\Generated_Source\PSoC4/UARTCOMMS.c **** *  None
 186:.\Generated_Source\PSoC4/UARTCOMMS.c **** *
 187:.\Generated_Source\PSoC4/UARTCOMMS.c **** * Global variables:
 188:.\Generated_Source\PSoC4/UARTCOMMS.c **** *  UARTCOMMS_initVar - used to check initial configuration, modified
 189:.\Generated_Source\PSoC4/UARTCOMMS.c **** *  on first function call.
 190:.\Generated_Source\PSoC4/UARTCOMMS.c **** *
 191:.\Generated_Source\PSoC4/UARTCOMMS.c **** *******************************************************************************/
 192:.\Generated_Source\PSoC4/UARTCOMMS.c **** void UARTCOMMS_Start(void)
 193:.\Generated_Source\PSoC4/UARTCOMMS.c **** {
 194:.\Generated_Source\PSoC4/UARTCOMMS.c ****     if (0u == UARTCOMMS_initVar)
 195:.\Generated_Source\PSoC4/UARTCOMMS.c ****     {
 196:.\Generated_Source\PSoC4/UARTCOMMS.c ****         UARTCOMMS_Init();
 197:.\Generated_Source\PSoC4/UARTCOMMS.c ****         UARTCOMMS_initVar = 1u; /* Component was initialized */
 198:.\Generated_Source\PSoC4/UARTCOMMS.c ****     }
 199:.\Generated_Source\PSoC4/UARTCOMMS.c **** 
 200:.\Generated_Source\PSoC4/UARTCOMMS.c ****     UARTCOMMS_Enable();
 201:.\Generated_Source\PSoC4/UARTCOMMS.c **** }
 202:.\Generated_Source\PSoC4/UARTCOMMS.c **** 
 203:.\Generated_Source\PSoC4/UARTCOMMS.c **** 
 204:.\Generated_Source\PSoC4/UARTCOMMS.c **** /*******************************************************************************
ARM GAS  C:\Users\Tim\AppData\Local\Temp\cc3e5dW1.s 			page 5


 205:.\Generated_Source\PSoC4/UARTCOMMS.c **** * Function Name: UARTCOMMS_Stop
 206:.\Generated_Source\PSoC4/UARTCOMMS.c **** ********************************************************************************
 207:.\Generated_Source\PSoC4/UARTCOMMS.c **** *
 208:.\Generated_Source\PSoC4/UARTCOMMS.c **** * Summary:
 209:.\Generated_Source\PSoC4/UARTCOMMS.c **** *  Disables the SCB component and its interrupt.
 210:.\Generated_Source\PSoC4/UARTCOMMS.c **** *  It also disables all TX interrupt sources so as not to cause an unexpected
 211:.\Generated_Source\PSoC4/UARTCOMMS.c **** *  interrupt trigger because after the component is enabled, the TX FIFO 
 212:.\Generated_Source\PSoC4/UARTCOMMS.c **** *  is empty.
 213:.\Generated_Source\PSoC4/UARTCOMMS.c **** *
 214:.\Generated_Source\PSoC4/UARTCOMMS.c **** * Parameters:
 215:.\Generated_Source\PSoC4/UARTCOMMS.c **** *  None
 216:.\Generated_Source\PSoC4/UARTCOMMS.c **** *
 217:.\Generated_Source\PSoC4/UARTCOMMS.c **** * Return:
 218:.\Generated_Source\PSoC4/UARTCOMMS.c **** *  None
 219:.\Generated_Source\PSoC4/UARTCOMMS.c **** * 
 220:.\Generated_Source\PSoC4/UARTCOMMS.c **** *******************************************************************************/
 221:.\Generated_Source\PSoC4/UARTCOMMS.c **** void UARTCOMMS_Stop(void)
 222:.\Generated_Source\PSoC4/UARTCOMMS.c **** {
 223:.\Generated_Source\PSoC4/UARTCOMMS.c **** #if (UARTCOMMS_SCB_IRQ_INTERNAL)
 224:.\Generated_Source\PSoC4/UARTCOMMS.c ****     UARTCOMMS_DisableInt();
 225:.\Generated_Source\PSoC4/UARTCOMMS.c **** #endif /* (UARTCOMMS_SCB_IRQ_INTERNAL) */
 226:.\Generated_Source\PSoC4/UARTCOMMS.c **** 
 227:.\Generated_Source\PSoC4/UARTCOMMS.c ****     /* Call Stop function specific to current operation mode */
 228:.\Generated_Source\PSoC4/UARTCOMMS.c ****     UARTCOMMS_ScbModeStop();
 229:.\Generated_Source\PSoC4/UARTCOMMS.c **** 
 230:.\Generated_Source\PSoC4/UARTCOMMS.c ****     /* Disable SCB IP */
 231:.\Generated_Source\PSoC4/UARTCOMMS.c ****     UARTCOMMS_CTRL_REG &= (uint32) ~UARTCOMMS_CTRL_ENABLED;
 232:.\Generated_Source\PSoC4/UARTCOMMS.c **** 
 233:.\Generated_Source\PSoC4/UARTCOMMS.c ****     /* Disable all TX interrupt sources so as not to cause an unexpected
 234:.\Generated_Source\PSoC4/UARTCOMMS.c ****     * interrupt trigger because after the component is enabled, the TX FIFO
 235:.\Generated_Source\PSoC4/UARTCOMMS.c ****     * is empty.
 236:.\Generated_Source\PSoC4/UARTCOMMS.c ****     * For SCB IP v0, it is critical as it does not mask-out interrupt
 237:.\Generated_Source\PSoC4/UARTCOMMS.c ****     * sources when they are disabled. This can cause a code lock-up in the
 238:.\Generated_Source\PSoC4/UARTCOMMS.c ****     * interrupt handler because TX FIFO cannot be loaded after the block
 239:.\Generated_Source\PSoC4/UARTCOMMS.c ****     * is disabled.
 240:.\Generated_Source\PSoC4/UARTCOMMS.c ****     */
 241:.\Generated_Source\PSoC4/UARTCOMMS.c ****     UARTCOMMS_SetTxInterruptMode(UARTCOMMS_NO_INTR_SOURCES);
 242:.\Generated_Source\PSoC4/UARTCOMMS.c **** 
 243:.\Generated_Source\PSoC4/UARTCOMMS.c **** #if (UARTCOMMS_SCB_IRQ_INTERNAL)
 244:.\Generated_Source\PSoC4/UARTCOMMS.c ****     UARTCOMMS_ClearPendingInt();
 245:.\Generated_Source\PSoC4/UARTCOMMS.c **** #endif /* (UARTCOMMS_SCB_IRQ_INTERNAL) */
 246:.\Generated_Source\PSoC4/UARTCOMMS.c **** }
 247:.\Generated_Source\PSoC4/UARTCOMMS.c **** 
 248:.\Generated_Source\PSoC4/UARTCOMMS.c **** 
 249:.\Generated_Source\PSoC4/UARTCOMMS.c **** /*******************************************************************************
 250:.\Generated_Source\PSoC4/UARTCOMMS.c **** * Function Name: UARTCOMMS_SetRxFifoLevel
 251:.\Generated_Source\PSoC4/UARTCOMMS.c **** ********************************************************************************
 252:.\Generated_Source\PSoC4/UARTCOMMS.c **** *
 253:.\Generated_Source\PSoC4/UARTCOMMS.c **** * Summary:
 254:.\Generated_Source\PSoC4/UARTCOMMS.c **** *  Sets level in the RX FIFO to generate a RX level interrupt.
 255:.\Generated_Source\PSoC4/UARTCOMMS.c **** *  When the RX FIFO has more entries than the RX FIFO level an RX level
 256:.\Generated_Source\PSoC4/UARTCOMMS.c **** *  interrupt request is generated.
 257:.\Generated_Source\PSoC4/UARTCOMMS.c **** *
 258:.\Generated_Source\PSoC4/UARTCOMMS.c **** * Parameters:
 259:.\Generated_Source\PSoC4/UARTCOMMS.c **** *  level: Level in the RX FIFO to generate RX level interrupt.
 260:.\Generated_Source\PSoC4/UARTCOMMS.c **** *         The range of valid level values is between 0 and RX FIFO depth - 1.
 261:.\Generated_Source\PSoC4/UARTCOMMS.c **** *
ARM GAS  C:\Users\Tim\AppData\Local\Temp\cc3e5dW1.s 			page 6


 262:.\Generated_Source\PSoC4/UARTCOMMS.c **** * Return:
 263:.\Generated_Source\PSoC4/UARTCOMMS.c **** *  None
 264:.\Generated_Source\PSoC4/UARTCOMMS.c **** *
 265:.\Generated_Source\PSoC4/UARTCOMMS.c **** *******************************************************************************/
 266:.\Generated_Source\PSoC4/UARTCOMMS.c **** void UARTCOMMS_SetRxFifoLevel(uint32 level)
 267:.\Generated_Source\PSoC4/UARTCOMMS.c **** {
 268:.\Generated_Source\PSoC4/UARTCOMMS.c ****     uint32 rxFifoCtrl;
 269:.\Generated_Source\PSoC4/UARTCOMMS.c **** 
 270:.\Generated_Source\PSoC4/UARTCOMMS.c ****     rxFifoCtrl = UARTCOMMS_RX_FIFO_CTRL_REG;
 271:.\Generated_Source\PSoC4/UARTCOMMS.c **** 
 272:.\Generated_Source\PSoC4/UARTCOMMS.c ****     rxFifoCtrl &= ((uint32) ~UARTCOMMS_RX_FIFO_CTRL_TRIGGER_LEVEL_MASK); /* Clear level mask bits *
 273:.\Generated_Source\PSoC4/UARTCOMMS.c ****     rxFifoCtrl |= ((uint32) (UARTCOMMS_RX_FIFO_CTRL_TRIGGER_LEVEL_MASK & level));
 274:.\Generated_Source\PSoC4/UARTCOMMS.c **** 
 275:.\Generated_Source\PSoC4/UARTCOMMS.c ****     UARTCOMMS_RX_FIFO_CTRL_REG = rxFifoCtrl;
 276:.\Generated_Source\PSoC4/UARTCOMMS.c **** }
 277:.\Generated_Source\PSoC4/UARTCOMMS.c **** 
 278:.\Generated_Source\PSoC4/UARTCOMMS.c **** 
 279:.\Generated_Source\PSoC4/UARTCOMMS.c **** /*******************************************************************************
 280:.\Generated_Source\PSoC4/UARTCOMMS.c **** * Function Name: UARTCOMMS_SetTxFifoLevel
 281:.\Generated_Source\PSoC4/UARTCOMMS.c **** ********************************************************************************
 282:.\Generated_Source\PSoC4/UARTCOMMS.c **** *
 283:.\Generated_Source\PSoC4/UARTCOMMS.c **** * Summary:
 284:.\Generated_Source\PSoC4/UARTCOMMS.c **** *  Sets level in the TX FIFO to generate a TX level interrupt.
 285:.\Generated_Source\PSoC4/UARTCOMMS.c **** *  When the TX FIFO has more entries than the TX FIFO level an TX level
 286:.\Generated_Source\PSoC4/UARTCOMMS.c **** *  interrupt request is generated.
 287:.\Generated_Source\PSoC4/UARTCOMMS.c **** *
 288:.\Generated_Source\PSoC4/UARTCOMMS.c **** * Parameters:
 289:.\Generated_Source\PSoC4/UARTCOMMS.c **** *  level: Level in the TX FIFO to generate TX level interrupt.
 290:.\Generated_Source\PSoC4/UARTCOMMS.c **** *         The range of valid level values is between 0 and TX FIFO depth - 1.
 291:.\Generated_Source\PSoC4/UARTCOMMS.c **** *
 292:.\Generated_Source\PSoC4/UARTCOMMS.c **** * Return:
 293:.\Generated_Source\PSoC4/UARTCOMMS.c **** *  None
 294:.\Generated_Source\PSoC4/UARTCOMMS.c **** *
 295:.\Generated_Source\PSoC4/UARTCOMMS.c **** *******************************************************************************/
 296:.\Generated_Source\PSoC4/UARTCOMMS.c **** void UARTCOMMS_SetTxFifoLevel(uint32 level)
 297:.\Generated_Source\PSoC4/UARTCOMMS.c **** {
 298:.\Generated_Source\PSoC4/UARTCOMMS.c ****     uint32 txFifoCtrl;
 299:.\Generated_Source\PSoC4/UARTCOMMS.c **** 
 300:.\Generated_Source\PSoC4/UARTCOMMS.c ****     txFifoCtrl = UARTCOMMS_TX_FIFO_CTRL_REG;
 301:.\Generated_Source\PSoC4/UARTCOMMS.c **** 
 302:.\Generated_Source\PSoC4/UARTCOMMS.c ****     txFifoCtrl &= ((uint32) ~UARTCOMMS_TX_FIFO_CTRL_TRIGGER_LEVEL_MASK); /* Clear level mask bits *
 303:.\Generated_Source\PSoC4/UARTCOMMS.c ****     txFifoCtrl |= ((uint32) (UARTCOMMS_TX_FIFO_CTRL_TRIGGER_LEVEL_MASK & level));
 304:.\Generated_Source\PSoC4/UARTCOMMS.c **** 
 305:.\Generated_Source\PSoC4/UARTCOMMS.c ****     UARTCOMMS_TX_FIFO_CTRL_REG = txFifoCtrl;
 306:.\Generated_Source\PSoC4/UARTCOMMS.c **** }
 307:.\Generated_Source\PSoC4/UARTCOMMS.c **** 
 308:.\Generated_Source\PSoC4/UARTCOMMS.c **** 
 309:.\Generated_Source\PSoC4/UARTCOMMS.c **** #if (UARTCOMMS_SCB_IRQ_INTERNAL)
 310:.\Generated_Source\PSoC4/UARTCOMMS.c ****     /*******************************************************************************
 311:.\Generated_Source\PSoC4/UARTCOMMS.c ****     * Function Name: UARTCOMMS_SetCustomInterruptHandler
 312:.\Generated_Source\PSoC4/UARTCOMMS.c ****     ********************************************************************************
 313:.\Generated_Source\PSoC4/UARTCOMMS.c ****     *
 314:.\Generated_Source\PSoC4/UARTCOMMS.c ****     * Summary:
 315:.\Generated_Source\PSoC4/UARTCOMMS.c ****     *  Registers a function to be called by the internal interrupt handler.
 316:.\Generated_Source\PSoC4/UARTCOMMS.c ****     *  First the function that is registered is called, then the internal interrupt
 317:.\Generated_Source\PSoC4/UARTCOMMS.c ****     *  handler performs any operation such as software buffer management functions
 318:.\Generated_Source\PSoC4/UARTCOMMS.c ****     *  before the interrupt returns.  It is the user's responsibility not to break
ARM GAS  C:\Users\Tim\AppData\Local\Temp\cc3e5dW1.s 			page 7


 319:.\Generated_Source\PSoC4/UARTCOMMS.c ****     *  the software buffer operations. Only one custom handler is supported, which
 320:.\Generated_Source\PSoC4/UARTCOMMS.c ****     *  is the function provided by the most recent call.
 321:.\Generated_Source\PSoC4/UARTCOMMS.c ****     *  At the initialization time no custom handler is registered.
 322:.\Generated_Source\PSoC4/UARTCOMMS.c ****     *
 323:.\Generated_Source\PSoC4/UARTCOMMS.c ****     * Parameters:
 324:.\Generated_Source\PSoC4/UARTCOMMS.c ****     *  func: Pointer to the function to register.
 325:.\Generated_Source\PSoC4/UARTCOMMS.c ****     *        The value NULL indicates to remove the current custom interrupt
 326:.\Generated_Source\PSoC4/UARTCOMMS.c ****     *        handler.
 327:.\Generated_Source\PSoC4/UARTCOMMS.c ****     *
 328:.\Generated_Source\PSoC4/UARTCOMMS.c ****     * Return:
 329:.\Generated_Source\PSoC4/UARTCOMMS.c ****     *  None
 330:.\Generated_Source\PSoC4/UARTCOMMS.c ****     *
 331:.\Generated_Source\PSoC4/UARTCOMMS.c ****     *******************************************************************************/
 332:.\Generated_Source\PSoC4/UARTCOMMS.c ****     void UARTCOMMS_SetCustomInterruptHandler(void (*func)(void))
 333:.\Generated_Source\PSoC4/UARTCOMMS.c ****     {
 334:.\Generated_Source\PSoC4/UARTCOMMS.c ****     #if !defined (CY_REMOVE_UARTCOMMS_CUSTOM_INTR_HANDLER)
 335:.\Generated_Source\PSoC4/UARTCOMMS.c ****         UARTCOMMS_customIntrHandler = func; /* Register interrupt handler */
 336:.\Generated_Source\PSoC4/UARTCOMMS.c ****     #else
 337:.\Generated_Source\PSoC4/UARTCOMMS.c ****         if (NULL != func)
 338:.\Generated_Source\PSoC4/UARTCOMMS.c ****         {
 339:.\Generated_Source\PSoC4/UARTCOMMS.c ****             /* Suppress compiler warning */
 340:.\Generated_Source\PSoC4/UARTCOMMS.c ****         }
 341:.\Generated_Source\PSoC4/UARTCOMMS.c ****     #endif /* !defined (CY_REMOVE_UARTCOMMS_CUSTOM_INTR_HANDLER) */
 342:.\Generated_Source\PSoC4/UARTCOMMS.c ****     }
 343:.\Generated_Source\PSoC4/UARTCOMMS.c **** #endif /* (UARTCOMMS_SCB_IRQ_INTERNAL) */
 344:.\Generated_Source\PSoC4/UARTCOMMS.c **** 
 345:.\Generated_Source\PSoC4/UARTCOMMS.c **** 
 346:.\Generated_Source\PSoC4/UARTCOMMS.c **** /*******************************************************************************
 347:.\Generated_Source\PSoC4/UARTCOMMS.c **** * Function Name: UARTCOMMS_ScbModeEnableIntr
 348:.\Generated_Source\PSoC4/UARTCOMMS.c **** ********************************************************************************
 349:.\Generated_Source\PSoC4/UARTCOMMS.c **** *
 350:.\Generated_Source\PSoC4/UARTCOMMS.c **** * Summary:
 351:.\Generated_Source\PSoC4/UARTCOMMS.c **** *  Enables an interrupt for a specific mode.
 352:.\Generated_Source\PSoC4/UARTCOMMS.c **** *
 353:.\Generated_Source\PSoC4/UARTCOMMS.c **** * Parameters:
 354:.\Generated_Source\PSoC4/UARTCOMMS.c **** *  None
 355:.\Generated_Source\PSoC4/UARTCOMMS.c **** *
 356:.\Generated_Source\PSoC4/UARTCOMMS.c **** * Return:
 357:.\Generated_Source\PSoC4/UARTCOMMS.c **** *  None
 358:.\Generated_Source\PSoC4/UARTCOMMS.c **** *
 359:.\Generated_Source\PSoC4/UARTCOMMS.c **** *******************************************************************************/
 360:.\Generated_Source\PSoC4/UARTCOMMS.c **** static void UARTCOMMS_ScbEnableIntr(void)
 361:.\Generated_Source\PSoC4/UARTCOMMS.c **** {
  25              		.loc 1 361 0
  26              		.cfi_startproc
  27 0000 08B5     		push	{r3, lr}
  28              		.cfi_def_cfa_offset 8
  29              		.cfi_offset 3, -8
  30              		.cfi_offset 14, -4
 362:.\Generated_Source\PSoC4/UARTCOMMS.c **** #if (UARTCOMMS_SCB_IRQ_INTERNAL)
 363:.\Generated_Source\PSoC4/UARTCOMMS.c ****     /* Enable interrupt in NVIC */
 364:.\Generated_Source\PSoC4/UARTCOMMS.c ****     #if (UARTCOMMS_SCB_MODE_UNCONFIG_CONST_CFG)
 365:.\Generated_Source\PSoC4/UARTCOMMS.c ****         if (0u != UARTCOMMS_scbEnableIntr)
 366:.\Generated_Source\PSoC4/UARTCOMMS.c ****         {
 367:.\Generated_Source\PSoC4/UARTCOMMS.c ****             UARTCOMMS_EnableInt();
 368:.\Generated_Source\PSoC4/UARTCOMMS.c ****         }
 369:.\Generated_Source\PSoC4/UARTCOMMS.c **** 
ARM GAS  C:\Users\Tim\AppData\Local\Temp\cc3e5dW1.s 			page 8


 370:.\Generated_Source\PSoC4/UARTCOMMS.c ****     #else
 371:.\Generated_Source\PSoC4/UARTCOMMS.c ****         UARTCOMMS_EnableInt();
  31              		.loc 1 371 0
  32 0002 0920     		mov	r0, #9
  33 0004 FFF7FEFF 		bl	CyIntEnable
  34              	.LVL0:
 372:.\Generated_Source\PSoC4/UARTCOMMS.c **** 
 373:.\Generated_Source\PSoC4/UARTCOMMS.c ****     #endif /* (UARTCOMMS_SCB_MODE_UNCONFIG_CONST_CFG) */
 374:.\Generated_Source\PSoC4/UARTCOMMS.c **** #endif /* (UARTCOMMS_SCB_IRQ_INTERNAL) */
 375:.\Generated_Source\PSoC4/UARTCOMMS.c **** }
  35              		.loc 1 375 0
  36              		@ sp needed
  37 0008 08BD     		pop	{r3, pc}
  38              		.cfi_endproc
  39              	.LFE9:
  40              		.size	UARTCOMMS_ScbEnableIntr, .-UARTCOMMS_ScbEnableIntr
  41 000a C046     		.section	.text.UARTCOMMS_ScbModePostEnable,"ax",%progbits
  42              		.align	2
  43              		.code	16
  44              		.thumb_func
  45              		.type	UARTCOMMS_ScbModePostEnable, %function
  46              	UARTCOMMS_ScbModePostEnable:
  47              	.LFB10:
 376:.\Generated_Source\PSoC4/UARTCOMMS.c **** 
 377:.\Generated_Source\PSoC4/UARTCOMMS.c **** 
 378:.\Generated_Source\PSoC4/UARTCOMMS.c **** /*******************************************************************************
 379:.\Generated_Source\PSoC4/UARTCOMMS.c **** * Function Name: UARTCOMMS_ScbModePostEnable
 380:.\Generated_Source\PSoC4/UARTCOMMS.c **** ********************************************************************************
 381:.\Generated_Source\PSoC4/UARTCOMMS.c **** *
 382:.\Generated_Source\PSoC4/UARTCOMMS.c **** * Summary:
 383:.\Generated_Source\PSoC4/UARTCOMMS.c **** *  Calls the PostEnable function for a specific operation mode.
 384:.\Generated_Source\PSoC4/UARTCOMMS.c **** *
 385:.\Generated_Source\PSoC4/UARTCOMMS.c **** * Parameters:
 386:.\Generated_Source\PSoC4/UARTCOMMS.c **** *  None
 387:.\Generated_Source\PSoC4/UARTCOMMS.c **** *
 388:.\Generated_Source\PSoC4/UARTCOMMS.c **** * Return:
 389:.\Generated_Source\PSoC4/UARTCOMMS.c **** *  None
 390:.\Generated_Source\PSoC4/UARTCOMMS.c **** *
 391:.\Generated_Source\PSoC4/UARTCOMMS.c **** *******************************************************************************/
 392:.\Generated_Source\PSoC4/UARTCOMMS.c **** static void UARTCOMMS_ScbModePostEnable(void)
 393:.\Generated_Source\PSoC4/UARTCOMMS.c **** {
  48              		.loc 1 393 0
  49              		.cfi_startproc
  50 0000 08B5     		push	{r3, lr}
  51              		.cfi_def_cfa_offset 8
  52              		.cfi_offset 3, -8
  53              		.cfi_offset 14, -4
 394:.\Generated_Source\PSoC4/UARTCOMMS.c **** #if (UARTCOMMS_SCB_MODE_UNCONFIG_CONST_CFG)
 395:.\Generated_Source\PSoC4/UARTCOMMS.c **** #if (!UARTCOMMS_CY_SCBIP_V1)
 396:.\Generated_Source\PSoC4/UARTCOMMS.c ****     if (UARTCOMMS_SCB_MODE_SPI_RUNTM_CFG)
 397:.\Generated_Source\PSoC4/UARTCOMMS.c ****     {
 398:.\Generated_Source\PSoC4/UARTCOMMS.c ****         UARTCOMMS_SpiPostEnable();
 399:.\Generated_Source\PSoC4/UARTCOMMS.c ****     }
 400:.\Generated_Source\PSoC4/UARTCOMMS.c ****     else if (UARTCOMMS_SCB_MODE_UART_RUNTM_CFG)
 401:.\Generated_Source\PSoC4/UARTCOMMS.c ****     {
 402:.\Generated_Source\PSoC4/UARTCOMMS.c ****         UARTCOMMS_UartPostEnable();
 403:.\Generated_Source\PSoC4/UARTCOMMS.c ****     }
ARM GAS  C:\Users\Tim\AppData\Local\Temp\cc3e5dW1.s 			page 9


 404:.\Generated_Source\PSoC4/UARTCOMMS.c ****     else
 405:.\Generated_Source\PSoC4/UARTCOMMS.c ****     {
 406:.\Generated_Source\PSoC4/UARTCOMMS.c ****         /* Unknown mode: do nothing */
 407:.\Generated_Source\PSoC4/UARTCOMMS.c ****     }
 408:.\Generated_Source\PSoC4/UARTCOMMS.c **** #endif /* (!UARTCOMMS_CY_SCBIP_V1) */
 409:.\Generated_Source\PSoC4/UARTCOMMS.c **** 
 410:.\Generated_Source\PSoC4/UARTCOMMS.c **** #elif (UARTCOMMS_SCB_MODE_SPI_CONST_CFG)
 411:.\Generated_Source\PSoC4/UARTCOMMS.c ****     UARTCOMMS_SpiPostEnable();
 412:.\Generated_Source\PSoC4/UARTCOMMS.c **** 
 413:.\Generated_Source\PSoC4/UARTCOMMS.c **** #elif (UARTCOMMS_SCB_MODE_UART_CONST_CFG)
 414:.\Generated_Source\PSoC4/UARTCOMMS.c ****     UARTCOMMS_UartPostEnable();
  54              		.loc 1 414 0
  55 0002 FFF7FEFF 		bl	UARTCOMMS_UartPostEnable
  56              	.LVL1:
 415:.\Generated_Source\PSoC4/UARTCOMMS.c **** 
 416:.\Generated_Source\PSoC4/UARTCOMMS.c **** #else
 417:.\Generated_Source\PSoC4/UARTCOMMS.c ****     /* Unknown mode: do nothing */
 418:.\Generated_Source\PSoC4/UARTCOMMS.c **** #endif /* (UARTCOMMS_SCB_MODE_UNCONFIG_CONST_CFG) */
 419:.\Generated_Source\PSoC4/UARTCOMMS.c **** }
  57              		.loc 1 419 0
  58              		@ sp needed
  59 0006 08BD     		pop	{r3, pc}
  60              		.cfi_endproc
  61              	.LFE10:
  62              		.size	UARTCOMMS_ScbModePostEnable, .-UARTCOMMS_ScbModePostEnable
  63              		.section	.text.UARTCOMMS_ScbModeStop,"ax",%progbits
  64              		.align	2
  65              		.code	16
  66              		.thumb_func
  67              		.type	UARTCOMMS_ScbModeStop, %function
  68              	UARTCOMMS_ScbModeStop:
  69              	.LFB11:
 420:.\Generated_Source\PSoC4/UARTCOMMS.c **** 
 421:.\Generated_Source\PSoC4/UARTCOMMS.c **** 
 422:.\Generated_Source\PSoC4/UARTCOMMS.c **** /*******************************************************************************
 423:.\Generated_Source\PSoC4/UARTCOMMS.c **** * Function Name: UARTCOMMS_ScbModeStop
 424:.\Generated_Source\PSoC4/UARTCOMMS.c **** ********************************************************************************
 425:.\Generated_Source\PSoC4/UARTCOMMS.c **** *
 426:.\Generated_Source\PSoC4/UARTCOMMS.c **** * Summary:
 427:.\Generated_Source\PSoC4/UARTCOMMS.c **** *  Calls the Stop function for a specific operation mode.
 428:.\Generated_Source\PSoC4/UARTCOMMS.c **** *
 429:.\Generated_Source\PSoC4/UARTCOMMS.c **** * Parameters:
 430:.\Generated_Source\PSoC4/UARTCOMMS.c **** *  None
 431:.\Generated_Source\PSoC4/UARTCOMMS.c **** *
 432:.\Generated_Source\PSoC4/UARTCOMMS.c **** * Return:
 433:.\Generated_Source\PSoC4/UARTCOMMS.c **** *  None
 434:.\Generated_Source\PSoC4/UARTCOMMS.c **** *
 435:.\Generated_Source\PSoC4/UARTCOMMS.c **** *******************************************************************************/
 436:.\Generated_Source\PSoC4/UARTCOMMS.c **** static void UARTCOMMS_ScbModeStop(void)
 437:.\Generated_Source\PSoC4/UARTCOMMS.c **** {
  70              		.loc 1 437 0
  71              		.cfi_startproc
  72 0000 08B5     		push	{r3, lr}
  73              		.cfi_def_cfa_offset 8
  74              		.cfi_offset 3, -8
  75              		.cfi_offset 14, -4
 438:.\Generated_Source\PSoC4/UARTCOMMS.c **** #if (UARTCOMMS_SCB_MODE_UNCONFIG_CONST_CFG)
ARM GAS  C:\Users\Tim\AppData\Local\Temp\cc3e5dW1.s 			page 10


 439:.\Generated_Source\PSoC4/UARTCOMMS.c ****     if (UARTCOMMS_SCB_MODE_I2C_RUNTM_CFG)
 440:.\Generated_Source\PSoC4/UARTCOMMS.c ****     {
 441:.\Generated_Source\PSoC4/UARTCOMMS.c ****         UARTCOMMS_I2CStop();
 442:.\Generated_Source\PSoC4/UARTCOMMS.c ****     }
 443:.\Generated_Source\PSoC4/UARTCOMMS.c ****     else if (UARTCOMMS_SCB_MODE_EZI2C_RUNTM_CFG)
 444:.\Generated_Source\PSoC4/UARTCOMMS.c ****     {
 445:.\Generated_Source\PSoC4/UARTCOMMS.c ****         UARTCOMMS_EzI2CStop();
 446:.\Generated_Source\PSoC4/UARTCOMMS.c ****     }
 447:.\Generated_Source\PSoC4/UARTCOMMS.c **** #if (!UARTCOMMS_CY_SCBIP_V1)
 448:.\Generated_Source\PSoC4/UARTCOMMS.c ****     else if (UARTCOMMS_SCB_MODE_SPI_RUNTM_CFG)
 449:.\Generated_Source\PSoC4/UARTCOMMS.c ****     {
 450:.\Generated_Source\PSoC4/UARTCOMMS.c ****         UARTCOMMS_SpiStop();
 451:.\Generated_Source\PSoC4/UARTCOMMS.c ****     }
 452:.\Generated_Source\PSoC4/UARTCOMMS.c ****     else if (UARTCOMMS_SCB_MODE_UART_RUNTM_CFG)
 453:.\Generated_Source\PSoC4/UARTCOMMS.c ****     {
 454:.\Generated_Source\PSoC4/UARTCOMMS.c ****         UARTCOMMS_UartStop();
 455:.\Generated_Source\PSoC4/UARTCOMMS.c ****     }
 456:.\Generated_Source\PSoC4/UARTCOMMS.c **** #endif /* (!UARTCOMMS_CY_SCBIP_V1) */
 457:.\Generated_Source\PSoC4/UARTCOMMS.c ****     else
 458:.\Generated_Source\PSoC4/UARTCOMMS.c ****     {
 459:.\Generated_Source\PSoC4/UARTCOMMS.c ****         /* Unknown mode: do nothing */
 460:.\Generated_Source\PSoC4/UARTCOMMS.c ****     }
 461:.\Generated_Source\PSoC4/UARTCOMMS.c **** #elif (UARTCOMMS_SCB_MODE_I2C_CONST_CFG)
 462:.\Generated_Source\PSoC4/UARTCOMMS.c ****     UARTCOMMS_I2CStop();
 463:.\Generated_Source\PSoC4/UARTCOMMS.c **** 
 464:.\Generated_Source\PSoC4/UARTCOMMS.c **** #elif (UARTCOMMS_SCB_MODE_EZI2C_CONST_CFG)
 465:.\Generated_Source\PSoC4/UARTCOMMS.c ****     UARTCOMMS_EzI2CStop();
 466:.\Generated_Source\PSoC4/UARTCOMMS.c **** 
 467:.\Generated_Source\PSoC4/UARTCOMMS.c **** #elif (UARTCOMMS_SCB_MODE_SPI_CONST_CFG)
 468:.\Generated_Source\PSoC4/UARTCOMMS.c ****     UARTCOMMS_SpiStop();
 469:.\Generated_Source\PSoC4/UARTCOMMS.c **** 
 470:.\Generated_Source\PSoC4/UARTCOMMS.c **** #elif (UARTCOMMS_SCB_MODE_UART_CONST_CFG)
 471:.\Generated_Source\PSoC4/UARTCOMMS.c ****     UARTCOMMS_UartStop();
  76              		.loc 1 471 0
  77 0002 FFF7FEFF 		bl	UARTCOMMS_UartStop
  78              	.LVL2:
 472:.\Generated_Source\PSoC4/UARTCOMMS.c **** 
 473:.\Generated_Source\PSoC4/UARTCOMMS.c **** #else
 474:.\Generated_Source\PSoC4/UARTCOMMS.c ****     /* Unknown mode: do nothing */
 475:.\Generated_Source\PSoC4/UARTCOMMS.c **** #endif /* (UARTCOMMS_SCB_MODE_UNCONFIG_CONST_CFG) */
 476:.\Generated_Source\PSoC4/UARTCOMMS.c **** }
  79              		.loc 1 476 0
  80              		@ sp needed
  81 0006 08BD     		pop	{r3, pc}
  82              		.cfi_endproc
  83              	.LFE11:
  84              		.size	UARTCOMMS_ScbModeStop, .-UARTCOMMS_ScbModeStop
  85              		.section	.text.UARTCOMMS_Init,"ax",%progbits
  86              		.align	2
  87              		.global	UARTCOMMS_Init
  88              		.code	16
  89              		.thumb_func
  90              		.type	UARTCOMMS_Init, %function
  91              	UARTCOMMS_Init:
  92              	.LFB2:
 103:.\Generated_Source\PSoC4/UARTCOMMS.c **** #if (UARTCOMMS_SCB_MODE_UNCONFIG_CONST_CFG)
  93              		.loc 1 103 0
ARM GAS  C:\Users\Tim\AppData\Local\Temp\cc3e5dW1.s 			page 11


  94              		.cfi_startproc
  95 0000 08B5     		push	{r3, lr}
  96              		.cfi_def_cfa_offset 8
  97              		.cfi_offset 3, -8
  98              		.cfi_offset 14, -4
 121:.\Generated_Source\PSoC4/UARTCOMMS.c **** 
  99              		.loc 1 121 0
 100 0002 FFF7FEFF 		bl	UARTCOMMS_UartInit
 101              	.LVL3:
 127:.\Generated_Source\PSoC4/UARTCOMMS.c **** 
 102              		.loc 1 127 0
 103              		@ sp needed
 104 0006 08BD     		pop	{r3, pc}
 105              		.cfi_endproc
 106              	.LFE2:
 107              		.size	UARTCOMMS_Init, .-UARTCOMMS_Init
 108              		.section	.text.UARTCOMMS_Enable,"ax",%progbits
 109              		.align	2
 110              		.global	UARTCOMMS_Enable
 111              		.code	16
 112              		.thumb_func
 113              		.type	UARTCOMMS_Enable, %function
 114              	UARTCOMMS_Enable:
 115              	.LFB3:
 147:.\Generated_Source\PSoC4/UARTCOMMS.c **** #if (UARTCOMMS_SCB_MODE_UNCONFIG_CONST_CFG)
 116              		.loc 1 147 0
 117              		.cfi_startproc
 118 0000 08B5     		push	{r3, lr}
 119              		.cfi_def_cfa_offset 8
 120              		.cfi_offset 3, -8
 121              		.cfi_offset 14, -4
 160:.\Generated_Source\PSoC4/UARTCOMMS.c **** 
 122              		.loc 1 160 0
 123 0002 054A     		ldr	r2, .L6
 124 0004 1368     		ldr	r3, [r2]
 125 0006 8021     		mov	r1, #128
 126 0008 0906     		lsl	r1, r1, #24
 127 000a 0B43     		orr	r3, r1
 128 000c 1360     		str	r3, [r2]
 162:.\Generated_Source\PSoC4/UARTCOMMS.c **** 
 129              		.loc 1 162 0
 130 000e FFF7FEFF 		bl	UARTCOMMS_ScbEnableIntr
 131              	.LVL4:
 165:.\Generated_Source\PSoC4/UARTCOMMS.c **** #endif /* (UARTCOMMS_SCB_MODE_UNCONFIG_CONST_CFG) */
 132              		.loc 1 165 0
 133 0012 FFF7FEFF 		bl	UARTCOMMS_ScbModePostEnable
 134              	.LVL5:
 167:.\Generated_Source\PSoC4/UARTCOMMS.c **** 
 135              		.loc 1 167 0
 136              		@ sp needed
 137 0016 08BD     		pop	{r3, pc}
 138              	.L7:
 139              		.align	2
 140              	.L6:
 141 0018 00002440 		.word	1076101120
 142              		.cfi_endproc
 143              	.LFE3:
ARM GAS  C:\Users\Tim\AppData\Local\Temp\cc3e5dW1.s 			page 12


 144              		.size	UARTCOMMS_Enable, .-UARTCOMMS_Enable
 145              		.section	.text.UARTCOMMS_Start,"ax",%progbits
 146              		.align	2
 147              		.global	UARTCOMMS_Start
 148              		.code	16
 149              		.thumb_func
 150              		.type	UARTCOMMS_Start, %function
 151              	UARTCOMMS_Start:
 152              	.LFB4:
 193:.\Generated_Source\PSoC4/UARTCOMMS.c ****     if (0u == UARTCOMMS_initVar)
 153              		.loc 1 193 0
 154              		.cfi_startproc
 155 0000 08B5     		push	{r3, lr}
 156              		.cfi_def_cfa_offset 8
 157              		.cfi_offset 3, -8
 158              		.cfi_offset 14, -4
 194:.\Generated_Source\PSoC4/UARTCOMMS.c ****     {
 159              		.loc 1 194 0
 160 0002 064B     		ldr	r3, .L10
 161 0004 1B78     		ldrb	r3, [r3]
 162 0006 002B     		cmp	r3, #0
 163 0008 04D1     		bne	.L9
 196:.\Generated_Source\PSoC4/UARTCOMMS.c ****         UARTCOMMS_initVar = 1u; /* Component was initialized */
 164              		.loc 1 196 0
 165 000a FFF7FEFF 		bl	UARTCOMMS_Init
 166              	.LVL6:
 197:.\Generated_Source\PSoC4/UARTCOMMS.c ****     }
 167              		.loc 1 197 0
 168 000e 0122     		mov	r2, #1
 169 0010 024B     		ldr	r3, .L10
 170 0012 1A70     		strb	r2, [r3]
 171              	.L9:
 200:.\Generated_Source\PSoC4/UARTCOMMS.c **** }
 172              		.loc 1 200 0
 173 0014 FFF7FEFF 		bl	UARTCOMMS_Enable
 174              	.LVL7:
 201:.\Generated_Source\PSoC4/UARTCOMMS.c **** 
 175              		.loc 1 201 0
 176              		@ sp needed
 177 0018 08BD     		pop	{r3, pc}
 178              	.L11:
 179 001a C046     		.align	2
 180              	.L10:
 181 001c 00000000 		.word	.LANCHOR0
 182              		.cfi_endproc
 183              	.LFE4:
 184              		.size	UARTCOMMS_Start, .-UARTCOMMS_Start
 185              		.section	.text.UARTCOMMS_Stop,"ax",%progbits
 186              		.align	2
 187              		.global	UARTCOMMS_Stop
 188              		.code	16
 189              		.thumb_func
 190              		.type	UARTCOMMS_Stop, %function
 191              	UARTCOMMS_Stop:
 192              	.LFB5:
 222:.\Generated_Source\PSoC4/UARTCOMMS.c **** #if (UARTCOMMS_SCB_IRQ_INTERNAL)
 193              		.loc 1 222 0
ARM GAS  C:\Users\Tim\AppData\Local\Temp\cc3e5dW1.s 			page 13


 194              		.cfi_startproc
 195 0000 08B5     		push	{r3, lr}
 196              		.cfi_def_cfa_offset 8
 197              		.cfi_offset 3, -8
 198              		.cfi_offset 14, -4
 224:.\Generated_Source\PSoC4/UARTCOMMS.c **** #endif /* (UARTCOMMS_SCB_IRQ_INTERNAL) */
 199              		.loc 1 224 0
 200 0002 0920     		mov	r0, #9
 201 0004 FFF7FEFF 		bl	CyIntDisable
 202              	.LVL8:
 228:.\Generated_Source\PSoC4/UARTCOMMS.c **** 
 203              		.loc 1 228 0
 204 0008 FFF7FEFF 		bl	UARTCOMMS_ScbModeStop
 205              	.LVL9:
 231:.\Generated_Source\PSoC4/UARTCOMMS.c **** 
 206              		.loc 1 231 0
 207 000c 054A     		ldr	r2, .L13
 208 000e 1368     		ldr	r3, [r2]
 209 0010 5B00     		lsl	r3, r3, #1
 210 0012 5B08     		lsr	r3, r3, #1
 211 0014 1360     		str	r3, [r2]
 241:.\Generated_Source\PSoC4/UARTCOMMS.c **** 
 212              		.loc 1 241 0
 213 0016 0022     		mov	r2, #0
 214 0018 034B     		ldr	r3, .L13+4
 215 001a 1A60     		str	r2, [r3]
 244:.\Generated_Source\PSoC4/UARTCOMMS.c **** #endif /* (UARTCOMMS_SCB_IRQ_INTERNAL) */
 216              		.loc 1 244 0
 217 001c 0920     		mov	r0, #9
 218 001e FFF7FEFF 		bl	CyIntClearPending
 219              	.LVL10:
 246:.\Generated_Source\PSoC4/UARTCOMMS.c **** 
 220              		.loc 1 246 0
 221              		@ sp needed
 222 0022 08BD     		pop	{r3, pc}
 223              	.L14:
 224              		.align	2
 225              	.L13:
 226 0024 00002440 		.word	1076101120
 227 0028 880F2440 		.word	1076105096
 228              		.cfi_endproc
 229              	.LFE5:
 230              		.size	UARTCOMMS_Stop, .-UARTCOMMS_Stop
 231              		.section	.text.UARTCOMMS_SetRxFifoLevel,"ax",%progbits
 232              		.align	2
 233              		.global	UARTCOMMS_SetRxFifoLevel
 234              		.code	16
 235              		.thumb_func
 236              		.type	UARTCOMMS_SetRxFifoLevel, %function
 237              	UARTCOMMS_SetRxFifoLevel:
 238              	.LFB6:
 267:.\Generated_Source\PSoC4/UARTCOMMS.c ****     uint32 rxFifoCtrl;
 239              		.loc 1 267 0
 240              		.cfi_startproc
 241              	.LVL11:
 270:.\Generated_Source\PSoC4/UARTCOMMS.c **** 
 242              		.loc 1 270 0
ARM GAS  C:\Users\Tim\AppData\Local\Temp\cc3e5dW1.s 			page 14


 243 0000 034A     		ldr	r2, .L16
 244 0002 1368     		ldr	r3, [r2]
 245              	.LVL12:
 272:.\Generated_Source\PSoC4/UARTCOMMS.c ****     rxFifoCtrl |= ((uint32) (UARTCOMMS_RX_FIFO_CTRL_TRIGGER_LEVEL_MASK & level));
 246              		.loc 1 272 0
 247 0004 0F21     		mov	r1, #15
 248 0006 8B43     		bic	r3, r1
 249              	.LVL13:
 273:.\Generated_Source\PSoC4/UARTCOMMS.c **** 
 250              		.loc 1 273 0
 251 0008 0840     		and	r0, r1
 252              	.LVL14:
 253 000a 1843     		orr	r0, r3
 254              	.LVL15:
 275:.\Generated_Source\PSoC4/UARTCOMMS.c **** }
 255              		.loc 1 275 0
 256 000c 1060     		str	r0, [r2]
 276:.\Generated_Source\PSoC4/UARTCOMMS.c **** 
 257              		.loc 1 276 0
 258              		@ sp needed
 259 000e 7047     		bx	lr
 260              	.L17:
 261              		.align	2
 262              	.L16:
 263 0010 04032440 		.word	1076101892
 264              		.cfi_endproc
 265              	.LFE6:
 266              		.size	UARTCOMMS_SetRxFifoLevel, .-UARTCOMMS_SetRxFifoLevel
 267              		.section	.text.UARTCOMMS_SetTxFifoLevel,"ax",%progbits
 268              		.align	2
 269              		.global	UARTCOMMS_SetTxFifoLevel
 270              		.code	16
 271              		.thumb_func
 272              		.type	UARTCOMMS_SetTxFifoLevel, %function
 273              	UARTCOMMS_SetTxFifoLevel:
 274              	.LFB7:
 297:.\Generated_Source\PSoC4/UARTCOMMS.c ****     uint32 txFifoCtrl;
 275              		.loc 1 297 0
 276              		.cfi_startproc
 277              	.LVL16:
 300:.\Generated_Source\PSoC4/UARTCOMMS.c **** 
 278              		.loc 1 300 0
 279 0000 034A     		ldr	r2, .L19
 280 0002 1368     		ldr	r3, [r2]
 281              	.LVL17:
 302:.\Generated_Source\PSoC4/UARTCOMMS.c ****     txFifoCtrl |= ((uint32) (UARTCOMMS_TX_FIFO_CTRL_TRIGGER_LEVEL_MASK & level));
 282              		.loc 1 302 0
 283 0004 0F21     		mov	r1, #15
 284 0006 8B43     		bic	r3, r1
 285              	.LVL18:
 303:.\Generated_Source\PSoC4/UARTCOMMS.c **** 
 286              		.loc 1 303 0
 287 0008 0840     		and	r0, r1
 288              	.LVL19:
 289 000a 1843     		orr	r0, r3
 290              	.LVL20:
 305:.\Generated_Source\PSoC4/UARTCOMMS.c **** }
ARM GAS  C:\Users\Tim\AppData\Local\Temp\cc3e5dW1.s 			page 15


 291              		.loc 1 305 0
 292 000c 1060     		str	r0, [r2]
 306:.\Generated_Source\PSoC4/UARTCOMMS.c **** 
 293              		.loc 1 306 0
 294              		@ sp needed
 295 000e 7047     		bx	lr
 296              	.L20:
 297              		.align	2
 298              	.L19:
 299 0010 04022440 		.word	1076101636
 300              		.cfi_endproc
 301              	.LFE7:
 302              		.size	UARTCOMMS_SetTxFifoLevel, .-UARTCOMMS_SetTxFifoLevel
 303              		.section	.text.UARTCOMMS_SetCustomInterruptHandler,"ax",%progbits
 304              		.align	2
 305              		.global	UARTCOMMS_SetCustomInterruptHandler
 306              		.code	16
 307              		.thumb_func
 308              		.type	UARTCOMMS_SetCustomInterruptHandler, %function
 309              	UARTCOMMS_SetCustomInterruptHandler:
 310              	.LFB8:
 333:.\Generated_Source\PSoC4/UARTCOMMS.c ****     #if !defined (CY_REMOVE_UARTCOMMS_CUSTOM_INTR_HANDLER)
 311              		.loc 1 333 0
 312              		.cfi_startproc
 313              	.LVL21:
 335:.\Generated_Source\PSoC4/UARTCOMMS.c ****     #else
 314              		.loc 1 335 0
 315 0000 014B     		ldr	r3, .L22
 316 0002 5860     		str	r0, [r3, #4]
 342:.\Generated_Source\PSoC4/UARTCOMMS.c **** #endif /* (UARTCOMMS_SCB_IRQ_INTERNAL) */
 317              		.loc 1 342 0
 318              		@ sp needed
 319 0004 7047     		bx	lr
 320              	.L23:
 321 0006 C046     		.align	2
 322              	.L22:
 323 0008 00000000 		.word	.LANCHOR0
 324              		.cfi_endproc
 325              	.LFE8:
 326              		.size	UARTCOMMS_SetCustomInterruptHandler, .-UARTCOMMS_SetCustomInterruptHandler
 327              		.global	UARTCOMMS_customIntrHandler
 328              		.global	UARTCOMMS_initVar
 329              		.bss
 330              		.align	2
 331              		.set	.LANCHOR0,. + 0
 332              		.type	UARTCOMMS_initVar, %object
 333              		.size	UARTCOMMS_initVar, 1
 334              	UARTCOMMS_initVar:
 335 0000 00       		.space	1
 336 0001 000000   		.space	3
 337              		.type	UARTCOMMS_customIntrHandler, %object
 338              		.size	UARTCOMMS_customIntrHandler, 4
 339              	UARTCOMMS_customIntrHandler:
 340 0004 00000000 		.space	4
 341              		.text
 342              	.Letext0:
 343              		.file 2 "Generated_Source\\PSoC4/cytypes.h"
ARM GAS  C:\Users\Tim\AppData\Local\Temp\cc3e5dW1.s 			page 16


 344              		.file 3 ".\\Generated_Source\\PSoC4\\UARTCOMMS_SPI_UART_PVT.h"
 345              		.file 4 "Generated_Source\\PSoC4/CyLib.h"
 346              		.section	.debug_info,"",%progbits
 347              	.Ldebug_info0:
 348 0000 C3020000 		.4byte	0x2c3
 349 0004 0400     		.2byte	0x4
 350 0006 00000000 		.4byte	.Ldebug_abbrev0
 351 000a 04       		.byte	0x4
 352 000b 01       		.uleb128 0x1
 353 000c 1B020000 		.4byte	.LASF37
 354 0010 01       		.byte	0x1
 355 0011 C0020000 		.4byte	.LASF38
 356 0015 C6010000 		.4byte	.LASF39
 357 0019 00000000 		.4byte	.Ldebug_ranges0+0
 358 001d 00000000 		.4byte	0
 359 0021 00000000 		.4byte	.Ldebug_line0
 360 0025 02       		.uleb128 0x2
 361 0026 01       		.byte	0x1
 362 0027 06       		.byte	0x6
 363 0028 0C030000 		.4byte	.LASF0
 364 002c 02       		.uleb128 0x2
 365 002d 01       		.byte	0x1
 366 002e 08       		.byte	0x8
 367 002f 79000000 		.4byte	.LASF1
 368 0033 02       		.uleb128 0x2
 369 0034 02       		.byte	0x2
 370 0035 05       		.byte	0x5
 371 0036 B6020000 		.4byte	.LASF2
 372 003a 02       		.uleb128 0x2
 373 003b 02       		.byte	0x2
 374 003c 07       		.byte	0x7
 375 003d 27000000 		.4byte	.LASF3
 376 0041 02       		.uleb128 0x2
 377 0042 04       		.byte	0x4
 378 0043 05       		.byte	0x5
 379 0044 F0020000 		.4byte	.LASF4
 380 0048 02       		.uleb128 0x2
 381 0049 04       		.byte	0x4
 382 004a 07       		.byte	0x7
 383 004b 87000000 		.4byte	.LASF5
 384 004f 02       		.uleb128 0x2
 385 0050 08       		.byte	0x8
 386 0051 05       		.byte	0x5
 387 0052 08020000 		.4byte	.LASF6
 388 0056 02       		.uleb128 0x2
 389 0057 08       		.byte	0x8
 390 0058 07       		.byte	0x7
 391 0059 54010000 		.4byte	.LASF7
 392 005d 03       		.uleb128 0x3
 393 005e 04       		.byte	0x4
 394 005f 05       		.byte	0x5
 395 0060 696E7400 		.ascii	"int\000"
 396 0064 02       		.uleb128 0x2
 397 0065 04       		.byte	0x4
 398 0066 07       		.byte	0x7
 399 0067 47010000 		.4byte	.LASF8
 400 006b 04       		.uleb128 0x4
ARM GAS  C:\Users\Tim\AppData\Local\Temp\cc3e5dW1.s 			page 17


 401 006c 99000000 		.4byte	.LASF9
 402 0070 02       		.byte	0x2
 403 0071 3801     		.2byte	0x138
 404 0073 2C000000 		.4byte	0x2c
 405 0077 04       		.uleb128 0x4
 406 0078 2D010000 		.4byte	.LASF10
 407 007c 02       		.byte	0x2
 408 007d 3A01     		.2byte	0x13a
 409 007f 48000000 		.4byte	0x48
 410 0083 02       		.uleb128 0x2
 411 0084 04       		.byte	0x4
 412 0085 04       		.byte	0x4
 413 0086 64000000 		.4byte	.LASF11
 414 008a 02       		.uleb128 0x2
 415 008b 08       		.byte	0x8
 416 008c 04       		.byte	0x4
 417 008d E0000000 		.4byte	.LASF12
 418 0091 02       		.uleb128 0x2
 419 0092 01       		.byte	0x1
 420 0093 08       		.byte	0x8
 421 0094 16020000 		.4byte	.LASF13
 422 0098 04       		.uleb128 0x4
 423 0099 00000000 		.4byte	.LASF14
 424 009d 02       		.byte	0x2
 425 009e E401     		.2byte	0x1e4
 426 00a0 A4000000 		.4byte	0xa4
 427 00a4 05       		.uleb128 0x5
 428 00a5 77000000 		.4byte	0x77
 429 00a9 06       		.uleb128 0x6
 430 00aa 04       		.byte	0x4
 431 00ab AF000000 		.4byte	0xaf
 432 00af 07       		.uleb128 0x7
 433 00b0 02       		.uleb128 0x2
 434 00b1 04       		.byte	0x4
 435 00b2 07       		.byte	0x7
 436 00b3 BD010000 		.4byte	.LASF15
 437 00b7 08       		.uleb128 0x8
 438 00b8 18030000 		.4byte	.LASF16
 439 00bc 01       		.byte	0x1
 440 00bd 6801     		.2byte	0x168
 441 00bf 00000000 		.4byte	.LFB9
 442 00c3 0A000000 		.4byte	.LFE9-.LFB9
 443 00c7 01       		.uleb128 0x1
 444 00c8 9C       		.byte	0x9c
 445 00c9 DD000000 		.4byte	0xdd
 446 00cd 09       		.uleb128 0x9
 447 00ce 08000000 		.4byte	.LVL0
 448 00d2 82020000 		.4byte	0x282
 449 00d6 0A       		.uleb128 0xa
 450 00d7 01       		.uleb128 0x1
 451 00d8 50       		.byte	0x50
 452 00d9 01       		.uleb128 0x1
 453 00da 39       		.byte	0x39
 454 00db 00       		.byte	0
 455 00dc 00       		.byte	0
 456 00dd 08       		.uleb128 0x8
 457 00de 8F010000 		.4byte	.LASF17
ARM GAS  C:\Users\Tim\AppData\Local\Temp\cc3e5dW1.s 			page 18


 458 00e2 01       		.byte	0x1
 459 00e3 8801     		.2byte	0x188
 460 00e5 00000000 		.4byte	.LFB10
 461 00e9 08000000 		.4byte	.LFE10-.LFB10
 462 00ed 01       		.uleb128 0x1
 463 00ee 9C       		.byte	0x9c
 464 00ef FD000000 		.4byte	0xfd
 465 00f3 0B       		.uleb128 0xb
 466 00f4 06000000 		.4byte	.LVL1
 467 00f8 93020000 		.4byte	0x293
 468 00fc 00       		.byte	0
 469 00fd 08       		.uleb128 0x8
 470 00fe B8000000 		.4byte	.LASF18
 471 0102 01       		.byte	0x1
 472 0103 B401     		.2byte	0x1b4
 473 0105 00000000 		.4byte	.LFB11
 474 0109 08000000 		.4byte	.LFE11-.LFB11
 475 010d 01       		.uleb128 0x1
 476 010e 9C       		.byte	0x9c
 477 010f 1D010000 		.4byte	0x11d
 478 0113 0B       		.uleb128 0xb
 479 0114 06000000 		.4byte	.LVL2
 480 0118 9A020000 		.4byte	0x29a
 481 011c 00       		.byte	0
 482 011d 0C       		.uleb128 0xc
 483 011e 30030000 		.4byte	.LASF19
 484 0122 01       		.byte	0x1
 485 0123 66       		.byte	0x66
 486 0124 00000000 		.4byte	.LFB2
 487 0128 08000000 		.4byte	.LFE2-.LFB2
 488 012c 01       		.uleb128 0x1
 489 012d 9C       		.byte	0x9c
 490 012e 3C010000 		.4byte	0x13c
 491 0132 0B       		.uleb128 0xb
 492 0133 06000000 		.4byte	.LVL3
 493 0137 A1020000 		.4byte	0x2a1
 494 013b 00       		.byte	0
 495 013c 0C       		.uleb128 0xc
 496 013d 53000000 		.4byte	.LASF20
 497 0141 01       		.byte	0x1
 498 0142 92       		.byte	0x92
 499 0143 00000000 		.4byte	.LFB3
 500 0147 1C000000 		.4byte	.LFE3-.LFB3
 501 014b 01       		.uleb128 0x1
 502 014c 9C       		.byte	0x9c
 503 014d 64010000 		.4byte	0x164
 504 0151 0B       		.uleb128 0xb
 505 0152 12000000 		.4byte	.LVL4
 506 0156 B7000000 		.4byte	0xb7
 507 015a 0B       		.uleb128 0xb
 508 015b 16000000 		.4byte	.LVL5
 509 015f DD000000 		.4byte	0xdd
 510 0163 00       		.byte	0
 511 0164 0C       		.uleb128 0xc
 512 0165 17000000 		.4byte	.LASF21
 513 0169 01       		.byte	0x1
 514 016a C0       		.byte	0xc0
ARM GAS  C:\Users\Tim\AppData\Local\Temp\cc3e5dW1.s 			page 19


 515 016b 00000000 		.4byte	.LFB4
 516 016f 20000000 		.4byte	.LFE4-.LFB4
 517 0173 01       		.uleb128 0x1
 518 0174 9C       		.byte	0x9c
 519 0175 8C010000 		.4byte	0x18c
 520 0179 0B       		.uleb128 0xb
 521 017a 0E000000 		.4byte	.LVL6
 522 017e 1D010000 		.4byte	0x11d
 523 0182 0B       		.uleb128 0xb
 524 0183 18000000 		.4byte	.LVL7
 525 0187 3C010000 		.4byte	0x13c
 526 018b 00       		.byte	0
 527 018c 0C       		.uleb128 0xc
 528 018d 6A000000 		.4byte	.LASF22
 529 0191 01       		.byte	0x1
 530 0192 DD       		.byte	0xdd
 531 0193 00000000 		.4byte	.LFB5
 532 0197 2C000000 		.4byte	.LFE5-.LFB5
 533 019b 01       		.uleb128 0x1
 534 019c 9C       		.byte	0x9c
 535 019d CD010000 		.4byte	0x1cd
 536 01a1 0D       		.uleb128 0xd
 537 01a2 08000000 		.4byte	.LVL8
 538 01a6 A8020000 		.4byte	0x2a8
 539 01aa B4010000 		.4byte	0x1b4
 540 01ae 0A       		.uleb128 0xa
 541 01af 01       		.uleb128 0x1
 542 01b0 50       		.byte	0x50
 543 01b1 01       		.uleb128 0x1
 544 01b2 39       		.byte	0x39
 545 01b3 00       		.byte	0
 546 01b4 0B       		.uleb128 0xb
 547 01b5 0C000000 		.4byte	.LVL9
 548 01b9 FD000000 		.4byte	0xfd
 549 01bd 09       		.uleb128 0x9
 550 01be 22000000 		.4byte	.LVL10
 551 01c2 B9020000 		.4byte	0x2b9
 552 01c6 0A       		.uleb128 0xa
 553 01c7 01       		.uleb128 0x1
 554 01c8 50       		.byte	0x50
 555 01c9 01       		.uleb128 0x1
 556 01ca 39       		.byte	0x39
 557 01cb 00       		.byte	0
 558 01cc 00       		.byte	0
 559 01cd 0E       		.uleb128 0xe
 560 01ce 3A000000 		.4byte	.LASF23
 561 01d2 01       		.byte	0x1
 562 01d3 0A01     		.2byte	0x10a
 563 01d5 00000000 		.4byte	.LFB6
 564 01d9 14000000 		.4byte	.LFE6-.LFB6
 565 01dd 01       		.uleb128 0x1
 566 01de 9C       		.byte	0x9c
 567 01df 04020000 		.4byte	0x204
 568 01e3 0F       		.uleb128 0xf
 569 01e4 11000000 		.4byte	.LASF25
 570 01e8 01       		.byte	0x1
 571 01e9 0A01     		.2byte	0x10a
ARM GAS  C:\Users\Tim\AppData\Local\Temp\cc3e5dW1.s 			page 20


 572 01eb 77000000 		.4byte	0x77
 573 01ef 00000000 		.4byte	.LLST0
 574 01f3 10       		.uleb128 0x10
 575 01f4 E5020000 		.4byte	.LASF26
 576 01f8 01       		.byte	0x1
 577 01f9 0C01     		.2byte	0x10c
 578 01fb 77000000 		.4byte	0x77
 579 01ff 21000000 		.4byte	.LLST1
 580 0203 00       		.byte	0
 581 0204 0E       		.uleb128 0xe
 582 0205 14010000 		.4byte	.LASF24
 583 0209 01       		.byte	0x1
 584 020a 2801     		.2byte	0x128
 585 020c 00000000 		.4byte	.LFB7
 586 0210 14000000 		.4byte	.LFE7-.LFB7
 587 0214 01       		.uleb128 0x1
 588 0215 9C       		.byte	0x9c
 589 0216 3B020000 		.4byte	0x23b
 590 021a 0F       		.uleb128 0xf
 591 021b 11000000 		.4byte	.LASF25
 592 021f 01       		.byte	0x1
 593 0220 2801     		.2byte	0x128
 594 0222 77000000 		.4byte	0x77
 595 0226 3F000000 		.4byte	.LLST2
 596 022a 10       		.uleb128 0x10
 597 022b 06000000 		.4byte	.LASF27
 598 022f 01       		.byte	0x1
 599 0230 2A01     		.2byte	0x12a
 600 0232 77000000 		.4byte	0x77
 601 0236 60000000 		.4byte	.LLST3
 602 023a 00       		.byte	0
 603 023b 0E       		.uleb128 0xe
 604 023c 6B010000 		.4byte	.LASF28
 605 0240 01       		.byte	0x1
 606 0241 4C01     		.2byte	0x14c
 607 0243 00000000 		.4byte	.LFB8
 608 0247 0C000000 		.4byte	.LFE8-.LFB8
 609 024b 01       		.uleb128 0x1
 610 024c 9C       		.byte	0x9c
 611 024d 60020000 		.4byte	0x260
 612 0251 11       		.uleb128 0x11
 613 0252 E7000000 		.4byte	.LASF29
 614 0256 01       		.byte	0x1
 615 0257 4C01     		.2byte	0x14c
 616 0259 A9000000 		.4byte	0xa9
 617 025d 01       		.uleb128 0x1
 618 025e 50       		.byte	0x50
 619 025f 00       		.byte	0
 620 0260 12       		.uleb128 0x12
 621 0261 CE000000 		.4byte	.LASF30
 622 0265 01       		.byte	0x1
 623 0266 42       		.byte	0x42
 624 0267 6B000000 		.4byte	0x6b
 625 026b 05       		.uleb128 0x5
 626 026c 03       		.byte	0x3
 627 026d 00000000 		.4byte	UARTCOMMS_initVar
 628 0271 12       		.uleb128 0x12
ARM GAS  C:\Users\Tim\AppData\Local\Temp\cc3e5dW1.s 			page 21


 629 0272 F8000000 		.4byte	.LASF31
 630 0276 01       		.byte	0x1
 631 0277 46       		.byte	0x46
 632 0278 A9000000 		.4byte	0xa9
 633 027c 05       		.uleb128 0x5
 634 027d 03       		.byte	0x3
 635 027e 00000000 		.4byte	UARTCOMMS_customIntrHandler
 636 0282 13       		.uleb128 0x13
 637 0283 EC000000 		.4byte	.LASF35
 638 0287 04       		.byte	0x4
 639 0288 4F       		.byte	0x4f
 640 0289 93020000 		.4byte	0x293
 641 028d 14       		.uleb128 0x14
 642 028e 6B000000 		.4byte	0x6b
 643 0292 00       		.byte	0
 644 0293 15       		.uleb128 0x15
 645 0294 9F000000 		.4byte	.LASF32
 646 0298 03       		.byte	0x3
 647 0299 41       		.byte	0x41
 648 029a 15       		.uleb128 0x15
 649 029b F9020000 		.4byte	.LASF33
 650 029f 03       		.byte	0x3
 651 02a0 42       		.byte	0x42
 652 02a1 15       		.uleb128 0x15
 653 02a2 34010000 		.4byte	.LASF34
 654 02a6 03       		.byte	0x3
 655 02a7 45       		.byte	0x45
 656 02a8 13       		.uleb128 0x13
 657 02a9 A9020000 		.4byte	.LASF36
 658 02ad 04       		.byte	0x4
 659 02ae 51       		.byte	0x51
 660 02af B9020000 		.4byte	0x2b9
 661 02b3 14       		.uleb128 0x14
 662 02b4 6B000000 		.4byte	0x6b
 663 02b8 00       		.byte	0
 664 02b9 16       		.uleb128 0x16
 665 02ba AB010000 		.4byte	.LASF40
 666 02be 04       		.byte	0x4
 667 02bf 54       		.byte	0x54
 668 02c0 14       		.uleb128 0x14
 669 02c1 6B000000 		.4byte	0x6b
 670 02c5 00       		.byte	0
 671 02c6 00       		.byte	0
 672              		.section	.debug_abbrev,"",%progbits
 673              	.Ldebug_abbrev0:
 674 0000 01       		.uleb128 0x1
 675 0001 11       		.uleb128 0x11
 676 0002 01       		.byte	0x1
 677 0003 25       		.uleb128 0x25
 678 0004 0E       		.uleb128 0xe
 679 0005 13       		.uleb128 0x13
 680 0006 0B       		.uleb128 0xb
 681 0007 03       		.uleb128 0x3
 682 0008 0E       		.uleb128 0xe
 683 0009 1B       		.uleb128 0x1b
 684 000a 0E       		.uleb128 0xe
 685 000b 55       		.uleb128 0x55
ARM GAS  C:\Users\Tim\AppData\Local\Temp\cc3e5dW1.s 			page 22


 686 000c 17       		.uleb128 0x17
 687 000d 11       		.uleb128 0x11
 688 000e 01       		.uleb128 0x1
 689 000f 10       		.uleb128 0x10
 690 0010 17       		.uleb128 0x17
 691 0011 00       		.byte	0
 692 0012 00       		.byte	0
 693 0013 02       		.uleb128 0x2
 694 0014 24       		.uleb128 0x24
 695 0015 00       		.byte	0
 696 0016 0B       		.uleb128 0xb
 697 0017 0B       		.uleb128 0xb
 698 0018 3E       		.uleb128 0x3e
 699 0019 0B       		.uleb128 0xb
 700 001a 03       		.uleb128 0x3
 701 001b 0E       		.uleb128 0xe
 702 001c 00       		.byte	0
 703 001d 00       		.byte	0
 704 001e 03       		.uleb128 0x3
 705 001f 24       		.uleb128 0x24
 706 0020 00       		.byte	0
 707 0021 0B       		.uleb128 0xb
 708 0022 0B       		.uleb128 0xb
 709 0023 3E       		.uleb128 0x3e
 710 0024 0B       		.uleb128 0xb
 711 0025 03       		.uleb128 0x3
 712 0026 08       		.uleb128 0x8
 713 0027 00       		.byte	0
 714 0028 00       		.byte	0
 715 0029 04       		.uleb128 0x4
 716 002a 16       		.uleb128 0x16
 717 002b 00       		.byte	0
 718 002c 03       		.uleb128 0x3
 719 002d 0E       		.uleb128 0xe
 720 002e 3A       		.uleb128 0x3a
 721 002f 0B       		.uleb128 0xb
 722 0030 3B       		.uleb128 0x3b
 723 0031 05       		.uleb128 0x5
 724 0032 49       		.uleb128 0x49
 725 0033 13       		.uleb128 0x13
 726 0034 00       		.byte	0
 727 0035 00       		.byte	0
 728 0036 05       		.uleb128 0x5
 729 0037 35       		.uleb128 0x35
 730 0038 00       		.byte	0
 731 0039 49       		.uleb128 0x49
 732 003a 13       		.uleb128 0x13
 733 003b 00       		.byte	0
 734 003c 00       		.byte	0
 735 003d 06       		.uleb128 0x6
 736 003e 0F       		.uleb128 0xf
 737 003f 00       		.byte	0
 738 0040 0B       		.uleb128 0xb
 739 0041 0B       		.uleb128 0xb
 740 0042 49       		.uleb128 0x49
 741 0043 13       		.uleb128 0x13
 742 0044 00       		.byte	0
ARM GAS  C:\Users\Tim\AppData\Local\Temp\cc3e5dW1.s 			page 23


 743 0045 00       		.byte	0
 744 0046 07       		.uleb128 0x7
 745 0047 15       		.uleb128 0x15
 746 0048 00       		.byte	0
 747 0049 27       		.uleb128 0x27
 748 004a 19       		.uleb128 0x19
 749 004b 00       		.byte	0
 750 004c 00       		.byte	0
 751 004d 08       		.uleb128 0x8
 752 004e 2E       		.uleb128 0x2e
 753 004f 01       		.byte	0x1
 754 0050 03       		.uleb128 0x3
 755 0051 0E       		.uleb128 0xe
 756 0052 3A       		.uleb128 0x3a
 757 0053 0B       		.uleb128 0xb
 758 0054 3B       		.uleb128 0x3b
 759 0055 05       		.uleb128 0x5
 760 0056 27       		.uleb128 0x27
 761 0057 19       		.uleb128 0x19
 762 0058 11       		.uleb128 0x11
 763 0059 01       		.uleb128 0x1
 764 005a 12       		.uleb128 0x12
 765 005b 06       		.uleb128 0x6
 766 005c 40       		.uleb128 0x40
 767 005d 18       		.uleb128 0x18
 768 005e 9742     		.uleb128 0x2117
 769 0060 19       		.uleb128 0x19
 770 0061 01       		.uleb128 0x1
 771 0062 13       		.uleb128 0x13
 772 0063 00       		.byte	0
 773 0064 00       		.byte	0
 774 0065 09       		.uleb128 0x9
 775 0066 898201   		.uleb128 0x4109
 776 0069 01       		.byte	0x1
 777 006a 11       		.uleb128 0x11
 778 006b 01       		.uleb128 0x1
 779 006c 31       		.uleb128 0x31
 780 006d 13       		.uleb128 0x13
 781 006e 00       		.byte	0
 782 006f 00       		.byte	0
 783 0070 0A       		.uleb128 0xa
 784 0071 8A8201   		.uleb128 0x410a
 785 0074 00       		.byte	0
 786 0075 02       		.uleb128 0x2
 787 0076 18       		.uleb128 0x18
 788 0077 9142     		.uleb128 0x2111
 789 0079 18       		.uleb128 0x18
 790 007a 00       		.byte	0
 791 007b 00       		.byte	0
 792 007c 0B       		.uleb128 0xb
 793 007d 898201   		.uleb128 0x4109
 794 0080 00       		.byte	0
 795 0081 11       		.uleb128 0x11
 796 0082 01       		.uleb128 0x1
 797 0083 31       		.uleb128 0x31
 798 0084 13       		.uleb128 0x13
 799 0085 00       		.byte	0
ARM GAS  C:\Users\Tim\AppData\Local\Temp\cc3e5dW1.s 			page 24


 800 0086 00       		.byte	0
 801 0087 0C       		.uleb128 0xc
 802 0088 2E       		.uleb128 0x2e
 803 0089 01       		.byte	0x1
 804 008a 3F       		.uleb128 0x3f
 805 008b 19       		.uleb128 0x19
 806 008c 03       		.uleb128 0x3
 807 008d 0E       		.uleb128 0xe
 808 008e 3A       		.uleb128 0x3a
 809 008f 0B       		.uleb128 0xb
 810 0090 3B       		.uleb128 0x3b
 811 0091 0B       		.uleb128 0xb
 812 0092 27       		.uleb128 0x27
 813 0093 19       		.uleb128 0x19
 814 0094 11       		.uleb128 0x11
 815 0095 01       		.uleb128 0x1
 816 0096 12       		.uleb128 0x12
 817 0097 06       		.uleb128 0x6
 818 0098 40       		.uleb128 0x40
 819 0099 18       		.uleb128 0x18
 820 009a 9742     		.uleb128 0x2117
 821 009c 19       		.uleb128 0x19
 822 009d 01       		.uleb128 0x1
 823 009e 13       		.uleb128 0x13
 824 009f 00       		.byte	0
 825 00a0 00       		.byte	0
 826 00a1 0D       		.uleb128 0xd
 827 00a2 898201   		.uleb128 0x4109
 828 00a5 01       		.byte	0x1
 829 00a6 11       		.uleb128 0x11
 830 00a7 01       		.uleb128 0x1
 831 00a8 31       		.uleb128 0x31
 832 00a9 13       		.uleb128 0x13
 833 00aa 01       		.uleb128 0x1
 834 00ab 13       		.uleb128 0x13
 835 00ac 00       		.byte	0
 836 00ad 00       		.byte	0
 837 00ae 0E       		.uleb128 0xe
 838 00af 2E       		.uleb128 0x2e
 839 00b0 01       		.byte	0x1
 840 00b1 3F       		.uleb128 0x3f
 841 00b2 19       		.uleb128 0x19
 842 00b3 03       		.uleb128 0x3
 843 00b4 0E       		.uleb128 0xe
 844 00b5 3A       		.uleb128 0x3a
 845 00b6 0B       		.uleb128 0xb
 846 00b7 3B       		.uleb128 0x3b
 847 00b8 05       		.uleb128 0x5
 848 00b9 27       		.uleb128 0x27
 849 00ba 19       		.uleb128 0x19
 850 00bb 11       		.uleb128 0x11
 851 00bc 01       		.uleb128 0x1
 852 00bd 12       		.uleb128 0x12
 853 00be 06       		.uleb128 0x6
 854 00bf 40       		.uleb128 0x40
 855 00c0 18       		.uleb128 0x18
 856 00c1 9742     		.uleb128 0x2117
ARM GAS  C:\Users\Tim\AppData\Local\Temp\cc3e5dW1.s 			page 25


 857 00c3 19       		.uleb128 0x19
 858 00c4 01       		.uleb128 0x1
 859 00c5 13       		.uleb128 0x13
 860 00c6 00       		.byte	0
 861 00c7 00       		.byte	0
 862 00c8 0F       		.uleb128 0xf
 863 00c9 05       		.uleb128 0x5
 864 00ca 00       		.byte	0
 865 00cb 03       		.uleb128 0x3
 866 00cc 0E       		.uleb128 0xe
 867 00cd 3A       		.uleb128 0x3a
 868 00ce 0B       		.uleb128 0xb
 869 00cf 3B       		.uleb128 0x3b
 870 00d0 05       		.uleb128 0x5
 871 00d1 49       		.uleb128 0x49
 872 00d2 13       		.uleb128 0x13
 873 00d3 02       		.uleb128 0x2
 874 00d4 17       		.uleb128 0x17
 875 00d5 00       		.byte	0
 876 00d6 00       		.byte	0
 877 00d7 10       		.uleb128 0x10
 878 00d8 34       		.uleb128 0x34
 879 00d9 00       		.byte	0
 880 00da 03       		.uleb128 0x3
 881 00db 0E       		.uleb128 0xe
 882 00dc 3A       		.uleb128 0x3a
 883 00dd 0B       		.uleb128 0xb
 884 00de 3B       		.uleb128 0x3b
 885 00df 05       		.uleb128 0x5
 886 00e0 49       		.uleb128 0x49
 887 00e1 13       		.uleb128 0x13
 888 00e2 02       		.uleb128 0x2
 889 00e3 17       		.uleb128 0x17
 890 00e4 00       		.byte	0
 891 00e5 00       		.byte	0
 892 00e6 11       		.uleb128 0x11
 893 00e7 05       		.uleb128 0x5
 894 00e8 00       		.byte	0
 895 00e9 03       		.uleb128 0x3
 896 00ea 0E       		.uleb128 0xe
 897 00eb 3A       		.uleb128 0x3a
 898 00ec 0B       		.uleb128 0xb
 899 00ed 3B       		.uleb128 0x3b
 900 00ee 05       		.uleb128 0x5
 901 00ef 49       		.uleb128 0x49
 902 00f0 13       		.uleb128 0x13
 903 00f1 02       		.uleb128 0x2
 904 00f2 18       		.uleb128 0x18
 905 00f3 00       		.byte	0
 906 00f4 00       		.byte	0
 907 00f5 12       		.uleb128 0x12
 908 00f6 34       		.uleb128 0x34
 909 00f7 00       		.byte	0
 910 00f8 03       		.uleb128 0x3
 911 00f9 0E       		.uleb128 0xe
 912 00fa 3A       		.uleb128 0x3a
 913 00fb 0B       		.uleb128 0xb
ARM GAS  C:\Users\Tim\AppData\Local\Temp\cc3e5dW1.s 			page 26


 914 00fc 3B       		.uleb128 0x3b
 915 00fd 0B       		.uleb128 0xb
 916 00fe 49       		.uleb128 0x49
 917 00ff 13       		.uleb128 0x13
 918 0100 3F       		.uleb128 0x3f
 919 0101 19       		.uleb128 0x19
 920 0102 02       		.uleb128 0x2
 921 0103 18       		.uleb128 0x18
 922 0104 00       		.byte	0
 923 0105 00       		.byte	0
 924 0106 13       		.uleb128 0x13
 925 0107 2E       		.uleb128 0x2e
 926 0108 01       		.byte	0x1
 927 0109 3F       		.uleb128 0x3f
 928 010a 19       		.uleb128 0x19
 929 010b 03       		.uleb128 0x3
 930 010c 0E       		.uleb128 0xe
 931 010d 3A       		.uleb128 0x3a
 932 010e 0B       		.uleb128 0xb
 933 010f 3B       		.uleb128 0x3b
 934 0110 0B       		.uleb128 0xb
 935 0111 27       		.uleb128 0x27
 936 0112 19       		.uleb128 0x19
 937 0113 3C       		.uleb128 0x3c
 938 0114 19       		.uleb128 0x19
 939 0115 01       		.uleb128 0x1
 940 0116 13       		.uleb128 0x13
 941 0117 00       		.byte	0
 942 0118 00       		.byte	0
 943 0119 14       		.uleb128 0x14
 944 011a 05       		.uleb128 0x5
 945 011b 00       		.byte	0
 946 011c 49       		.uleb128 0x49
 947 011d 13       		.uleb128 0x13
 948 011e 00       		.byte	0
 949 011f 00       		.byte	0
 950 0120 15       		.uleb128 0x15
 951 0121 2E       		.uleb128 0x2e
 952 0122 00       		.byte	0
 953 0123 3F       		.uleb128 0x3f
 954 0124 19       		.uleb128 0x19
 955 0125 03       		.uleb128 0x3
 956 0126 0E       		.uleb128 0xe
 957 0127 3A       		.uleb128 0x3a
 958 0128 0B       		.uleb128 0xb
 959 0129 3B       		.uleb128 0x3b
 960 012a 0B       		.uleb128 0xb
 961 012b 27       		.uleb128 0x27
 962 012c 19       		.uleb128 0x19
 963 012d 3C       		.uleb128 0x3c
 964 012e 19       		.uleb128 0x19
 965 012f 00       		.byte	0
 966 0130 00       		.byte	0
 967 0131 16       		.uleb128 0x16
 968 0132 2E       		.uleb128 0x2e
 969 0133 01       		.byte	0x1
 970 0134 3F       		.uleb128 0x3f
ARM GAS  C:\Users\Tim\AppData\Local\Temp\cc3e5dW1.s 			page 27


 971 0135 19       		.uleb128 0x19
 972 0136 03       		.uleb128 0x3
 973 0137 0E       		.uleb128 0xe
 974 0138 3A       		.uleb128 0x3a
 975 0139 0B       		.uleb128 0xb
 976 013a 3B       		.uleb128 0x3b
 977 013b 0B       		.uleb128 0xb
 978 013c 27       		.uleb128 0x27
 979 013d 19       		.uleb128 0x19
 980 013e 3C       		.uleb128 0x3c
 981 013f 19       		.uleb128 0x19
 982 0140 00       		.byte	0
 983 0141 00       		.byte	0
 984 0142 00       		.byte	0
 985              		.section	.debug_loc,"",%progbits
 986              	.Ldebug_loc0:
 987              	.LLST0:
 988 0000 00000000 		.4byte	.LVL11
 989 0004 0A000000 		.4byte	.LVL14
 990 0008 0100     		.2byte	0x1
 991 000a 50       		.byte	0x50
 992 000b 0A000000 		.4byte	.LVL14
 993 000f 14000000 		.4byte	.LFE6
 994 0013 0400     		.2byte	0x4
 995 0015 F3       		.byte	0xf3
 996 0016 01       		.uleb128 0x1
 997 0017 50       		.byte	0x50
 998 0018 9F       		.byte	0x9f
 999 0019 00000000 		.4byte	0
 1000 001d 00000000 		.4byte	0
 1001              	.LLST1:
 1002 0021 04000000 		.4byte	.LVL12
 1003 0025 0C000000 		.4byte	.LVL15
 1004 0029 0100     		.2byte	0x1
 1005 002b 53       		.byte	0x53
 1006 002c 0C000000 		.4byte	.LVL15
 1007 0030 14000000 		.4byte	.LFE6
 1008 0034 0100     		.2byte	0x1
 1009 0036 50       		.byte	0x50
 1010 0037 00000000 		.4byte	0
 1011 003b 00000000 		.4byte	0
 1012              	.LLST2:
 1013 003f 00000000 		.4byte	.LVL16
 1014 0043 0A000000 		.4byte	.LVL19
 1015 0047 0100     		.2byte	0x1
 1016 0049 50       		.byte	0x50
 1017 004a 0A000000 		.4byte	.LVL19
 1018 004e 14000000 		.4byte	.LFE7
 1019 0052 0400     		.2byte	0x4
 1020 0054 F3       		.byte	0xf3
 1021 0055 01       		.uleb128 0x1
 1022 0056 50       		.byte	0x50
 1023 0057 9F       		.byte	0x9f
 1024 0058 00000000 		.4byte	0
 1025 005c 00000000 		.4byte	0
 1026              	.LLST3:
 1027 0060 04000000 		.4byte	.LVL17
ARM GAS  C:\Users\Tim\AppData\Local\Temp\cc3e5dW1.s 			page 28


 1028 0064 0C000000 		.4byte	.LVL20
 1029 0068 0100     		.2byte	0x1
 1030 006a 53       		.byte	0x53
 1031 006b 0C000000 		.4byte	.LVL20
 1032 006f 14000000 		.4byte	.LFE7
 1033 0073 0100     		.2byte	0x1
 1034 0075 50       		.byte	0x50
 1035 0076 00000000 		.4byte	0
 1036 007a 00000000 		.4byte	0
 1037              		.section	.debug_aranges,"",%progbits
 1038 0000 64000000 		.4byte	0x64
 1039 0004 0200     		.2byte	0x2
 1040 0006 00000000 		.4byte	.Ldebug_info0
 1041 000a 04       		.byte	0x4
 1042 000b 00       		.byte	0
 1043 000c 0000     		.2byte	0
 1044 000e 0000     		.2byte	0
 1045 0010 00000000 		.4byte	.LFB9
 1046 0014 0A000000 		.4byte	.LFE9-.LFB9
 1047 0018 00000000 		.4byte	.LFB10
 1048 001c 08000000 		.4byte	.LFE10-.LFB10
 1049 0020 00000000 		.4byte	.LFB11
 1050 0024 08000000 		.4byte	.LFE11-.LFB11
 1051 0028 00000000 		.4byte	.LFB2
 1052 002c 08000000 		.4byte	.LFE2-.LFB2
 1053 0030 00000000 		.4byte	.LFB3
 1054 0034 1C000000 		.4byte	.LFE3-.LFB3
 1055 0038 00000000 		.4byte	.LFB4
 1056 003c 20000000 		.4byte	.LFE4-.LFB4
 1057 0040 00000000 		.4byte	.LFB5
 1058 0044 2C000000 		.4byte	.LFE5-.LFB5
 1059 0048 00000000 		.4byte	.LFB6
 1060 004c 14000000 		.4byte	.LFE6-.LFB6
 1061 0050 00000000 		.4byte	.LFB7
 1062 0054 14000000 		.4byte	.LFE7-.LFB7
 1063 0058 00000000 		.4byte	.LFB8
 1064 005c 0C000000 		.4byte	.LFE8-.LFB8
 1065 0060 00000000 		.4byte	0
 1066 0064 00000000 		.4byte	0
 1067              		.section	.debug_ranges,"",%progbits
 1068              	.Ldebug_ranges0:
 1069 0000 00000000 		.4byte	.LFB9
 1070 0004 0A000000 		.4byte	.LFE9
 1071 0008 00000000 		.4byte	.LFB10
 1072 000c 08000000 		.4byte	.LFE10
 1073 0010 00000000 		.4byte	.LFB11
 1074 0014 08000000 		.4byte	.LFE11
 1075 0018 00000000 		.4byte	.LFB2
 1076 001c 08000000 		.4byte	.LFE2
 1077 0020 00000000 		.4byte	.LFB3
 1078 0024 1C000000 		.4byte	.LFE3
 1079 0028 00000000 		.4byte	.LFB4
 1080 002c 20000000 		.4byte	.LFE4
 1081 0030 00000000 		.4byte	.LFB5
 1082 0034 2C000000 		.4byte	.LFE5
 1083 0038 00000000 		.4byte	.LFB6
 1084 003c 14000000 		.4byte	.LFE6
ARM GAS  C:\Users\Tim\AppData\Local\Temp\cc3e5dW1.s 			page 29


 1085 0040 00000000 		.4byte	.LFB7
 1086 0044 14000000 		.4byte	.LFE7
 1087 0048 00000000 		.4byte	.LFB8
 1088 004c 0C000000 		.4byte	.LFE8
 1089 0050 00000000 		.4byte	0
 1090 0054 00000000 		.4byte	0
 1091              		.section	.debug_line,"",%progbits
 1092              	.Ldebug_line0:
 1093 0000 5B010000 		.section	.debug_str,"MS",%progbits,1
 1093      02008600 
 1093      00000201 
 1093      FB0E0D00 
 1093      01010101 
 1094              	.LASF14:
 1095 0000 72656733 		.ascii	"reg32\000"
 1095      3200
 1096              	.LASF27:
 1097 0006 74784669 		.ascii	"txFifoCtrl\000"
 1097      666F4374 
 1097      726C00
 1098              	.LASF25:
 1099 0011 6C657665 		.ascii	"level\000"
 1099      6C00
 1100              	.LASF21:
 1101 0017 55415254 		.ascii	"UARTCOMMS_Start\000"
 1101      434F4D4D 
 1101      535F5374 
 1101      61727400 
 1102              	.LASF3:
 1103 0027 73686F72 		.ascii	"short unsigned int\000"
 1103      7420756E 
 1103      7369676E 
 1103      65642069 
 1103      6E7400
 1104              	.LASF23:
 1105 003a 55415254 		.ascii	"UARTCOMMS_SetRxFifoLevel\000"
 1105      434F4D4D 
 1105      535F5365 
 1105      74527846 
 1105      69666F4C 
 1106              	.LASF20:
 1107 0053 55415254 		.ascii	"UARTCOMMS_Enable\000"
 1107      434F4D4D 
 1107      535F456E 
 1107      61626C65 
 1107      00
 1108              	.LASF11:
 1109 0064 666C6F61 		.ascii	"float\000"
 1109      7400
 1110              	.LASF22:
 1111 006a 55415254 		.ascii	"UARTCOMMS_Stop\000"
 1111      434F4D4D 
 1111      535F5374 
 1111      6F7000
 1112              	.LASF1:
 1113 0079 756E7369 		.ascii	"unsigned char\000"
 1113      676E6564 
ARM GAS  C:\Users\Tim\AppData\Local\Temp\cc3e5dW1.s 			page 30


 1113      20636861 
 1113      7200
 1114              	.LASF5:
 1115 0087 6C6F6E67 		.ascii	"long unsigned int\000"
 1115      20756E73 
 1115      69676E65 
 1115      6420696E 
 1115      7400
 1116              	.LASF9:
 1117 0099 75696E74 		.ascii	"uint8\000"
 1117      3800
 1118              	.LASF32:
 1119 009f 55415254 		.ascii	"UARTCOMMS_UartPostEnable\000"
 1119      434F4D4D 
 1119      535F5561 
 1119      7274506F 
 1119      7374456E 
 1120              	.LASF18:
 1121 00b8 55415254 		.ascii	"UARTCOMMS_ScbModeStop\000"
 1121      434F4D4D 
 1121      535F5363 
 1121      624D6F64 
 1121      6553746F 
 1122              	.LASF30:
 1123 00ce 55415254 		.ascii	"UARTCOMMS_initVar\000"
 1123      434F4D4D 
 1123      535F696E 
 1123      69745661 
 1123      7200
 1124              	.LASF12:
 1125 00e0 646F7562 		.ascii	"double\000"
 1125      6C6500
 1126              	.LASF29:
 1127 00e7 66756E63 		.ascii	"func\000"
 1127      00
 1128              	.LASF35:
 1129 00ec 4379496E 		.ascii	"CyIntEnable\000"
 1129      74456E61 
 1129      626C6500 
 1130              	.LASF31:
 1131 00f8 55415254 		.ascii	"UARTCOMMS_customIntrHandler\000"
 1131      434F4D4D 
 1131      535F6375 
 1131      73746F6D 
 1131      496E7472 
 1132              	.LASF24:
 1133 0114 55415254 		.ascii	"UARTCOMMS_SetTxFifoLevel\000"
 1133      434F4D4D 
 1133      535F5365 
 1133      74547846 
 1133      69666F4C 
 1134              	.LASF10:
 1135 012d 75696E74 		.ascii	"uint32\000"
 1135      333200
 1136              	.LASF34:
 1137 0134 55415254 		.ascii	"UARTCOMMS_UartInit\000"
 1137      434F4D4D 
ARM GAS  C:\Users\Tim\AppData\Local\Temp\cc3e5dW1.s 			page 31


 1137      535F5561 
 1137      7274496E 
 1137      697400
 1138              	.LASF8:
 1139 0147 756E7369 		.ascii	"unsigned int\000"
 1139      676E6564 
 1139      20696E74 
 1139      00
 1140              	.LASF7:
 1141 0154 6C6F6E67 		.ascii	"long long unsigned int\000"
 1141      206C6F6E 
 1141      6720756E 
 1141      7369676E 
 1141      65642069 
 1142              	.LASF28:
 1143 016b 55415254 		.ascii	"UARTCOMMS_SetCustomInterruptHandler\000"
 1143      434F4D4D 
 1143      535F5365 
 1143      74437573 
 1143      746F6D49 
 1144              	.LASF17:
 1145 018f 55415254 		.ascii	"UARTCOMMS_ScbModePostEnable\000"
 1145      434F4D4D 
 1145      535F5363 
 1145      624D6F64 
 1145      65506F73 
 1146              	.LASF40:
 1147 01ab 4379496E 		.ascii	"CyIntClearPending\000"
 1147      74436C65 
 1147      61725065 
 1147      6E64696E 
 1147      6700
 1148              	.LASF15:
 1149 01bd 73697A65 		.ascii	"sizetype\000"
 1149      74797065 
 1149      00
 1150              	.LASF39:
 1151 01c6 443A5C44 		.ascii	"D:\\Documents\\PSoC Creator\\IdeaArlobot\\SingleBoa"
 1151      6F63756D 
 1151      656E7473 
 1151      5C50536F 
 1151      43204372 
 1152 01f5 72644465 		.ascii	"rdDesign-046.cydsn\000"
 1152      7369676E 
 1152      2D303436 
 1152      2E637964 
 1152      736E00
 1153              	.LASF6:
 1154 0208 6C6F6E67 		.ascii	"long long int\000"
 1154      206C6F6E 
 1154      6720696E 
 1154      7400
 1155              	.LASF13:
 1156 0216 63686172 		.ascii	"char\000"
 1156      00
 1157              	.LASF37:
 1158 021b 474E5520 		.ascii	"GNU C 4.9.3 20150303 (release) [ARM/embedded-4_9-br"
ARM GAS  C:\Users\Tim\AppData\Local\Temp\cc3e5dW1.s 			page 32


 1158      4320342E 
 1158      392E3320 
 1158      32303135 
 1158      30333033 
 1159 024e 616E6368 		.ascii	"anch revision 221220] -mcpu=cortex-m0 -mthumb -g -O"
 1159      20726576 
 1159      6973696F 
 1159      6E203232 
 1159      31323230 
 1160 0281 67202D66 		.ascii	"g -ffunction-sections -ffat-lto-objects\000"
 1160      66756E63 
 1160      74696F6E 
 1160      2D736563 
 1160      74696F6E 
 1161              	.LASF36:
 1162 02a9 4379496E 		.ascii	"CyIntDisable\000"
 1162      74446973 
 1162      61626C65 
 1162      00
 1163              	.LASF2:
 1164 02b6 73686F72 		.ascii	"short int\000"
 1164      7420696E 
 1164      7400
 1165              	.LASF38:
 1166 02c0 2E5C4765 		.ascii	".\\Generated_Source\\PSoC4\\UARTCOMMS.c\000"
 1166      6E657261 
 1166      7465645F 
 1166      536F7572 
 1166      63655C50 
 1167              	.LASF26:
 1168 02e5 72784669 		.ascii	"rxFifoCtrl\000"
 1168      666F4374 
 1168      726C00
 1169              	.LASF4:
 1170 02f0 6C6F6E67 		.ascii	"long int\000"
 1170      20696E74 
 1170      00
 1171              	.LASF33:
 1172 02f9 55415254 		.ascii	"UARTCOMMS_UartStop\000"
 1172      434F4D4D 
 1172      535F5561 
 1172      72745374 
 1172      6F7000
 1173              	.LASF0:
 1174 030c 7369676E 		.ascii	"signed char\000"
 1174      65642063 
 1174      68617200 
 1175              	.LASF16:
 1176 0318 55415254 		.ascii	"UARTCOMMS_ScbEnableIntr\000"
 1176      434F4D4D 
 1176      535F5363 
 1176      62456E61 
 1176      626C6549 
 1177              	.LASF19:
 1178 0330 55415254 		.ascii	"UARTCOMMS_Init\000"
 1178      434F4D4D 
 1178      535F496E 
ARM GAS  C:\Users\Tim\AppData\Local\Temp\cc3e5dW1.s 			page 33


 1178      697400
 1179              		.ident	"GCC: (GNU Tools for ARM Embedded Processors) 4.9.3 20150303 (release) [ARM/embedded-4_9-br
