ARM GAS  C:\Users\Tim\AppData\Local\Temp\ccfXo006.s 			page 1


   1              		.cpu cortex-m0
   2              		.fpu softvfp
   3              		.eabi_attribute 20, 1
   4              		.eabi_attribute 21, 1
   5              		.eabi_attribute 23, 3
   6              		.eabi_attribute 24, 1
   7              		.eabi_attribute 25, 1
   8              		.eabi_attribute 26, 1
   9              		.eabi_attribute 30, 1
  10              		.eabi_attribute 34, 0
  11              		.eabi_attribute 18, 4
  12              		.code	16
  13              		.file	"UARTCOMMS_SPI_UART.c"
  14              		.text
  15              	.Ltext0:
  16              		.cfi_sections	.debug_frame
  17              		.section	.text.UARTCOMMS_SpiUartWriteTxData,"ax",%progbits
  18              		.align	2
  19              		.global	UARTCOMMS_SpiUartWriteTxData
  20              		.code	16
  21              		.thumb_func
  22              		.type	UARTCOMMS_SpiUartWriteTxData, %function
  23              	UARTCOMMS_SpiUartWriteTxData:
  24              	.LFB2:
  25              		.file 1 ".\\Generated_Source\\PSoC4\\UARTCOMMS_SPI_UART.c"
   1:.\Generated_Source\PSoC4/UARTCOMMS_SPI_UART.c **** /*******************************************************************************
   2:.\Generated_Source\PSoC4/UARTCOMMS_SPI_UART.c **** * File Name: UARTCOMMS_SPI_UART.c
   3:.\Generated_Source\PSoC4/UARTCOMMS_SPI_UART.c **** * Version 3.10
   4:.\Generated_Source\PSoC4/UARTCOMMS_SPI_UART.c **** *
   5:.\Generated_Source\PSoC4/UARTCOMMS_SPI_UART.c **** * Description:
   6:.\Generated_Source\PSoC4/UARTCOMMS_SPI_UART.c **** *  This file provides the source code to the API for the SCB Component in
   7:.\Generated_Source\PSoC4/UARTCOMMS_SPI_UART.c **** *  SPI and UART modes.
   8:.\Generated_Source\PSoC4/UARTCOMMS_SPI_UART.c **** *
   9:.\Generated_Source\PSoC4/UARTCOMMS_SPI_UART.c **** * Note:
  10:.\Generated_Source\PSoC4/UARTCOMMS_SPI_UART.c **** *
  11:.\Generated_Source\PSoC4/UARTCOMMS_SPI_UART.c **** *******************************************************************************
  12:.\Generated_Source\PSoC4/UARTCOMMS_SPI_UART.c **** * Copyright 2013-2015, Cypress Semiconductor Corporation.  All rights reserved.
  13:.\Generated_Source\PSoC4/UARTCOMMS_SPI_UART.c **** * You may use this file only in accordance with the license, terms, conditions,
  14:.\Generated_Source\PSoC4/UARTCOMMS_SPI_UART.c **** * disclaimers, and limitations in the end user license agreement accompanying
  15:.\Generated_Source\PSoC4/UARTCOMMS_SPI_UART.c **** * the software package with which this file was provided.
  16:.\Generated_Source\PSoC4/UARTCOMMS_SPI_UART.c **** *******************************************************************************/
  17:.\Generated_Source\PSoC4/UARTCOMMS_SPI_UART.c **** 
  18:.\Generated_Source\PSoC4/UARTCOMMS_SPI_UART.c **** #include "UARTCOMMS_PVT.h"
  19:.\Generated_Source\PSoC4/UARTCOMMS_SPI_UART.c **** #include "UARTCOMMS_SPI_UART_PVT.h"
  20:.\Generated_Source\PSoC4/UARTCOMMS_SPI_UART.c **** 
  21:.\Generated_Source\PSoC4/UARTCOMMS_SPI_UART.c **** /***************************************
  22:.\Generated_Source\PSoC4/UARTCOMMS_SPI_UART.c **** *        SPI/UART Private Vars
  23:.\Generated_Source\PSoC4/UARTCOMMS_SPI_UART.c **** ***************************************/
  24:.\Generated_Source\PSoC4/UARTCOMMS_SPI_UART.c **** 
  25:.\Generated_Source\PSoC4/UARTCOMMS_SPI_UART.c **** #if(UARTCOMMS_INTERNAL_RX_SW_BUFFER_CONST)
  26:.\Generated_Source\PSoC4/UARTCOMMS_SPI_UART.c ****     volatile uint32 UARTCOMMS_rxBufferHead;
  27:.\Generated_Source\PSoC4/UARTCOMMS_SPI_UART.c ****     volatile uint32 UARTCOMMS_rxBufferTail;
  28:.\Generated_Source\PSoC4/UARTCOMMS_SPI_UART.c ****     volatile uint8  UARTCOMMS_rxBufferOverflow;
  29:.\Generated_Source\PSoC4/UARTCOMMS_SPI_UART.c **** #endif /* (UARTCOMMS_INTERNAL_RX_SW_BUFFER_CONST) */
  30:.\Generated_Source\PSoC4/UARTCOMMS_SPI_UART.c **** 
  31:.\Generated_Source\PSoC4/UARTCOMMS_SPI_UART.c **** #if(UARTCOMMS_INTERNAL_TX_SW_BUFFER_CONST)
  32:.\Generated_Source\PSoC4/UARTCOMMS_SPI_UART.c ****     volatile uint32 UARTCOMMS_txBufferHead;
ARM GAS  C:\Users\Tim\AppData\Local\Temp\ccfXo006.s 			page 2


  33:.\Generated_Source\PSoC4/UARTCOMMS_SPI_UART.c ****     volatile uint32 UARTCOMMS_txBufferTail;
  34:.\Generated_Source\PSoC4/UARTCOMMS_SPI_UART.c **** #endif /* (UARTCOMMS_INTERNAL_TX_SW_BUFFER_CONST) */
  35:.\Generated_Source\PSoC4/UARTCOMMS_SPI_UART.c **** 
  36:.\Generated_Source\PSoC4/UARTCOMMS_SPI_UART.c **** #if(UARTCOMMS_INTERNAL_RX_SW_BUFFER)
  37:.\Generated_Source\PSoC4/UARTCOMMS_SPI_UART.c ****     /* Add one element to the buffer to receive full packet. One byte in receive buffer is always e
  38:.\Generated_Source\PSoC4/UARTCOMMS_SPI_UART.c ****     volatile uint8 UARTCOMMS_rxBufferInternal[UARTCOMMS_INTERNAL_RX_BUFFER_SIZE];
  39:.\Generated_Source\PSoC4/UARTCOMMS_SPI_UART.c **** #endif /* (UARTCOMMS_INTERNAL_RX_SW_BUFFER) */
  40:.\Generated_Source\PSoC4/UARTCOMMS_SPI_UART.c **** 
  41:.\Generated_Source\PSoC4/UARTCOMMS_SPI_UART.c **** #if(UARTCOMMS_INTERNAL_TX_SW_BUFFER)
  42:.\Generated_Source\PSoC4/UARTCOMMS_SPI_UART.c ****     volatile uint8 UARTCOMMS_txBufferInternal[UARTCOMMS_TX_BUFFER_SIZE];
  43:.\Generated_Source\PSoC4/UARTCOMMS_SPI_UART.c **** #endif /* (UARTCOMMS_INTERNAL_TX_SW_BUFFER) */
  44:.\Generated_Source\PSoC4/UARTCOMMS_SPI_UART.c **** 
  45:.\Generated_Source\PSoC4/UARTCOMMS_SPI_UART.c **** 
  46:.\Generated_Source\PSoC4/UARTCOMMS_SPI_UART.c **** #if(UARTCOMMS_RX_DIRECTION)
  47:.\Generated_Source\PSoC4/UARTCOMMS_SPI_UART.c ****     /*******************************************************************************
  48:.\Generated_Source\PSoC4/UARTCOMMS_SPI_UART.c ****     * Function Name: UARTCOMMS_SpiUartReadRxData
  49:.\Generated_Source\PSoC4/UARTCOMMS_SPI_UART.c ****     ********************************************************************************
  50:.\Generated_Source\PSoC4/UARTCOMMS_SPI_UART.c ****     *
  51:.\Generated_Source\PSoC4/UARTCOMMS_SPI_UART.c ****     * Summary:
  52:.\Generated_Source\PSoC4/UARTCOMMS_SPI_UART.c ****     *  Retrieves the next data element from the receive buffer.
  53:.\Generated_Source\PSoC4/UARTCOMMS_SPI_UART.c ****     *   - RX software buffer is disabled: Returns data element retrieved from
  54:.\Generated_Source\PSoC4/UARTCOMMS_SPI_UART.c ****     *     RX FIFO. Undefined data will be returned if the RX FIFO is empty.
  55:.\Generated_Source\PSoC4/UARTCOMMS_SPI_UART.c ****     *   - RX software buffer is enabled: Returns data element from the software
  56:.\Generated_Source\PSoC4/UARTCOMMS_SPI_UART.c ****     *     receive buffer. Zero value is returned if the software receive buffer
  57:.\Generated_Source\PSoC4/UARTCOMMS_SPI_UART.c ****     *     is empty.
  58:.\Generated_Source\PSoC4/UARTCOMMS_SPI_UART.c ****     *
  59:.\Generated_Source\PSoC4/UARTCOMMS_SPI_UART.c ****     * Parameters:
  60:.\Generated_Source\PSoC4/UARTCOMMS_SPI_UART.c ****     *  None
  61:.\Generated_Source\PSoC4/UARTCOMMS_SPI_UART.c ****     *
  62:.\Generated_Source\PSoC4/UARTCOMMS_SPI_UART.c ****     * Return:
  63:.\Generated_Source\PSoC4/UARTCOMMS_SPI_UART.c ****     *  Next data element from the receive buffer.
  64:.\Generated_Source\PSoC4/UARTCOMMS_SPI_UART.c ****     *
  65:.\Generated_Source\PSoC4/UARTCOMMS_SPI_UART.c ****     * Global Variables:
  66:.\Generated_Source\PSoC4/UARTCOMMS_SPI_UART.c ****     *  Look into UARTCOMMS_SpiInit for description.
  67:.\Generated_Source\PSoC4/UARTCOMMS_SPI_UART.c ****     *
  68:.\Generated_Source\PSoC4/UARTCOMMS_SPI_UART.c ****     *******************************************************************************/
  69:.\Generated_Source\PSoC4/UARTCOMMS_SPI_UART.c ****     uint32 UARTCOMMS_SpiUartReadRxData(void)
  70:.\Generated_Source\PSoC4/UARTCOMMS_SPI_UART.c ****     {
  71:.\Generated_Source\PSoC4/UARTCOMMS_SPI_UART.c ****         uint32 rxData = 0u;
  72:.\Generated_Source\PSoC4/UARTCOMMS_SPI_UART.c **** 
  73:.\Generated_Source\PSoC4/UARTCOMMS_SPI_UART.c ****     #if (UARTCOMMS_INTERNAL_RX_SW_BUFFER_CONST)
  74:.\Generated_Source\PSoC4/UARTCOMMS_SPI_UART.c ****         uint32 locTail;
  75:.\Generated_Source\PSoC4/UARTCOMMS_SPI_UART.c ****     #endif /* (UARTCOMMS_INTERNAL_RX_SW_BUFFER_CONST) */
  76:.\Generated_Source\PSoC4/UARTCOMMS_SPI_UART.c **** 
  77:.\Generated_Source\PSoC4/UARTCOMMS_SPI_UART.c ****         #if (UARTCOMMS_CHECK_RX_SW_BUFFER)
  78:.\Generated_Source\PSoC4/UARTCOMMS_SPI_UART.c ****         {
  79:.\Generated_Source\PSoC4/UARTCOMMS_SPI_UART.c ****             if (UARTCOMMS_rxBufferHead != UARTCOMMS_rxBufferTail)
  80:.\Generated_Source\PSoC4/UARTCOMMS_SPI_UART.c ****             {
  81:.\Generated_Source\PSoC4/UARTCOMMS_SPI_UART.c ****                 /* There is data in RX software buffer */
  82:.\Generated_Source\PSoC4/UARTCOMMS_SPI_UART.c **** 
  83:.\Generated_Source\PSoC4/UARTCOMMS_SPI_UART.c ****                 /* Calculate index to read from */
  84:.\Generated_Source\PSoC4/UARTCOMMS_SPI_UART.c ****                 locTail = (UARTCOMMS_rxBufferTail + 1u);
  85:.\Generated_Source\PSoC4/UARTCOMMS_SPI_UART.c **** 
  86:.\Generated_Source\PSoC4/UARTCOMMS_SPI_UART.c ****                 if (UARTCOMMS_INTERNAL_RX_BUFFER_SIZE == locTail)
  87:.\Generated_Source\PSoC4/UARTCOMMS_SPI_UART.c ****                 {
  88:.\Generated_Source\PSoC4/UARTCOMMS_SPI_UART.c ****                     locTail = 0u;
  89:.\Generated_Source\PSoC4/UARTCOMMS_SPI_UART.c ****                 }
ARM GAS  C:\Users\Tim\AppData\Local\Temp\ccfXo006.s 			page 3


  90:.\Generated_Source\PSoC4/UARTCOMMS_SPI_UART.c **** 
  91:.\Generated_Source\PSoC4/UARTCOMMS_SPI_UART.c ****                 /* Get data from RX software buffer */
  92:.\Generated_Source\PSoC4/UARTCOMMS_SPI_UART.c ****                 rxData = UARTCOMMS_GetWordFromRxBuffer(locTail);
  93:.\Generated_Source\PSoC4/UARTCOMMS_SPI_UART.c **** 
  94:.\Generated_Source\PSoC4/UARTCOMMS_SPI_UART.c ****                 /* Change index in the buffer */
  95:.\Generated_Source\PSoC4/UARTCOMMS_SPI_UART.c ****                 UARTCOMMS_rxBufferTail = locTail;
  96:.\Generated_Source\PSoC4/UARTCOMMS_SPI_UART.c **** 
  97:.\Generated_Source\PSoC4/UARTCOMMS_SPI_UART.c ****                 #if (UARTCOMMS_CHECK_UART_RTS_CONTROL_FLOW)
  98:.\Generated_Source\PSoC4/UARTCOMMS_SPI_UART.c ****                 {
  99:.\Generated_Source\PSoC4/UARTCOMMS_SPI_UART.c ****                     /* Check if RX Not Empty is disabled in the interrupt */
 100:.\Generated_Source\PSoC4/UARTCOMMS_SPI_UART.c ****                     if (0u == (UARTCOMMS_INTR_RX_MASK_REG & UARTCOMMS_INTR_RX_NOT_EMPTY))
 101:.\Generated_Source\PSoC4/UARTCOMMS_SPI_UART.c ****                     {
 102:.\Generated_Source\PSoC4/UARTCOMMS_SPI_UART.c ****                         /* Enable RX Not Empty interrupt source to continue
 103:.\Generated_Source\PSoC4/UARTCOMMS_SPI_UART.c ****                         * receiving data into software buffer.
 104:.\Generated_Source\PSoC4/UARTCOMMS_SPI_UART.c ****                         */
 105:.\Generated_Source\PSoC4/UARTCOMMS_SPI_UART.c ****                         UARTCOMMS_INTR_RX_MASK_REG |= UARTCOMMS_INTR_RX_NOT_EMPTY;
 106:.\Generated_Source\PSoC4/UARTCOMMS_SPI_UART.c ****                     }
 107:.\Generated_Source\PSoC4/UARTCOMMS_SPI_UART.c ****                 }
 108:.\Generated_Source\PSoC4/UARTCOMMS_SPI_UART.c ****                 #endif
 109:.\Generated_Source\PSoC4/UARTCOMMS_SPI_UART.c **** 
 110:.\Generated_Source\PSoC4/UARTCOMMS_SPI_UART.c ****             }
 111:.\Generated_Source\PSoC4/UARTCOMMS_SPI_UART.c ****         }
 112:.\Generated_Source\PSoC4/UARTCOMMS_SPI_UART.c ****         #else
 113:.\Generated_Source\PSoC4/UARTCOMMS_SPI_UART.c ****         {
 114:.\Generated_Source\PSoC4/UARTCOMMS_SPI_UART.c ****             /* Read data from RX FIFO */
 115:.\Generated_Source\PSoC4/UARTCOMMS_SPI_UART.c ****             rxData = UARTCOMMS_RX_FIFO_RD_REG;
 116:.\Generated_Source\PSoC4/UARTCOMMS_SPI_UART.c ****         }
 117:.\Generated_Source\PSoC4/UARTCOMMS_SPI_UART.c ****         #endif
 118:.\Generated_Source\PSoC4/UARTCOMMS_SPI_UART.c **** 
 119:.\Generated_Source\PSoC4/UARTCOMMS_SPI_UART.c ****         return (rxData);
 120:.\Generated_Source\PSoC4/UARTCOMMS_SPI_UART.c ****     }
 121:.\Generated_Source\PSoC4/UARTCOMMS_SPI_UART.c **** 
 122:.\Generated_Source\PSoC4/UARTCOMMS_SPI_UART.c **** 
 123:.\Generated_Source\PSoC4/UARTCOMMS_SPI_UART.c ****     /*******************************************************************************
 124:.\Generated_Source\PSoC4/UARTCOMMS_SPI_UART.c ****     * Function Name: UARTCOMMS_SpiUartGetRxBufferSize
 125:.\Generated_Source\PSoC4/UARTCOMMS_SPI_UART.c ****     ********************************************************************************
 126:.\Generated_Source\PSoC4/UARTCOMMS_SPI_UART.c ****     *
 127:.\Generated_Source\PSoC4/UARTCOMMS_SPI_UART.c ****     * Summary:
 128:.\Generated_Source\PSoC4/UARTCOMMS_SPI_UART.c ****     *  Returns the number of received data elements in the receive buffer.
 129:.\Generated_Source\PSoC4/UARTCOMMS_SPI_UART.c ****     *   - RX software buffer disabled: returns the number of used entries in
 130:.\Generated_Source\PSoC4/UARTCOMMS_SPI_UART.c ****     *     RX FIFO.
 131:.\Generated_Source\PSoC4/UARTCOMMS_SPI_UART.c ****     *   - RX software buffer enabled: returns the number of elements which were
 132:.\Generated_Source\PSoC4/UARTCOMMS_SPI_UART.c ****     *     placed in the receive buffer. This does not include the hardware RX FIFO.
 133:.\Generated_Source\PSoC4/UARTCOMMS_SPI_UART.c ****     *
 134:.\Generated_Source\PSoC4/UARTCOMMS_SPI_UART.c ****     * Parameters:
 135:.\Generated_Source\PSoC4/UARTCOMMS_SPI_UART.c ****     *  None
 136:.\Generated_Source\PSoC4/UARTCOMMS_SPI_UART.c ****     *
 137:.\Generated_Source\PSoC4/UARTCOMMS_SPI_UART.c ****     * Return:
 138:.\Generated_Source\PSoC4/UARTCOMMS_SPI_UART.c ****     *  Number of received data elements
 139:.\Generated_Source\PSoC4/UARTCOMMS_SPI_UART.c ****     *
 140:.\Generated_Source\PSoC4/UARTCOMMS_SPI_UART.c ****     *******************************************************************************/
 141:.\Generated_Source\PSoC4/UARTCOMMS_SPI_UART.c ****     uint32 UARTCOMMS_SpiUartGetRxBufferSize(void)
 142:.\Generated_Source\PSoC4/UARTCOMMS_SPI_UART.c ****     {
 143:.\Generated_Source\PSoC4/UARTCOMMS_SPI_UART.c ****         uint32 size;
 144:.\Generated_Source\PSoC4/UARTCOMMS_SPI_UART.c ****     #if (UARTCOMMS_INTERNAL_RX_SW_BUFFER_CONST)
 145:.\Generated_Source\PSoC4/UARTCOMMS_SPI_UART.c ****         uint32 locHead;
 146:.\Generated_Source\PSoC4/UARTCOMMS_SPI_UART.c ****     #endif /* (UARTCOMMS_INTERNAL_RX_SW_BUFFER_CONST) */
ARM GAS  C:\Users\Tim\AppData\Local\Temp\ccfXo006.s 			page 4


 147:.\Generated_Source\PSoC4/UARTCOMMS_SPI_UART.c **** 
 148:.\Generated_Source\PSoC4/UARTCOMMS_SPI_UART.c ****         #if (UARTCOMMS_CHECK_RX_SW_BUFFER)
 149:.\Generated_Source\PSoC4/UARTCOMMS_SPI_UART.c ****         {
 150:.\Generated_Source\PSoC4/UARTCOMMS_SPI_UART.c ****             locHead = UARTCOMMS_rxBufferHead;
 151:.\Generated_Source\PSoC4/UARTCOMMS_SPI_UART.c **** 
 152:.\Generated_Source\PSoC4/UARTCOMMS_SPI_UART.c ****             if(locHead >= UARTCOMMS_rxBufferTail)
 153:.\Generated_Source\PSoC4/UARTCOMMS_SPI_UART.c ****             {
 154:.\Generated_Source\PSoC4/UARTCOMMS_SPI_UART.c ****                 size = (locHead - UARTCOMMS_rxBufferTail);
 155:.\Generated_Source\PSoC4/UARTCOMMS_SPI_UART.c ****             }
 156:.\Generated_Source\PSoC4/UARTCOMMS_SPI_UART.c ****             else
 157:.\Generated_Source\PSoC4/UARTCOMMS_SPI_UART.c ****             {
 158:.\Generated_Source\PSoC4/UARTCOMMS_SPI_UART.c ****                 size = (locHead + (UARTCOMMS_INTERNAL_RX_BUFFER_SIZE - UARTCOMMS_rxBufferTail));
 159:.\Generated_Source\PSoC4/UARTCOMMS_SPI_UART.c ****             }
 160:.\Generated_Source\PSoC4/UARTCOMMS_SPI_UART.c ****         }
 161:.\Generated_Source\PSoC4/UARTCOMMS_SPI_UART.c ****         #else
 162:.\Generated_Source\PSoC4/UARTCOMMS_SPI_UART.c ****         {
 163:.\Generated_Source\PSoC4/UARTCOMMS_SPI_UART.c ****             size = UARTCOMMS_GET_RX_FIFO_ENTRIES;
 164:.\Generated_Source\PSoC4/UARTCOMMS_SPI_UART.c ****         }
 165:.\Generated_Source\PSoC4/UARTCOMMS_SPI_UART.c ****         #endif
 166:.\Generated_Source\PSoC4/UARTCOMMS_SPI_UART.c **** 
 167:.\Generated_Source\PSoC4/UARTCOMMS_SPI_UART.c ****         return (size);
 168:.\Generated_Source\PSoC4/UARTCOMMS_SPI_UART.c ****     }
 169:.\Generated_Source\PSoC4/UARTCOMMS_SPI_UART.c **** 
 170:.\Generated_Source\PSoC4/UARTCOMMS_SPI_UART.c **** 
 171:.\Generated_Source\PSoC4/UARTCOMMS_SPI_UART.c ****     /*******************************************************************************
 172:.\Generated_Source\PSoC4/UARTCOMMS_SPI_UART.c ****     * Function Name: UARTCOMMS_SpiUartClearRxBuffer
 173:.\Generated_Source\PSoC4/UARTCOMMS_SPI_UART.c ****     ********************************************************************************
 174:.\Generated_Source\PSoC4/UARTCOMMS_SPI_UART.c ****     *
 175:.\Generated_Source\PSoC4/UARTCOMMS_SPI_UART.c ****     * Summary:
 176:.\Generated_Source\PSoC4/UARTCOMMS_SPI_UART.c ****     *  Clears the receive buffer and RX FIFO.
 177:.\Generated_Source\PSoC4/UARTCOMMS_SPI_UART.c ****     *
 178:.\Generated_Source\PSoC4/UARTCOMMS_SPI_UART.c ****     * Parameters:
 179:.\Generated_Source\PSoC4/UARTCOMMS_SPI_UART.c ****     *  None
 180:.\Generated_Source\PSoC4/UARTCOMMS_SPI_UART.c ****     *
 181:.\Generated_Source\PSoC4/UARTCOMMS_SPI_UART.c ****     * Return:
 182:.\Generated_Source\PSoC4/UARTCOMMS_SPI_UART.c ****     *  None
 183:.\Generated_Source\PSoC4/UARTCOMMS_SPI_UART.c ****     *
 184:.\Generated_Source\PSoC4/UARTCOMMS_SPI_UART.c ****     *******************************************************************************/
 185:.\Generated_Source\PSoC4/UARTCOMMS_SPI_UART.c ****     void UARTCOMMS_SpiUartClearRxBuffer(void)
 186:.\Generated_Source\PSoC4/UARTCOMMS_SPI_UART.c ****     {
 187:.\Generated_Source\PSoC4/UARTCOMMS_SPI_UART.c ****         #if (UARTCOMMS_CHECK_RX_SW_BUFFER)
 188:.\Generated_Source\PSoC4/UARTCOMMS_SPI_UART.c ****         {
 189:.\Generated_Source\PSoC4/UARTCOMMS_SPI_UART.c ****             /* Lock from component interruption */
 190:.\Generated_Source\PSoC4/UARTCOMMS_SPI_UART.c ****             UARTCOMMS_DisableInt();
 191:.\Generated_Source\PSoC4/UARTCOMMS_SPI_UART.c **** 
 192:.\Generated_Source\PSoC4/UARTCOMMS_SPI_UART.c ****             /* Flush RX software buffer */
 193:.\Generated_Source\PSoC4/UARTCOMMS_SPI_UART.c ****             UARTCOMMS_rxBufferHead = UARTCOMMS_rxBufferTail;
 194:.\Generated_Source\PSoC4/UARTCOMMS_SPI_UART.c ****             UARTCOMMS_rxBufferOverflow = 0u;
 195:.\Generated_Source\PSoC4/UARTCOMMS_SPI_UART.c **** 
 196:.\Generated_Source\PSoC4/UARTCOMMS_SPI_UART.c ****             UARTCOMMS_CLEAR_RX_FIFO;
 197:.\Generated_Source\PSoC4/UARTCOMMS_SPI_UART.c ****             UARTCOMMS_ClearRxInterruptSource(UARTCOMMS_INTR_RX_ALL);
 198:.\Generated_Source\PSoC4/UARTCOMMS_SPI_UART.c **** 
 199:.\Generated_Source\PSoC4/UARTCOMMS_SPI_UART.c ****             #if (UARTCOMMS_CHECK_UART_RTS_CONTROL_FLOW)
 200:.\Generated_Source\PSoC4/UARTCOMMS_SPI_UART.c ****             {
 201:.\Generated_Source\PSoC4/UARTCOMMS_SPI_UART.c ****                 /* Enable RX Not Empty interrupt source to continue receiving
 202:.\Generated_Source\PSoC4/UARTCOMMS_SPI_UART.c ****                 * data into software buffer.
 203:.\Generated_Source\PSoC4/UARTCOMMS_SPI_UART.c ****                 */
ARM GAS  C:\Users\Tim\AppData\Local\Temp\ccfXo006.s 			page 5


 204:.\Generated_Source\PSoC4/UARTCOMMS_SPI_UART.c ****                 UARTCOMMS_INTR_RX_MASK_REG |= UARTCOMMS_INTR_RX_NOT_EMPTY;
 205:.\Generated_Source\PSoC4/UARTCOMMS_SPI_UART.c ****             }
 206:.\Generated_Source\PSoC4/UARTCOMMS_SPI_UART.c ****             #endif
 207:.\Generated_Source\PSoC4/UARTCOMMS_SPI_UART.c **** 
 208:.\Generated_Source\PSoC4/UARTCOMMS_SPI_UART.c ****             /* Release lock */
 209:.\Generated_Source\PSoC4/UARTCOMMS_SPI_UART.c ****             UARTCOMMS_EnableInt();
 210:.\Generated_Source\PSoC4/UARTCOMMS_SPI_UART.c ****         }
 211:.\Generated_Source\PSoC4/UARTCOMMS_SPI_UART.c ****         #else
 212:.\Generated_Source\PSoC4/UARTCOMMS_SPI_UART.c ****         {
 213:.\Generated_Source\PSoC4/UARTCOMMS_SPI_UART.c ****             UARTCOMMS_CLEAR_RX_FIFO;
 214:.\Generated_Source\PSoC4/UARTCOMMS_SPI_UART.c ****         }
 215:.\Generated_Source\PSoC4/UARTCOMMS_SPI_UART.c ****         #endif
 216:.\Generated_Source\PSoC4/UARTCOMMS_SPI_UART.c ****     }
 217:.\Generated_Source\PSoC4/UARTCOMMS_SPI_UART.c **** 
 218:.\Generated_Source\PSoC4/UARTCOMMS_SPI_UART.c **** #endif /* (UARTCOMMS_RX_DIRECTION) */
 219:.\Generated_Source\PSoC4/UARTCOMMS_SPI_UART.c **** 
 220:.\Generated_Source\PSoC4/UARTCOMMS_SPI_UART.c **** 
 221:.\Generated_Source\PSoC4/UARTCOMMS_SPI_UART.c **** #if(UARTCOMMS_TX_DIRECTION)
 222:.\Generated_Source\PSoC4/UARTCOMMS_SPI_UART.c ****     /*******************************************************************************
 223:.\Generated_Source\PSoC4/UARTCOMMS_SPI_UART.c ****     * Function Name: UARTCOMMS_SpiUartWriteTxData
 224:.\Generated_Source\PSoC4/UARTCOMMS_SPI_UART.c ****     ********************************************************************************
 225:.\Generated_Source\PSoC4/UARTCOMMS_SPI_UART.c ****     *
 226:.\Generated_Source\PSoC4/UARTCOMMS_SPI_UART.c ****     * Summary:
 227:.\Generated_Source\PSoC4/UARTCOMMS_SPI_UART.c ****     *  Places a data entry into the transmit buffer to be sent at the next available
 228:.\Generated_Source\PSoC4/UARTCOMMS_SPI_UART.c ****     *  bus time.
 229:.\Generated_Source\PSoC4/UARTCOMMS_SPI_UART.c ****     *  This function is blocking and waits until there is space available to put the
 230:.\Generated_Source\PSoC4/UARTCOMMS_SPI_UART.c ****     *  requested data in the transmit buffer.
 231:.\Generated_Source\PSoC4/UARTCOMMS_SPI_UART.c ****     *
 232:.\Generated_Source\PSoC4/UARTCOMMS_SPI_UART.c ****     * Parameters:
 233:.\Generated_Source\PSoC4/UARTCOMMS_SPI_UART.c ****     *  txDataByte: the data to be transmitted.
 234:.\Generated_Source\PSoC4/UARTCOMMS_SPI_UART.c ****     *
 235:.\Generated_Source\PSoC4/UARTCOMMS_SPI_UART.c ****     * Return:
 236:.\Generated_Source\PSoC4/UARTCOMMS_SPI_UART.c ****     *  None
 237:.\Generated_Source\PSoC4/UARTCOMMS_SPI_UART.c ****     *
 238:.\Generated_Source\PSoC4/UARTCOMMS_SPI_UART.c ****     *******************************************************************************/
 239:.\Generated_Source\PSoC4/UARTCOMMS_SPI_UART.c ****     void UARTCOMMS_SpiUartWriteTxData(uint32 txData)
 240:.\Generated_Source\PSoC4/UARTCOMMS_SPI_UART.c ****     {
  26              		.loc 1 240 0
  27              		.cfi_startproc
  28              	.LVL0:
 241:.\Generated_Source\PSoC4/UARTCOMMS_SPI_UART.c ****     #if (UARTCOMMS_INTERNAL_TX_SW_BUFFER_CONST)
 242:.\Generated_Source\PSoC4/UARTCOMMS_SPI_UART.c ****         uint32 locHead;
 243:.\Generated_Source\PSoC4/UARTCOMMS_SPI_UART.c ****     #endif /* (UARTCOMMS_INTERNAL_TX_SW_BUFFER_CONST) */
 244:.\Generated_Source\PSoC4/UARTCOMMS_SPI_UART.c **** 
 245:.\Generated_Source\PSoC4/UARTCOMMS_SPI_UART.c ****         #if (UARTCOMMS_CHECK_TX_SW_BUFFER)
 246:.\Generated_Source\PSoC4/UARTCOMMS_SPI_UART.c ****         {
 247:.\Generated_Source\PSoC4/UARTCOMMS_SPI_UART.c ****             /* Put data directly into the TX FIFO */
 248:.\Generated_Source\PSoC4/UARTCOMMS_SPI_UART.c ****             if ((UARTCOMMS_txBufferHead == UARTCOMMS_txBufferTail) &&
  29              		.loc 1 248 0
  30 0000 144B     		ldr	r3, .L7
  31 0002 1A68     		ldr	r2, [r3]
  32 0004 144B     		ldr	r3, .L7+4
  33 0006 1B68     		ldr	r3, [r3]
  34 0008 9A42     		cmp	r2, r3
  35 000a 08D1     		bne	.L2
 249:.\Generated_Source\PSoC4/UARTCOMMS_SPI_UART.c ****                 (UARTCOMMS_SPI_UART_FIFO_SIZE != UARTCOMMS_GET_TX_FIFO_ENTRIES))
  36              		.loc 1 249 0 discriminator 1
ARM GAS  C:\Users\Tim\AppData\Local\Temp\ccfXo006.s 			page 6


  37 000c 134B     		ldr	r3, .L7+8
  38 000e 1B68     		ldr	r3, [r3]
  39 0010 1F22     		mov	r2, #31
  40 0012 1340     		and	r3, r2
 248:.\Generated_Source\PSoC4/UARTCOMMS_SPI_UART.c ****                 (UARTCOMMS_SPI_UART_FIFO_SIZE != UARTCOMMS_GET_TX_FIFO_ENTRIES))
  41              		.loc 1 248 0 discriminator 1
  42 0014 082B     		cmp	r3, #8
  43 0016 02D0     		beq	.L2
 250:.\Generated_Source\PSoC4/UARTCOMMS_SPI_UART.c ****             {
 251:.\Generated_Source\PSoC4/UARTCOMMS_SPI_UART.c ****                 /* TX software buffer is empty: put data directly in TX FIFO */
 252:.\Generated_Source\PSoC4/UARTCOMMS_SPI_UART.c ****                 UARTCOMMS_TX_FIFO_WR_REG = txData;
  44              		.loc 1 252 0
  45 0018 114B     		ldr	r3, .L7+12
  46 001a 1860     		str	r0, [r3]
  47 001c 19E0     		b	.L1
  48              	.L2:
 253:.\Generated_Source\PSoC4/UARTCOMMS_SPI_UART.c ****             }
 254:.\Generated_Source\PSoC4/UARTCOMMS_SPI_UART.c ****             /* Put data into TX software buffer */
 255:.\Generated_Source\PSoC4/UARTCOMMS_SPI_UART.c ****             else
 256:.\Generated_Source\PSoC4/UARTCOMMS_SPI_UART.c ****             {
 257:.\Generated_Source\PSoC4/UARTCOMMS_SPI_UART.c ****                 /* Head index to put data */
 258:.\Generated_Source\PSoC4/UARTCOMMS_SPI_UART.c ****                 locHead = (UARTCOMMS_txBufferHead + 1u);
  49              		.loc 1 258 0
  50 001e 0D4B     		ldr	r3, .L7
  51 0020 1B68     		ldr	r3, [r3]
  52              	.LVL1:
 259:.\Generated_Source\PSoC4/UARTCOMMS_SPI_UART.c **** 
 260:.\Generated_Source\PSoC4/UARTCOMMS_SPI_UART.c ****                 /* Adjust TX software buffer index */
 261:.\Generated_Source\PSoC4/UARTCOMMS_SPI_UART.c ****                 if (UARTCOMMS_TX_BUFFER_SIZE == locHead)
  53              		.loc 1 261 0
  54 0022 5A1C     		add	r2, r3, #1
  55              	.LVL2:
  56 0024 FF2B     		cmp	r3, #255
  57 0026 00D1     		bne	.L5
 262:.\Generated_Source\PSoC4/UARTCOMMS_SPI_UART.c ****                 {
 263:.\Generated_Source\PSoC4/UARTCOMMS_SPI_UART.c ****                     locHead = 0u;
  58              		.loc 1 263 0
  59 0028 0022     		mov	r2, #0
  60              	.LVL3:
  61              	.L5:
 264:.\Generated_Source\PSoC4/UARTCOMMS_SPI_UART.c ****                 }
 265:.\Generated_Source\PSoC4/UARTCOMMS_SPI_UART.c **** 
 266:.\Generated_Source\PSoC4/UARTCOMMS_SPI_UART.c ****                 /* Wait for space in TX software buffer */
 267:.\Generated_Source\PSoC4/UARTCOMMS_SPI_UART.c ****                 while (locHead == UARTCOMMS_txBufferTail)
  62              		.loc 1 267 0 discriminator 1
  63 002a 0B4B     		ldr	r3, .L7+4
  64 002c 1B68     		ldr	r3, [r3]
  65 002e 9A42     		cmp	r2, r3
  66 0030 FBD0     		beq	.L5
 268:.\Generated_Source\PSoC4/UARTCOMMS_SPI_UART.c ****                 {
 269:.\Generated_Source\PSoC4/UARTCOMMS_SPI_UART.c ****                 }
 270:.\Generated_Source\PSoC4/UARTCOMMS_SPI_UART.c **** 
 271:.\Generated_Source\PSoC4/UARTCOMMS_SPI_UART.c ****                 /* TX software buffer has at least one room */
 272:.\Generated_Source\PSoC4/UARTCOMMS_SPI_UART.c **** 
 273:.\Generated_Source\PSoC4/UARTCOMMS_SPI_UART.c ****                 /* Clear old status of INTR_TX_NOT_FULL. It sets at the end of transfer when TX FIF
 274:.\Generated_Source\PSoC4/UARTCOMMS_SPI_UART.c ****                 UARTCOMMS_ClearTxInterruptSource(UARTCOMMS_INTR_TX_NOT_FULL);
  67              		.loc 1 274 0
ARM GAS  C:\Users\Tim\AppData\Local\Temp\ccfXo006.s 			page 7


  68 0032 0223     		mov	r3, #2
  69 0034 0B49     		ldr	r1, .L7+16
  70 0036 0B60     		str	r3, [r1]
 275:.\Generated_Source\PSoC4/UARTCOMMS_SPI_UART.c **** 
 276:.\Generated_Source\PSoC4/UARTCOMMS_SPI_UART.c ****                 UARTCOMMS_PutWordInTxBuffer(locHead, txData);
  71              		.loc 1 276 0
  72 0038 C0B2     		uxtb	r0, r0
  73              	.LVL4:
  74 003a 0B49     		ldr	r1, .L7+20
  75 003c 8854     		strb	r0, [r1, r2]
 277:.\Generated_Source\PSoC4/UARTCOMMS_SPI_UART.c **** 
 278:.\Generated_Source\PSoC4/UARTCOMMS_SPI_UART.c ****                 UARTCOMMS_txBufferHead = locHead;
  76              		.loc 1 278 0
  77 003e 0549     		ldr	r1, .L7
  78 0040 0A60     		str	r2, [r1]
 279:.\Generated_Source\PSoC4/UARTCOMMS_SPI_UART.c **** 
 280:.\Generated_Source\PSoC4/UARTCOMMS_SPI_UART.c ****                 /* Check if TX Not Full is disabled in interrupt */
 281:.\Generated_Source\PSoC4/UARTCOMMS_SPI_UART.c ****                 if (0u == (UARTCOMMS_INTR_TX_MASK_REG & UARTCOMMS_INTR_TX_NOT_FULL))
  79              		.loc 1 281 0
  80 0042 0A4A     		ldr	r2, .L7+24
  81              	.LVL5:
  82 0044 1268     		ldr	r2, [r2]
  83 0046 1342     		tst	r3, r2
  84 0048 03D1     		bne	.L1
 282:.\Generated_Source\PSoC4/UARTCOMMS_SPI_UART.c ****                 {
 283:.\Generated_Source\PSoC4/UARTCOMMS_SPI_UART.c ****                     /* Enable TX Not Full interrupt source to transmit from software buffer */
 284:.\Generated_Source\PSoC4/UARTCOMMS_SPI_UART.c ****                     UARTCOMMS_INTR_TX_MASK_REG |= (uint32) UARTCOMMS_INTR_TX_NOT_FULL;
  85              		.loc 1 284 0
  86 004a 084A     		ldr	r2, .L7+24
  87 004c 1168     		ldr	r1, [r2]
  88 004e 0B43     		orr	r3, r1
  89 0050 1360     		str	r3, [r2]
  90              	.LVL6:
  91              	.L1:
 285:.\Generated_Source\PSoC4/UARTCOMMS_SPI_UART.c ****                 }
 286:.\Generated_Source\PSoC4/UARTCOMMS_SPI_UART.c ****             }
 287:.\Generated_Source\PSoC4/UARTCOMMS_SPI_UART.c ****         }
 288:.\Generated_Source\PSoC4/UARTCOMMS_SPI_UART.c ****         #else
 289:.\Generated_Source\PSoC4/UARTCOMMS_SPI_UART.c ****         {
 290:.\Generated_Source\PSoC4/UARTCOMMS_SPI_UART.c ****             /* Wait until TX FIFO has space to put data element */
 291:.\Generated_Source\PSoC4/UARTCOMMS_SPI_UART.c ****             while (UARTCOMMS_SPI_UART_FIFO_SIZE == UARTCOMMS_GET_TX_FIFO_ENTRIES)
 292:.\Generated_Source\PSoC4/UARTCOMMS_SPI_UART.c ****             {
 293:.\Generated_Source\PSoC4/UARTCOMMS_SPI_UART.c ****             }
 294:.\Generated_Source\PSoC4/UARTCOMMS_SPI_UART.c **** 
 295:.\Generated_Source\PSoC4/UARTCOMMS_SPI_UART.c ****             UARTCOMMS_TX_FIFO_WR_REG = txData;
 296:.\Generated_Source\PSoC4/UARTCOMMS_SPI_UART.c ****         }
 297:.\Generated_Source\PSoC4/UARTCOMMS_SPI_UART.c ****         #endif
 298:.\Generated_Source\PSoC4/UARTCOMMS_SPI_UART.c ****     }
  92              		.loc 1 298 0
  93              		@ sp needed
  94 0052 7047     		bx	lr
  95              	.L8:
  96              		.align	2
  97              	.L7:
  98 0054 00000000 		.word	UARTCOMMS_txBufferHead
  99 0058 00000000 		.word	UARTCOMMS_txBufferTail
 100 005c 08022440 		.word	1076101640
ARM GAS  C:\Users\Tim\AppData\Local\Temp\ccfXo006.s 			page 8


 101 0060 40022440 		.word	1076101696
 102 0064 800F2440 		.word	1076105088
 103 0068 00000000 		.word	UARTCOMMS_txBufferInternal
 104 006c 880F2440 		.word	1076105096
 105              		.cfi_endproc
 106              	.LFE2:
 107              		.size	UARTCOMMS_SpiUartWriteTxData, .-UARTCOMMS_SpiUartWriteTxData
 108              		.section	.text.UARTCOMMS_SpiUartPutArray,"ax",%progbits
 109              		.align	2
 110              		.global	UARTCOMMS_SpiUartPutArray
 111              		.code	16
 112              		.thumb_func
 113              		.type	UARTCOMMS_SpiUartPutArray, %function
 114              	UARTCOMMS_SpiUartPutArray:
 115              	.LFB3:
 299:.\Generated_Source\PSoC4/UARTCOMMS_SPI_UART.c **** 
 300:.\Generated_Source\PSoC4/UARTCOMMS_SPI_UART.c **** 
 301:.\Generated_Source\PSoC4/UARTCOMMS_SPI_UART.c ****     /*******************************************************************************
 302:.\Generated_Source\PSoC4/UARTCOMMS_SPI_UART.c ****     * Function Name: UARTCOMMS_SpiUartPutArray
 303:.\Generated_Source\PSoC4/UARTCOMMS_SPI_UART.c ****     ********************************************************************************
 304:.\Generated_Source\PSoC4/UARTCOMMS_SPI_UART.c ****     *
 305:.\Generated_Source\PSoC4/UARTCOMMS_SPI_UART.c ****     * Summary:
 306:.\Generated_Source\PSoC4/UARTCOMMS_SPI_UART.c ****     *  Places an array of data into the transmit buffer to be sent.
 307:.\Generated_Source\PSoC4/UARTCOMMS_SPI_UART.c ****     *  This function is blocking and waits until there is a space available to put
 308:.\Generated_Source\PSoC4/UARTCOMMS_SPI_UART.c ****     *  all the requested data in the transmit buffer. The array size can be greater
 309:.\Generated_Source\PSoC4/UARTCOMMS_SPI_UART.c ****     *  than transmit buffer size.
 310:.\Generated_Source\PSoC4/UARTCOMMS_SPI_UART.c ****     *
 311:.\Generated_Source\PSoC4/UARTCOMMS_SPI_UART.c ****     * Parameters:
 312:.\Generated_Source\PSoC4/UARTCOMMS_SPI_UART.c ****     *  wrBuf:  pointer to an array with data to be placed in transmit buffer.
 313:.\Generated_Source\PSoC4/UARTCOMMS_SPI_UART.c ****     *  count:  number of data elements to be placed in the transmit buffer.
 314:.\Generated_Source\PSoC4/UARTCOMMS_SPI_UART.c ****     *
 315:.\Generated_Source\PSoC4/UARTCOMMS_SPI_UART.c ****     * Return:
 316:.\Generated_Source\PSoC4/UARTCOMMS_SPI_UART.c ****     *  None
 317:.\Generated_Source\PSoC4/UARTCOMMS_SPI_UART.c ****     *
 318:.\Generated_Source\PSoC4/UARTCOMMS_SPI_UART.c ****     *******************************************************************************/
 319:.\Generated_Source\PSoC4/UARTCOMMS_SPI_UART.c ****     void UARTCOMMS_SpiUartPutArray(const uint8 wrBuf[], uint32 count)
 320:.\Generated_Source\PSoC4/UARTCOMMS_SPI_UART.c ****     {
 116              		.loc 1 320 0
 117              		.cfi_startproc
 118              	.LVL7:
 119 0000 70B5     		push	{r4, r5, r6, lr}
 120              		.cfi_def_cfa_offset 16
 121              		.cfi_offset 4, -16
 122              		.cfi_offset 5, -12
 123              		.cfi_offset 6, -8
 124              		.cfi_offset 14, -4
 125 0002 061C     		mov	r6, r0
 126 0004 0D1C     		mov	r5, r1
 127              	.LVL8:
 321:.\Generated_Source\PSoC4/UARTCOMMS_SPI_UART.c ****         uint32 i;
 322:.\Generated_Source\PSoC4/UARTCOMMS_SPI_UART.c **** 
 323:.\Generated_Source\PSoC4/UARTCOMMS_SPI_UART.c ****         for (i=0u; i < count; i++)
 128              		.loc 1 323 0
 129 0006 0024     		mov	r4, #0
 130 0008 03E0     		b	.L10
 131              	.LVL9:
 132              	.L11:
ARM GAS  C:\Users\Tim\AppData\Local\Temp\ccfXo006.s 			page 9


 324:.\Generated_Source\PSoC4/UARTCOMMS_SPI_UART.c ****         {
 325:.\Generated_Source\PSoC4/UARTCOMMS_SPI_UART.c ****             UARTCOMMS_SpiUartWriteTxData((uint32) wrBuf[i]);
 133              		.loc 1 325 0 discriminator 3
 134 000a 305D     		ldrb	r0, [r6, r4]
 135 000c FFF7FEFF 		bl	UARTCOMMS_SpiUartWriteTxData
 136              	.LVL10:
 323:.\Generated_Source\PSoC4/UARTCOMMS_SPI_UART.c ****         {
 137              		.loc 1 323 0 discriminator 3
 138 0010 0134     		add	r4, r4, #1
 139              	.LVL11:
 140              	.L10:
 323:.\Generated_Source\PSoC4/UARTCOMMS_SPI_UART.c ****         {
 141              		.loc 1 323 0 is_stmt 0 discriminator 1
 142 0012 AC42     		cmp	r4, r5
 143 0014 F9D3     		bcc	.L11
 326:.\Generated_Source\PSoC4/UARTCOMMS_SPI_UART.c ****         }
 327:.\Generated_Source\PSoC4/UARTCOMMS_SPI_UART.c ****     }
 144              		.loc 1 327 0 is_stmt 1
 145              		@ sp needed
 146              	.LVL12:
 147              	.LVL13:
 148              	.LVL14:
 149 0016 70BD     		pop	{r4, r5, r6, pc}
 150              		.cfi_endproc
 151              	.LFE3:
 152              		.size	UARTCOMMS_SpiUartPutArray, .-UARTCOMMS_SpiUartPutArray
 153              		.section	.text.UARTCOMMS_SpiUartGetTxBufferSize,"ax",%progbits
 154              		.align	2
 155              		.global	UARTCOMMS_SpiUartGetTxBufferSize
 156              		.code	16
 157              		.thumb_func
 158              		.type	UARTCOMMS_SpiUartGetTxBufferSize, %function
 159              	UARTCOMMS_SpiUartGetTxBufferSize:
 160              	.LFB4:
 328:.\Generated_Source\PSoC4/UARTCOMMS_SPI_UART.c **** 
 329:.\Generated_Source\PSoC4/UARTCOMMS_SPI_UART.c **** 
 330:.\Generated_Source\PSoC4/UARTCOMMS_SPI_UART.c ****     /*******************************************************************************
 331:.\Generated_Source\PSoC4/UARTCOMMS_SPI_UART.c ****     * Function Name: UARTCOMMS_SpiUartGetTxBufferSize
 332:.\Generated_Source\PSoC4/UARTCOMMS_SPI_UART.c ****     ********************************************************************************
 333:.\Generated_Source\PSoC4/UARTCOMMS_SPI_UART.c ****     *
 334:.\Generated_Source\PSoC4/UARTCOMMS_SPI_UART.c ****     * Summary:
 335:.\Generated_Source\PSoC4/UARTCOMMS_SPI_UART.c ****     * Returns the number of elements currently in the transmit buffer.
 336:.\Generated_Source\PSoC4/UARTCOMMS_SPI_UART.c ****     *  - TX software buffer is disabled: returns the number of used entries in
 337:.\Generated_Source\PSoC4/UARTCOMMS_SPI_UART.c ****     *    TX FIFO.
 338:.\Generated_Source\PSoC4/UARTCOMMS_SPI_UART.c ****     *  - TX software buffer is enabled: returns the number of elements currently
 339:.\Generated_Source\PSoC4/UARTCOMMS_SPI_UART.c ****     *    used in the transmit buffer. This number does not include used entries in
 340:.\Generated_Source\PSoC4/UARTCOMMS_SPI_UART.c ****     *    the TX FIFO. The transmit buffer size is zero until the TX FIFO is
 341:.\Generated_Source\PSoC4/UARTCOMMS_SPI_UART.c ****     *    not full.
 342:.\Generated_Source\PSoC4/UARTCOMMS_SPI_UART.c ****     *
 343:.\Generated_Source\PSoC4/UARTCOMMS_SPI_UART.c ****     * Parameters:
 344:.\Generated_Source\PSoC4/UARTCOMMS_SPI_UART.c ****     *  None
 345:.\Generated_Source\PSoC4/UARTCOMMS_SPI_UART.c ****     *
 346:.\Generated_Source\PSoC4/UARTCOMMS_SPI_UART.c ****     * Return:
 347:.\Generated_Source\PSoC4/UARTCOMMS_SPI_UART.c ****     *  Number of data elements ready to transmit.
 348:.\Generated_Source\PSoC4/UARTCOMMS_SPI_UART.c ****     *
 349:.\Generated_Source\PSoC4/UARTCOMMS_SPI_UART.c ****     *******************************************************************************/
 350:.\Generated_Source\PSoC4/UARTCOMMS_SPI_UART.c ****     uint32 UARTCOMMS_SpiUartGetTxBufferSize(void)
ARM GAS  C:\Users\Tim\AppData\Local\Temp\ccfXo006.s 			page 10


 351:.\Generated_Source\PSoC4/UARTCOMMS_SPI_UART.c ****     {
 161              		.loc 1 351 0
 162              		.cfi_startproc
 352:.\Generated_Source\PSoC4/UARTCOMMS_SPI_UART.c ****         uint32 size;
 353:.\Generated_Source\PSoC4/UARTCOMMS_SPI_UART.c ****     #if (UARTCOMMS_INTERNAL_TX_SW_BUFFER_CONST)
 354:.\Generated_Source\PSoC4/UARTCOMMS_SPI_UART.c ****         uint32 locTail;
 355:.\Generated_Source\PSoC4/UARTCOMMS_SPI_UART.c ****     #endif /* (UARTCOMMS_INTERNAL_TX_SW_BUFFER_CONST) */
 356:.\Generated_Source\PSoC4/UARTCOMMS_SPI_UART.c **** 
 357:.\Generated_Source\PSoC4/UARTCOMMS_SPI_UART.c ****         #if (UARTCOMMS_CHECK_TX_SW_BUFFER)
 358:.\Generated_Source\PSoC4/UARTCOMMS_SPI_UART.c ****         {
 359:.\Generated_Source\PSoC4/UARTCOMMS_SPI_UART.c ****             /* Get current Tail index */
 360:.\Generated_Source\PSoC4/UARTCOMMS_SPI_UART.c ****             locTail = UARTCOMMS_txBufferTail;
 163              		.loc 1 360 0
 164 0000 074B     		ldr	r3, .L15
 165 0002 1868     		ldr	r0, [r3]
 166              	.LVL15:
 361:.\Generated_Source\PSoC4/UARTCOMMS_SPI_UART.c **** 
 362:.\Generated_Source\PSoC4/UARTCOMMS_SPI_UART.c ****             if (UARTCOMMS_txBufferHead >= locTail)
 167              		.loc 1 362 0
 168 0004 074B     		ldr	r3, .L15+4
 169 0006 1B68     		ldr	r3, [r3]
 170 0008 8342     		cmp	r3, r0
 171 000a 03D3     		bcc	.L13
 363:.\Generated_Source\PSoC4/UARTCOMMS_SPI_UART.c ****             {
 364:.\Generated_Source\PSoC4/UARTCOMMS_SPI_UART.c ****                 size = (UARTCOMMS_txBufferHead - locTail);
 172              		.loc 1 364 0
 173 000c 054B     		ldr	r3, .L15+4
 174 000e 1B68     		ldr	r3, [r3]
 175 0010 181A     		sub	r0, r3, r0
 176              	.LVL16:
 177 0012 04E0     		b	.L14
 178              	.LVL17:
 179              	.L13:
 365:.\Generated_Source\PSoC4/UARTCOMMS_SPI_UART.c ****             }
 366:.\Generated_Source\PSoC4/UARTCOMMS_SPI_UART.c ****             else
 367:.\Generated_Source\PSoC4/UARTCOMMS_SPI_UART.c ****             {
 368:.\Generated_Source\PSoC4/UARTCOMMS_SPI_UART.c ****                 size = (UARTCOMMS_txBufferHead + (UARTCOMMS_TX_BUFFER_SIZE - locTail));
 180              		.loc 1 368 0
 181 0014 034B     		ldr	r3, .L15+4
 182 0016 1B68     		ldr	r3, [r3]
 183 0018 181A     		sub	r0, r3, r0
 184              	.LVL18:
 185 001a 0130     		add	r0, r0, #1
 186 001c FF30     		add	r0, r0, #255
 187              	.LVL19:
 188              	.L14:
 369:.\Generated_Source\PSoC4/UARTCOMMS_SPI_UART.c ****             }
 370:.\Generated_Source\PSoC4/UARTCOMMS_SPI_UART.c ****         }
 371:.\Generated_Source\PSoC4/UARTCOMMS_SPI_UART.c ****         #else
 372:.\Generated_Source\PSoC4/UARTCOMMS_SPI_UART.c ****         {
 373:.\Generated_Source\PSoC4/UARTCOMMS_SPI_UART.c ****             size = UARTCOMMS_GET_TX_FIFO_ENTRIES;
 374:.\Generated_Source\PSoC4/UARTCOMMS_SPI_UART.c ****         }
 375:.\Generated_Source\PSoC4/UARTCOMMS_SPI_UART.c ****         #endif
 376:.\Generated_Source\PSoC4/UARTCOMMS_SPI_UART.c **** 
 377:.\Generated_Source\PSoC4/UARTCOMMS_SPI_UART.c ****         return (size);
 378:.\Generated_Source\PSoC4/UARTCOMMS_SPI_UART.c ****     }
 189              		.loc 1 378 0
ARM GAS  C:\Users\Tim\AppData\Local\Temp\ccfXo006.s 			page 11


 190              		@ sp needed
 191 001e 7047     		bx	lr
 192              	.L16:
 193              		.align	2
 194              	.L15:
 195 0020 00000000 		.word	UARTCOMMS_txBufferTail
 196 0024 00000000 		.word	UARTCOMMS_txBufferHead
 197              		.cfi_endproc
 198              	.LFE4:
 199              		.size	UARTCOMMS_SpiUartGetTxBufferSize, .-UARTCOMMS_SpiUartGetTxBufferSize
 200              		.section	.text.UARTCOMMS_SpiUartClearTxBuffer,"ax",%progbits
 201              		.align	2
 202              		.global	UARTCOMMS_SpiUartClearTxBuffer
 203              		.code	16
 204              		.thumb_func
 205              		.type	UARTCOMMS_SpiUartClearTxBuffer, %function
 206              	UARTCOMMS_SpiUartClearTxBuffer:
 207              	.LFB5:
 379:.\Generated_Source\PSoC4/UARTCOMMS_SPI_UART.c **** 
 380:.\Generated_Source\PSoC4/UARTCOMMS_SPI_UART.c **** 
 381:.\Generated_Source\PSoC4/UARTCOMMS_SPI_UART.c ****     /*******************************************************************************
 382:.\Generated_Source\PSoC4/UARTCOMMS_SPI_UART.c ****     * Function Name: UARTCOMMS_SpiUartClearTxBuffer
 383:.\Generated_Source\PSoC4/UARTCOMMS_SPI_UART.c ****     ********************************************************************************
 384:.\Generated_Source\PSoC4/UARTCOMMS_SPI_UART.c ****     *
 385:.\Generated_Source\PSoC4/UARTCOMMS_SPI_UART.c ****     * Summary:
 386:.\Generated_Source\PSoC4/UARTCOMMS_SPI_UART.c ****     *  Clears the transmit buffer and TX FIFO.
 387:.\Generated_Source\PSoC4/UARTCOMMS_SPI_UART.c ****     *
 388:.\Generated_Source\PSoC4/UARTCOMMS_SPI_UART.c ****     * Parameters:
 389:.\Generated_Source\PSoC4/UARTCOMMS_SPI_UART.c ****     *  None
 390:.\Generated_Source\PSoC4/UARTCOMMS_SPI_UART.c ****     *
 391:.\Generated_Source\PSoC4/UARTCOMMS_SPI_UART.c ****     * Return:
 392:.\Generated_Source\PSoC4/UARTCOMMS_SPI_UART.c ****     *  None
 393:.\Generated_Source\PSoC4/UARTCOMMS_SPI_UART.c ****     *
 394:.\Generated_Source\PSoC4/UARTCOMMS_SPI_UART.c ****     *******************************************************************************/
 395:.\Generated_Source\PSoC4/UARTCOMMS_SPI_UART.c ****     void UARTCOMMS_SpiUartClearTxBuffer(void)
 396:.\Generated_Source\PSoC4/UARTCOMMS_SPI_UART.c ****     {
 208              		.loc 1 396 0
 209              		.cfi_startproc
 210 0000 08B5     		push	{r3, lr}
 211              		.cfi_def_cfa_offset 8
 212              		.cfi_offset 3, -8
 213              		.cfi_offset 14, -4
 397:.\Generated_Source\PSoC4/UARTCOMMS_SPI_UART.c ****         #if (UARTCOMMS_CHECK_TX_SW_BUFFER)
 398:.\Generated_Source\PSoC4/UARTCOMMS_SPI_UART.c ****         {
 399:.\Generated_Source\PSoC4/UARTCOMMS_SPI_UART.c ****             /* Lock from component interruption */
 400:.\Generated_Source\PSoC4/UARTCOMMS_SPI_UART.c ****             UARTCOMMS_DisableInt();
 214              		.loc 1 400 0
 215 0002 0920     		mov	r0, #9
 216 0004 FFF7FEFF 		bl	CyIntDisable
 217              	.LVL20:
 401:.\Generated_Source\PSoC4/UARTCOMMS_SPI_UART.c **** 
 402:.\Generated_Source\PSoC4/UARTCOMMS_SPI_UART.c ****             /* Flush TX software buffer */
 403:.\Generated_Source\PSoC4/UARTCOMMS_SPI_UART.c ****             UARTCOMMS_txBufferHead = UARTCOMMS_txBufferTail;
 218              		.loc 1 403 0
 219 0008 0C4B     		ldr	r3, .L18
 220 000a 1A68     		ldr	r2, [r3]
 221 000c 0C4B     		ldr	r3, .L18+4
ARM GAS  C:\Users\Tim\AppData\Local\Temp\ccfXo006.s 			page 12


 222 000e 1A60     		str	r2, [r3]
 404:.\Generated_Source\PSoC4/UARTCOMMS_SPI_UART.c **** 
 405:.\Generated_Source\PSoC4/UARTCOMMS_SPI_UART.c ****             UARTCOMMS_INTR_TX_MASK_REG &= (uint32) ~UARTCOMMS_INTR_TX_NOT_FULL;
 223              		.loc 1 405 0
 224 0010 0C4A     		ldr	r2, .L18+8
 225 0012 1368     		ldr	r3, [r2]
 226 0014 0221     		mov	r1, #2
 227 0016 8B43     		bic	r3, r1
 228 0018 1360     		str	r3, [r2]
 406:.\Generated_Source\PSoC4/UARTCOMMS_SPI_UART.c ****             UARTCOMMS_CLEAR_TX_FIFO;
 229              		.loc 1 406 0
 230 001a 0B4B     		ldr	r3, .L18+12
 231 001c 1A68     		ldr	r2, [r3]
 232 001e 8021     		mov	r1, #128
 233 0020 4902     		lsl	r1, r1, #9
 234 0022 0A43     		orr	r2, r1
 235 0024 1A60     		str	r2, [r3]
 236 0026 1968     		ldr	r1, [r3]
 237 0028 084A     		ldr	r2, .L18+16
 238 002a 0A40     		and	r2, r1
 239 002c 1A60     		str	r2, [r3]
 407:.\Generated_Source\PSoC4/UARTCOMMS_SPI_UART.c ****             UARTCOMMS_ClearTxInterruptSource(UARTCOMMS_INTR_TX_ALL);
 240              		.loc 1 407 0
 241 002e 084A     		ldr	r2, .L18+20
 242 0030 084B     		ldr	r3, .L18+24
 243 0032 1A60     		str	r2, [r3]
 408:.\Generated_Source\PSoC4/UARTCOMMS_SPI_UART.c **** 
 409:.\Generated_Source\PSoC4/UARTCOMMS_SPI_UART.c ****             /* Release lock */
 410:.\Generated_Source\PSoC4/UARTCOMMS_SPI_UART.c ****             UARTCOMMS_EnableInt();
 244              		.loc 1 410 0
 245 0034 0920     		mov	r0, #9
 246 0036 FFF7FEFF 		bl	CyIntEnable
 247              	.LVL21:
 411:.\Generated_Source\PSoC4/UARTCOMMS_SPI_UART.c ****         }
 412:.\Generated_Source\PSoC4/UARTCOMMS_SPI_UART.c ****         #else
 413:.\Generated_Source\PSoC4/UARTCOMMS_SPI_UART.c ****         {
 414:.\Generated_Source\PSoC4/UARTCOMMS_SPI_UART.c ****             UARTCOMMS_CLEAR_TX_FIFO;
 415:.\Generated_Source\PSoC4/UARTCOMMS_SPI_UART.c ****         }
 416:.\Generated_Source\PSoC4/UARTCOMMS_SPI_UART.c ****         #endif
 417:.\Generated_Source\PSoC4/UARTCOMMS_SPI_UART.c ****     }
 248              		.loc 1 417 0
 249              		@ sp needed
 250 003a 08BD     		pop	{r3, pc}
 251              	.L19:
 252              		.align	2
 253              	.L18:
 254 003c 00000000 		.word	UARTCOMMS_txBufferTail
 255 0040 00000000 		.word	UARTCOMMS_txBufferHead
 256 0044 880F2440 		.word	1076105096
 257 0048 04022440 		.word	1076101636
 258 004c FFFFFEFF 		.word	-65537
 259 0050 F3070000 		.word	2035
 260 0054 800F2440 		.word	1076105088
 261              		.cfi_endproc
 262              	.LFE5:
 263              		.size	UARTCOMMS_SpiUartClearTxBuffer, .-UARTCOMMS_SpiUartClearTxBuffer
 264              		.section	.text.UARTCOMMS_SpiUartDisableIntRx,"ax",%progbits
ARM GAS  C:\Users\Tim\AppData\Local\Temp\ccfXo006.s 			page 13


 265              		.align	2
 266              		.global	UARTCOMMS_SpiUartDisableIntRx
 267              		.code	16
 268              		.thumb_func
 269              		.type	UARTCOMMS_SpiUartDisableIntRx, %function
 270              	UARTCOMMS_SpiUartDisableIntRx:
 271              	.LFB6:
 418:.\Generated_Source\PSoC4/UARTCOMMS_SPI_UART.c **** 
 419:.\Generated_Source\PSoC4/UARTCOMMS_SPI_UART.c **** #endif /* (UARTCOMMS_TX_DIRECTION) */
 420:.\Generated_Source\PSoC4/UARTCOMMS_SPI_UART.c **** 
 421:.\Generated_Source\PSoC4/UARTCOMMS_SPI_UART.c **** 
 422:.\Generated_Source\PSoC4/UARTCOMMS_SPI_UART.c **** /*******************************************************************************
 423:.\Generated_Source\PSoC4/UARTCOMMS_SPI_UART.c **** * Function Name: UARTCOMMS_SpiUartDisableIntRx
 424:.\Generated_Source\PSoC4/UARTCOMMS_SPI_UART.c **** ********************************************************************************
 425:.\Generated_Source\PSoC4/UARTCOMMS_SPI_UART.c **** *
 426:.\Generated_Source\PSoC4/UARTCOMMS_SPI_UART.c **** * Summary:
 427:.\Generated_Source\PSoC4/UARTCOMMS_SPI_UART.c **** *  Disables the RX interrupt sources.
 428:.\Generated_Source\PSoC4/UARTCOMMS_SPI_UART.c **** *
 429:.\Generated_Source\PSoC4/UARTCOMMS_SPI_UART.c **** * Parameters:
 430:.\Generated_Source\PSoC4/UARTCOMMS_SPI_UART.c **** *  None
 431:.\Generated_Source\PSoC4/UARTCOMMS_SPI_UART.c **** *
 432:.\Generated_Source\PSoC4/UARTCOMMS_SPI_UART.c **** * Return:
 433:.\Generated_Source\PSoC4/UARTCOMMS_SPI_UART.c **** *  Returns the RX interrupt sources enabled before the function call.
 434:.\Generated_Source\PSoC4/UARTCOMMS_SPI_UART.c **** *
 435:.\Generated_Source\PSoC4/UARTCOMMS_SPI_UART.c **** *******************************************************************************/
 436:.\Generated_Source\PSoC4/UARTCOMMS_SPI_UART.c **** uint32 UARTCOMMS_SpiUartDisableIntRx(void)
 437:.\Generated_Source\PSoC4/UARTCOMMS_SPI_UART.c **** {
 272              		.loc 1 437 0
 273              		.cfi_startproc
 438:.\Generated_Source\PSoC4/UARTCOMMS_SPI_UART.c ****     uint32 intSource;
 439:.\Generated_Source\PSoC4/UARTCOMMS_SPI_UART.c **** 
 440:.\Generated_Source\PSoC4/UARTCOMMS_SPI_UART.c ****     intSource = UARTCOMMS_GetRxInterruptMode();
 274              		.loc 1 440 0
 275 0000 024B     		ldr	r3, .L21
 276 0002 1868     		ldr	r0, [r3]
 277              	.LVL22:
 441:.\Generated_Source\PSoC4/UARTCOMMS_SPI_UART.c **** 
 442:.\Generated_Source\PSoC4/UARTCOMMS_SPI_UART.c ****     UARTCOMMS_SetRxInterruptMode(UARTCOMMS_NO_INTR_SOURCES);
 278              		.loc 1 442 0
 279 0004 0022     		mov	r2, #0
 280 0006 1A60     		str	r2, [r3]
 443:.\Generated_Source\PSoC4/UARTCOMMS_SPI_UART.c **** 
 444:.\Generated_Source\PSoC4/UARTCOMMS_SPI_UART.c ****     return (intSource);
 445:.\Generated_Source\PSoC4/UARTCOMMS_SPI_UART.c **** }
 281              		.loc 1 445 0
 282              		@ sp needed
 283 0008 7047     		bx	lr
 284              	.L22:
 285 000a C046     		.align	2
 286              	.L21:
 287 000c C80F2440 		.word	1076105160
 288              		.cfi_endproc
 289              	.LFE6:
 290              		.size	UARTCOMMS_SpiUartDisableIntRx, .-UARTCOMMS_SpiUartDisableIntRx
 291              		.section	.text.UARTCOMMS_SpiUartDisableIntTx,"ax",%progbits
 292              		.align	2
 293              		.global	UARTCOMMS_SpiUartDisableIntTx
ARM GAS  C:\Users\Tim\AppData\Local\Temp\ccfXo006.s 			page 14


 294              		.code	16
 295              		.thumb_func
 296              		.type	UARTCOMMS_SpiUartDisableIntTx, %function
 297              	UARTCOMMS_SpiUartDisableIntTx:
 298              	.LFB7:
 446:.\Generated_Source\PSoC4/UARTCOMMS_SPI_UART.c **** 
 447:.\Generated_Source\PSoC4/UARTCOMMS_SPI_UART.c **** 
 448:.\Generated_Source\PSoC4/UARTCOMMS_SPI_UART.c **** /*******************************************************************************
 449:.\Generated_Source\PSoC4/UARTCOMMS_SPI_UART.c **** * Function Name: UARTCOMMS_SpiUartDisableIntTx
 450:.\Generated_Source\PSoC4/UARTCOMMS_SPI_UART.c **** ********************************************************************************
 451:.\Generated_Source\PSoC4/UARTCOMMS_SPI_UART.c **** *
 452:.\Generated_Source\PSoC4/UARTCOMMS_SPI_UART.c **** * Summary:
 453:.\Generated_Source\PSoC4/UARTCOMMS_SPI_UART.c **** *  Disables TX interrupt sources.
 454:.\Generated_Source\PSoC4/UARTCOMMS_SPI_UART.c **** *
 455:.\Generated_Source\PSoC4/UARTCOMMS_SPI_UART.c **** * Parameters:
 456:.\Generated_Source\PSoC4/UARTCOMMS_SPI_UART.c **** *  None
 457:.\Generated_Source\PSoC4/UARTCOMMS_SPI_UART.c **** *
 458:.\Generated_Source\PSoC4/UARTCOMMS_SPI_UART.c **** * Return:
 459:.\Generated_Source\PSoC4/UARTCOMMS_SPI_UART.c **** *  Returns TX interrupt sources enabled before function call.
 460:.\Generated_Source\PSoC4/UARTCOMMS_SPI_UART.c **** *
 461:.\Generated_Source\PSoC4/UARTCOMMS_SPI_UART.c **** *******************************************************************************/
 462:.\Generated_Source\PSoC4/UARTCOMMS_SPI_UART.c **** uint32 UARTCOMMS_SpiUartDisableIntTx(void)
 463:.\Generated_Source\PSoC4/UARTCOMMS_SPI_UART.c **** {
 299              		.loc 1 463 0
 300              		.cfi_startproc
 464:.\Generated_Source\PSoC4/UARTCOMMS_SPI_UART.c ****     uint32 intSourceMask;
 465:.\Generated_Source\PSoC4/UARTCOMMS_SPI_UART.c **** 
 466:.\Generated_Source\PSoC4/UARTCOMMS_SPI_UART.c ****     intSourceMask = UARTCOMMS_GetTxInterruptMode();
 301              		.loc 1 466 0
 302 0000 024B     		ldr	r3, .L24
 303 0002 1868     		ldr	r0, [r3]
 304              	.LVL23:
 467:.\Generated_Source\PSoC4/UARTCOMMS_SPI_UART.c **** 
 468:.\Generated_Source\PSoC4/UARTCOMMS_SPI_UART.c ****     UARTCOMMS_SetTxInterruptMode(UARTCOMMS_NO_INTR_SOURCES);
 305              		.loc 1 468 0
 306 0004 0022     		mov	r2, #0
 307 0006 1A60     		str	r2, [r3]
 469:.\Generated_Source\PSoC4/UARTCOMMS_SPI_UART.c **** 
 470:.\Generated_Source\PSoC4/UARTCOMMS_SPI_UART.c ****     return (intSourceMask);
 471:.\Generated_Source\PSoC4/UARTCOMMS_SPI_UART.c **** }
 308              		.loc 1 471 0
 309              		@ sp needed
 310 0008 7047     		bx	lr
 311              	.L25:
 312 000a C046     		.align	2
 313              	.L24:
 314 000c 880F2440 		.word	1076105096
 315              		.cfi_endproc
 316              	.LFE7:
 317              		.size	UARTCOMMS_SpiUartDisableIntTx, .-UARTCOMMS_SpiUartDisableIntTx
 318              		.comm	UARTCOMMS_txBufferInternal,256,4
 319              		.comm	UARTCOMMS_txBufferTail,4,4
 320              		.comm	UARTCOMMS_txBufferHead,4,4
 321              		.text
 322              	.Letext0:
 323              		.file 2 "Generated_Source\\PSoC4/cytypes.h"
 324              		.file 3 "Generated_Source\\PSoC4/CyLib.h"
ARM GAS  C:\Users\Tim\AppData\Local\Temp\ccfXo006.s 			page 15


 325              		.section	.debug_info,"",%progbits
 326              	.Ldebug_info0:
 327 0000 66020000 		.4byte	0x266
 328 0004 0400     		.2byte	0x4
 329 0006 00000000 		.4byte	.Ldebug_abbrev0
 330 000a 04       		.byte	0x4
 331 000b 01       		.uleb128 0x1
 332 000c E5010000 		.4byte	.LASF33
 333 0010 01       		.byte	0x1
 334 0011 D7020000 		.4byte	.LASF34
 335 0015 90010000 		.4byte	.LASF35
 336 0019 00000000 		.4byte	.Ldebug_ranges0+0
 337 001d 00000000 		.4byte	0
 338 0021 00000000 		.4byte	.Ldebug_line0
 339 0025 02       		.uleb128 0x2
 340 0026 01       		.byte	0x1
 341 0027 06       		.byte	0x6
 342 0028 B4020000 		.4byte	.LASF0
 343 002c 02       		.uleb128 0x2
 344 002d 01       		.byte	0x1
 345 002e 08       		.byte	0x8
 346 002f D9000000 		.4byte	.LASF1
 347 0033 02       		.uleb128 0x2
 348 0034 02       		.byte	0x2
 349 0035 05       		.byte	0x5
 350 0036 80020000 		.4byte	.LASF2
 351 003a 02       		.uleb128 0x2
 352 003b 02       		.byte	0x2
 353 003c 07       		.byte	0x7
 354 003d 32000000 		.4byte	.LASF3
 355 0041 02       		.uleb128 0x2
 356 0042 04       		.byte	0x4
 357 0043 05       		.byte	0x5
 358 0044 AB020000 		.4byte	.LASF4
 359 0048 02       		.uleb128 0x2
 360 0049 04       		.byte	0x4
 361 004a 07       		.byte	0x7
 362 004b 9D000000 		.4byte	.LASF5
 363 004f 02       		.uleb128 0x2
 364 0050 08       		.byte	0x8
 365 0051 05       		.byte	0x5
 366 0052 D2010000 		.4byte	.LASF6
 367 0056 02       		.uleb128 0x2
 368 0057 08       		.byte	0x8
 369 0058 07       		.byte	0x7
 370 0059 68010000 		.4byte	.LASF7
 371 005d 03       		.uleb128 0x3
 372 005e 04       		.byte	0x4
 373 005f 05       		.byte	0x5
 374 0060 696E7400 		.ascii	"int\000"
 375 0064 02       		.uleb128 0x2
 376 0065 04       		.byte	0x4
 377 0066 07       		.byte	0x7
 378 0067 45000000 		.4byte	.LASF8
 379 006b 04       		.uleb128 0x4
 380 006c AF000000 		.4byte	.LASF9
 381 0070 02       		.byte	0x2
ARM GAS  C:\Users\Tim\AppData\Local\Temp\ccfXo006.s 			page 16


 382 0071 3801     		.2byte	0x138
 383 0073 2C000000 		.4byte	0x2c
 384 0077 04       		.uleb128 0x4
 385 0078 2F010000 		.4byte	.LASF10
 386 007c 02       		.byte	0x2
 387 007d 3A01     		.2byte	0x13a
 388 007f 48000000 		.4byte	0x48
 389 0083 02       		.uleb128 0x2
 390 0084 04       		.byte	0x4
 391 0085 04       		.byte	0x4
 392 0086 92000000 		.4byte	.LASF11
 393 008a 02       		.uleb128 0x2
 394 008b 08       		.byte	0x8
 395 008c 04       		.byte	0x4
 396 008d 05010000 		.4byte	.LASF12
 397 0091 02       		.uleb128 0x2
 398 0092 01       		.byte	0x1
 399 0093 08       		.byte	0x8
 400 0094 E0010000 		.4byte	.LASF13
 401 0098 04       		.uleb128 0x4
 402 0099 00000000 		.4byte	.LASF14
 403 009d 02       		.byte	0x2
 404 009e E401     		.2byte	0x1e4
 405 00a0 A4000000 		.4byte	0xa4
 406 00a4 05       		.uleb128 0x5
 407 00a5 77000000 		.4byte	0x77
 408 00a9 02       		.uleb128 0x2
 409 00aa 04       		.byte	0x4
 410 00ab 07       		.byte	0x7
 411 00ac 87010000 		.4byte	.LASF15
 412 00b0 06       		.uleb128 0x6
 413 00b1 6D000000 		.4byte	.LASF16
 414 00b5 01       		.byte	0x1
 415 00b6 EF       		.byte	0xef
 416 00b7 00000000 		.4byte	.LFB2
 417 00bb 70000000 		.4byte	.LFE2-.LFB2
 418 00bf 01       		.uleb128 0x1
 419 00c0 9C       		.byte	0x9c
 420 00c1 E4000000 		.4byte	0xe4
 421 00c5 07       		.uleb128 0x7
 422 00c6 2B000000 		.4byte	.LASF18
 423 00ca 01       		.byte	0x1
 424 00cb EF       		.byte	0xef
 425 00cc 77000000 		.4byte	0x77
 426 00d0 00000000 		.4byte	.LLST0
 427 00d4 08       		.uleb128 0x8
 428 00d5 8A000000 		.4byte	.LASF21
 429 00d9 01       		.byte	0x1
 430 00da F2       		.byte	0xf2
 431 00db 77000000 		.4byte	0x77
 432 00df 21000000 		.4byte	.LLST1
 433 00e3 00       		.byte	0
 434 00e4 09       		.uleb128 0x9
 435 00e5 4E010000 		.4byte	.LASF17
 436 00e9 01       		.byte	0x1
 437 00ea 3F01     		.2byte	0x13f
 438 00ec 00000000 		.4byte	.LFB3
ARM GAS  C:\Users\Tim\AppData\Local\Temp\ccfXo006.s 			page 17


 439 00f0 18000000 		.4byte	.LFE3-.LFB3
 440 00f4 01       		.uleb128 0x1
 441 00f5 9C       		.byte	0x9c
 442 00f6 32010000 		.4byte	0x132
 443 00fa 0A       		.uleb128 0xa
 444 00fb D3000000 		.4byte	.LASF19
 445 00ff 01       		.byte	0x1
 446 0100 3F01     		.2byte	0x13f
 447 0102 32010000 		.4byte	0x132
 448 0106 50000000 		.4byte	.LLST2
 449 010a 0A       		.uleb128 0xa
 450 010b 25000000 		.4byte	.LASF20
 451 010f 01       		.byte	0x1
 452 0110 3F01     		.2byte	0x13f
 453 0112 77000000 		.4byte	0x77
 454 0116 7C000000 		.4byte	.LLST3
 455 011a 0B       		.uleb128 0xb
 456 011b 6900     		.ascii	"i\000"
 457 011d 01       		.byte	0x1
 458 011e 4101     		.2byte	0x141
 459 0120 77000000 		.4byte	0x77
 460 0124 A8000000 		.4byte	.LLST4
 461 0128 0C       		.uleb128 0xc
 462 0129 10000000 		.4byte	.LVL10
 463 012d B0000000 		.4byte	0xb0
 464 0131 00       		.byte	0
 465 0132 0D       		.uleb128 0xd
 466 0133 04       		.byte	0x4
 467 0134 38010000 		.4byte	0x138
 468 0138 0E       		.uleb128 0xe
 469 0139 6B000000 		.4byte	0x6b
 470 013d 0F       		.uleb128 0xf
 471 013e 8A020000 		.4byte	.LASF25
 472 0142 01       		.byte	0x1
 473 0143 5E01     		.2byte	0x15e
 474 0145 77000000 		.4byte	0x77
 475 0149 00000000 		.4byte	.LFB4
 476 014d 28000000 		.4byte	.LFE4-.LFB4
 477 0151 01       		.uleb128 0x1
 478 0152 9C       		.byte	0x9c
 479 0153 78010000 		.4byte	0x178
 480 0157 10       		.uleb128 0x10
 481 0158 98000000 		.4byte	.LASF22
 482 015c 01       		.byte	0x1
 483 015d 6001     		.2byte	0x160
 484 015f 77000000 		.4byte	0x77
 485 0163 C7000000 		.4byte	.LLST5
 486 0167 10       		.uleb128 0x10
 487 0168 7F010000 		.4byte	.LASF23
 488 016c 01       		.byte	0x1
 489 016d 6201     		.2byte	0x162
 490 016f 77000000 		.4byte	0x77
 491 0173 E5000000 		.4byte	.LLST6
 492 0177 00       		.byte	0
 493 0178 09       		.uleb128 0x9
 494 0179 06000000 		.4byte	.LASF24
 495 017d 01       		.byte	0x1
ARM GAS  C:\Users\Tim\AppData\Local\Temp\ccfXo006.s 			page 18


 496 017e 8B01     		.2byte	0x18b
 497 0180 00000000 		.4byte	.LFB5
 498 0184 58000000 		.4byte	.LFE5-.LFB5
 499 0188 01       		.uleb128 0x1
 500 0189 9C       		.byte	0x9c
 501 018a B1010000 		.4byte	0x1b1
 502 018e 11       		.uleb128 0x11
 503 018f 08000000 		.4byte	.LVL20
 504 0193 4B020000 		.4byte	0x24b
 505 0197 A1010000 		.4byte	0x1a1
 506 019b 12       		.uleb128 0x12
 507 019c 01       		.uleb128 0x1
 508 019d 50       		.byte	0x50
 509 019e 01       		.uleb128 0x1
 510 019f 39       		.byte	0x39
 511 01a0 00       		.byte	0
 512 01a1 13       		.uleb128 0x13
 513 01a2 3A000000 		.4byte	.LVL21
 514 01a6 5C020000 		.4byte	0x25c
 515 01aa 12       		.uleb128 0x12
 516 01ab 01       		.uleb128 0x1
 517 01ac 50       		.byte	0x50
 518 01ad 01       		.uleb128 0x1
 519 01ae 39       		.byte	0x39
 520 01af 00       		.byte	0
 521 01b0 00       		.byte	0
 522 01b1 0F       		.uleb128 0xf
 523 01b2 B5000000 		.4byte	.LASF26
 524 01b6 01       		.byte	0x1
 525 01b7 B401     		.2byte	0x1b4
 526 01b9 77000000 		.4byte	0x77
 527 01bd 00000000 		.4byte	.LFB6
 528 01c1 10000000 		.4byte	.LFE6-.LFB6
 529 01c5 01       		.uleb128 0x1
 530 01c6 9C       		.byte	0x9c
 531 01c7 DA010000 		.4byte	0x1da
 532 01cb 14       		.uleb128 0x14
 533 01cc 44010000 		.4byte	.LASF27
 534 01d0 01       		.byte	0x1
 535 01d1 B601     		.2byte	0x1b6
 536 01d3 77000000 		.4byte	0x77
 537 01d7 01       		.uleb128 0x1
 538 01d8 50       		.byte	0x50
 539 01d9 00       		.byte	0
 540 01da 0F       		.uleb128 0xf
 541 01db E7000000 		.4byte	.LASF28
 542 01df 01       		.byte	0x1
 543 01e0 CE01     		.2byte	0x1ce
 544 01e2 77000000 		.4byte	0x77
 545 01e6 00000000 		.4byte	.LFB7
 546 01ea 10000000 		.4byte	.LFE7-.LFB7
 547 01ee 01       		.uleb128 0x1
 548 01ef 9C       		.byte	0x9c
 549 01f0 03020000 		.4byte	0x203
 550 01f4 14       		.uleb128 0x14
 551 01f5 36010000 		.4byte	.LASF29
 552 01f9 01       		.byte	0x1
ARM GAS  C:\Users\Tim\AppData\Local\Temp\ccfXo006.s 			page 19


 553 01fa D001     		.2byte	0x1d0
 554 01fc 77000000 		.4byte	0x77
 555 0200 01       		.uleb128 0x1
 556 0201 50       		.byte	0x50
 557 0202 00       		.byte	0
 558 0203 15       		.uleb128 0x15
 559 0204 0C010000 		.4byte	.LASF30
 560 0208 01       		.byte	0x1
 561 0209 20       		.byte	0x20
 562 020a A4000000 		.4byte	0xa4
 563 020e 05       		.uleb128 0x5
 564 020f 03       		.byte	0x3
 565 0210 00000000 		.4byte	UARTCOMMS_txBufferHead
 566 0214 15       		.uleb128 0x15
 567 0215 C0020000 		.4byte	.LASF31
 568 0219 01       		.byte	0x1
 569 021a 21       		.byte	0x21
 570 021b A4000000 		.4byte	0xa4
 571 021f 05       		.uleb128 0x5
 572 0220 03       		.byte	0x3
 573 0221 00000000 		.4byte	UARTCOMMS_txBufferTail
 574 0225 16       		.uleb128 0x16
 575 0226 6B000000 		.4byte	0x6b
 576 022a 35020000 		.4byte	0x235
 577 022e 17       		.uleb128 0x17
 578 022f A9000000 		.4byte	0xa9
 579 0233 FF       		.byte	0xff
 580 0234 00       		.byte	0
 581 0235 15       		.uleb128 0x15
 582 0236 52000000 		.4byte	.LASF32
 583 023a 01       		.byte	0x1
 584 023b 2A       		.byte	0x2a
 585 023c 46020000 		.4byte	0x246
 586 0240 05       		.uleb128 0x5
 587 0241 03       		.byte	0x3
 588 0242 00000000 		.4byte	UARTCOMMS_txBufferInternal
 589 0246 05       		.uleb128 0x5
 590 0247 25020000 		.4byte	0x225
 591 024b 18       		.uleb128 0x18
 592 024c 73020000 		.4byte	.LASF36
 593 0250 03       		.byte	0x3
 594 0251 51       		.byte	0x51
 595 0252 5C020000 		.4byte	0x25c
 596 0256 19       		.uleb128 0x19
 597 0257 6B000000 		.4byte	0x6b
 598 025b 00       		.byte	0
 599 025c 1A       		.uleb128 0x1a
 600 025d 23010000 		.4byte	.LASF37
 601 0261 03       		.byte	0x3
 602 0262 4F       		.byte	0x4f
 603 0263 19       		.uleb128 0x19
 604 0264 6B000000 		.4byte	0x6b
 605 0268 00       		.byte	0
 606 0269 00       		.byte	0
 607              		.section	.debug_abbrev,"",%progbits
 608              	.Ldebug_abbrev0:
 609 0000 01       		.uleb128 0x1
ARM GAS  C:\Users\Tim\AppData\Local\Temp\ccfXo006.s 			page 20


 610 0001 11       		.uleb128 0x11
 611 0002 01       		.byte	0x1
 612 0003 25       		.uleb128 0x25
 613 0004 0E       		.uleb128 0xe
 614 0005 13       		.uleb128 0x13
 615 0006 0B       		.uleb128 0xb
 616 0007 03       		.uleb128 0x3
 617 0008 0E       		.uleb128 0xe
 618 0009 1B       		.uleb128 0x1b
 619 000a 0E       		.uleb128 0xe
 620 000b 55       		.uleb128 0x55
 621 000c 17       		.uleb128 0x17
 622 000d 11       		.uleb128 0x11
 623 000e 01       		.uleb128 0x1
 624 000f 10       		.uleb128 0x10
 625 0010 17       		.uleb128 0x17
 626 0011 00       		.byte	0
 627 0012 00       		.byte	0
 628 0013 02       		.uleb128 0x2
 629 0014 24       		.uleb128 0x24
 630 0015 00       		.byte	0
 631 0016 0B       		.uleb128 0xb
 632 0017 0B       		.uleb128 0xb
 633 0018 3E       		.uleb128 0x3e
 634 0019 0B       		.uleb128 0xb
 635 001a 03       		.uleb128 0x3
 636 001b 0E       		.uleb128 0xe
 637 001c 00       		.byte	0
 638 001d 00       		.byte	0
 639 001e 03       		.uleb128 0x3
 640 001f 24       		.uleb128 0x24
 641 0020 00       		.byte	0
 642 0021 0B       		.uleb128 0xb
 643 0022 0B       		.uleb128 0xb
 644 0023 3E       		.uleb128 0x3e
 645 0024 0B       		.uleb128 0xb
 646 0025 03       		.uleb128 0x3
 647 0026 08       		.uleb128 0x8
 648 0027 00       		.byte	0
 649 0028 00       		.byte	0
 650 0029 04       		.uleb128 0x4
 651 002a 16       		.uleb128 0x16
 652 002b 00       		.byte	0
 653 002c 03       		.uleb128 0x3
 654 002d 0E       		.uleb128 0xe
 655 002e 3A       		.uleb128 0x3a
 656 002f 0B       		.uleb128 0xb
 657 0030 3B       		.uleb128 0x3b
 658 0031 05       		.uleb128 0x5
 659 0032 49       		.uleb128 0x49
 660 0033 13       		.uleb128 0x13
 661 0034 00       		.byte	0
 662 0035 00       		.byte	0
 663 0036 05       		.uleb128 0x5
 664 0037 35       		.uleb128 0x35
 665 0038 00       		.byte	0
 666 0039 49       		.uleb128 0x49
ARM GAS  C:\Users\Tim\AppData\Local\Temp\ccfXo006.s 			page 21


 667 003a 13       		.uleb128 0x13
 668 003b 00       		.byte	0
 669 003c 00       		.byte	0
 670 003d 06       		.uleb128 0x6
 671 003e 2E       		.uleb128 0x2e
 672 003f 01       		.byte	0x1
 673 0040 3F       		.uleb128 0x3f
 674 0041 19       		.uleb128 0x19
 675 0042 03       		.uleb128 0x3
 676 0043 0E       		.uleb128 0xe
 677 0044 3A       		.uleb128 0x3a
 678 0045 0B       		.uleb128 0xb
 679 0046 3B       		.uleb128 0x3b
 680 0047 0B       		.uleb128 0xb
 681 0048 27       		.uleb128 0x27
 682 0049 19       		.uleb128 0x19
 683 004a 11       		.uleb128 0x11
 684 004b 01       		.uleb128 0x1
 685 004c 12       		.uleb128 0x12
 686 004d 06       		.uleb128 0x6
 687 004e 40       		.uleb128 0x40
 688 004f 18       		.uleb128 0x18
 689 0050 9742     		.uleb128 0x2117
 690 0052 19       		.uleb128 0x19
 691 0053 01       		.uleb128 0x1
 692 0054 13       		.uleb128 0x13
 693 0055 00       		.byte	0
 694 0056 00       		.byte	0
 695 0057 07       		.uleb128 0x7
 696 0058 05       		.uleb128 0x5
 697 0059 00       		.byte	0
 698 005a 03       		.uleb128 0x3
 699 005b 0E       		.uleb128 0xe
 700 005c 3A       		.uleb128 0x3a
 701 005d 0B       		.uleb128 0xb
 702 005e 3B       		.uleb128 0x3b
 703 005f 0B       		.uleb128 0xb
 704 0060 49       		.uleb128 0x49
 705 0061 13       		.uleb128 0x13
 706 0062 02       		.uleb128 0x2
 707 0063 17       		.uleb128 0x17
 708 0064 00       		.byte	0
 709 0065 00       		.byte	0
 710 0066 08       		.uleb128 0x8
 711 0067 34       		.uleb128 0x34
 712 0068 00       		.byte	0
 713 0069 03       		.uleb128 0x3
 714 006a 0E       		.uleb128 0xe
 715 006b 3A       		.uleb128 0x3a
 716 006c 0B       		.uleb128 0xb
 717 006d 3B       		.uleb128 0x3b
 718 006e 0B       		.uleb128 0xb
 719 006f 49       		.uleb128 0x49
 720 0070 13       		.uleb128 0x13
 721 0071 02       		.uleb128 0x2
 722 0072 17       		.uleb128 0x17
 723 0073 00       		.byte	0
ARM GAS  C:\Users\Tim\AppData\Local\Temp\ccfXo006.s 			page 22


 724 0074 00       		.byte	0
 725 0075 09       		.uleb128 0x9
 726 0076 2E       		.uleb128 0x2e
 727 0077 01       		.byte	0x1
 728 0078 3F       		.uleb128 0x3f
 729 0079 19       		.uleb128 0x19
 730 007a 03       		.uleb128 0x3
 731 007b 0E       		.uleb128 0xe
 732 007c 3A       		.uleb128 0x3a
 733 007d 0B       		.uleb128 0xb
 734 007e 3B       		.uleb128 0x3b
 735 007f 05       		.uleb128 0x5
 736 0080 27       		.uleb128 0x27
 737 0081 19       		.uleb128 0x19
 738 0082 11       		.uleb128 0x11
 739 0083 01       		.uleb128 0x1
 740 0084 12       		.uleb128 0x12
 741 0085 06       		.uleb128 0x6
 742 0086 40       		.uleb128 0x40
 743 0087 18       		.uleb128 0x18
 744 0088 9742     		.uleb128 0x2117
 745 008a 19       		.uleb128 0x19
 746 008b 01       		.uleb128 0x1
 747 008c 13       		.uleb128 0x13
 748 008d 00       		.byte	0
 749 008e 00       		.byte	0
 750 008f 0A       		.uleb128 0xa
 751 0090 05       		.uleb128 0x5
 752 0091 00       		.byte	0
 753 0092 03       		.uleb128 0x3
 754 0093 0E       		.uleb128 0xe
 755 0094 3A       		.uleb128 0x3a
 756 0095 0B       		.uleb128 0xb
 757 0096 3B       		.uleb128 0x3b
 758 0097 05       		.uleb128 0x5
 759 0098 49       		.uleb128 0x49
 760 0099 13       		.uleb128 0x13
 761 009a 02       		.uleb128 0x2
 762 009b 17       		.uleb128 0x17
 763 009c 00       		.byte	0
 764 009d 00       		.byte	0
 765 009e 0B       		.uleb128 0xb
 766 009f 34       		.uleb128 0x34
 767 00a0 00       		.byte	0
 768 00a1 03       		.uleb128 0x3
 769 00a2 08       		.uleb128 0x8
 770 00a3 3A       		.uleb128 0x3a
 771 00a4 0B       		.uleb128 0xb
 772 00a5 3B       		.uleb128 0x3b
 773 00a6 05       		.uleb128 0x5
 774 00a7 49       		.uleb128 0x49
 775 00a8 13       		.uleb128 0x13
 776 00a9 02       		.uleb128 0x2
 777 00aa 17       		.uleb128 0x17
 778 00ab 00       		.byte	0
 779 00ac 00       		.byte	0
 780 00ad 0C       		.uleb128 0xc
ARM GAS  C:\Users\Tim\AppData\Local\Temp\ccfXo006.s 			page 23


 781 00ae 898201   		.uleb128 0x4109
 782 00b1 00       		.byte	0
 783 00b2 11       		.uleb128 0x11
 784 00b3 01       		.uleb128 0x1
 785 00b4 31       		.uleb128 0x31
 786 00b5 13       		.uleb128 0x13
 787 00b6 00       		.byte	0
 788 00b7 00       		.byte	0
 789 00b8 0D       		.uleb128 0xd
 790 00b9 0F       		.uleb128 0xf
 791 00ba 00       		.byte	0
 792 00bb 0B       		.uleb128 0xb
 793 00bc 0B       		.uleb128 0xb
 794 00bd 49       		.uleb128 0x49
 795 00be 13       		.uleb128 0x13
 796 00bf 00       		.byte	0
 797 00c0 00       		.byte	0
 798 00c1 0E       		.uleb128 0xe
 799 00c2 26       		.uleb128 0x26
 800 00c3 00       		.byte	0
 801 00c4 49       		.uleb128 0x49
 802 00c5 13       		.uleb128 0x13
 803 00c6 00       		.byte	0
 804 00c7 00       		.byte	0
 805 00c8 0F       		.uleb128 0xf
 806 00c9 2E       		.uleb128 0x2e
 807 00ca 01       		.byte	0x1
 808 00cb 3F       		.uleb128 0x3f
 809 00cc 19       		.uleb128 0x19
 810 00cd 03       		.uleb128 0x3
 811 00ce 0E       		.uleb128 0xe
 812 00cf 3A       		.uleb128 0x3a
 813 00d0 0B       		.uleb128 0xb
 814 00d1 3B       		.uleb128 0x3b
 815 00d2 05       		.uleb128 0x5
 816 00d3 27       		.uleb128 0x27
 817 00d4 19       		.uleb128 0x19
 818 00d5 49       		.uleb128 0x49
 819 00d6 13       		.uleb128 0x13
 820 00d7 11       		.uleb128 0x11
 821 00d8 01       		.uleb128 0x1
 822 00d9 12       		.uleb128 0x12
 823 00da 06       		.uleb128 0x6
 824 00db 40       		.uleb128 0x40
 825 00dc 18       		.uleb128 0x18
 826 00dd 9742     		.uleb128 0x2117
 827 00df 19       		.uleb128 0x19
 828 00e0 01       		.uleb128 0x1
 829 00e1 13       		.uleb128 0x13
 830 00e2 00       		.byte	0
 831 00e3 00       		.byte	0
 832 00e4 10       		.uleb128 0x10
 833 00e5 34       		.uleb128 0x34
 834 00e6 00       		.byte	0
 835 00e7 03       		.uleb128 0x3
 836 00e8 0E       		.uleb128 0xe
 837 00e9 3A       		.uleb128 0x3a
ARM GAS  C:\Users\Tim\AppData\Local\Temp\ccfXo006.s 			page 24


 838 00ea 0B       		.uleb128 0xb
 839 00eb 3B       		.uleb128 0x3b
 840 00ec 05       		.uleb128 0x5
 841 00ed 49       		.uleb128 0x49
 842 00ee 13       		.uleb128 0x13
 843 00ef 02       		.uleb128 0x2
 844 00f0 17       		.uleb128 0x17
 845 00f1 00       		.byte	0
 846 00f2 00       		.byte	0
 847 00f3 11       		.uleb128 0x11
 848 00f4 898201   		.uleb128 0x4109
 849 00f7 01       		.byte	0x1
 850 00f8 11       		.uleb128 0x11
 851 00f9 01       		.uleb128 0x1
 852 00fa 31       		.uleb128 0x31
 853 00fb 13       		.uleb128 0x13
 854 00fc 01       		.uleb128 0x1
 855 00fd 13       		.uleb128 0x13
 856 00fe 00       		.byte	0
 857 00ff 00       		.byte	0
 858 0100 12       		.uleb128 0x12
 859 0101 8A8201   		.uleb128 0x410a
 860 0104 00       		.byte	0
 861 0105 02       		.uleb128 0x2
 862 0106 18       		.uleb128 0x18
 863 0107 9142     		.uleb128 0x2111
 864 0109 18       		.uleb128 0x18
 865 010a 00       		.byte	0
 866 010b 00       		.byte	0
 867 010c 13       		.uleb128 0x13
 868 010d 898201   		.uleb128 0x4109
 869 0110 01       		.byte	0x1
 870 0111 11       		.uleb128 0x11
 871 0112 01       		.uleb128 0x1
 872 0113 31       		.uleb128 0x31
 873 0114 13       		.uleb128 0x13
 874 0115 00       		.byte	0
 875 0116 00       		.byte	0
 876 0117 14       		.uleb128 0x14
 877 0118 34       		.uleb128 0x34
 878 0119 00       		.byte	0
 879 011a 03       		.uleb128 0x3
 880 011b 0E       		.uleb128 0xe
 881 011c 3A       		.uleb128 0x3a
 882 011d 0B       		.uleb128 0xb
 883 011e 3B       		.uleb128 0x3b
 884 011f 05       		.uleb128 0x5
 885 0120 49       		.uleb128 0x49
 886 0121 13       		.uleb128 0x13
 887 0122 02       		.uleb128 0x2
 888 0123 18       		.uleb128 0x18
 889 0124 00       		.byte	0
 890 0125 00       		.byte	0
 891 0126 15       		.uleb128 0x15
 892 0127 34       		.uleb128 0x34
 893 0128 00       		.byte	0
 894 0129 03       		.uleb128 0x3
ARM GAS  C:\Users\Tim\AppData\Local\Temp\ccfXo006.s 			page 25


 895 012a 0E       		.uleb128 0xe
 896 012b 3A       		.uleb128 0x3a
 897 012c 0B       		.uleb128 0xb
 898 012d 3B       		.uleb128 0x3b
 899 012e 0B       		.uleb128 0xb
 900 012f 49       		.uleb128 0x49
 901 0130 13       		.uleb128 0x13
 902 0131 3F       		.uleb128 0x3f
 903 0132 19       		.uleb128 0x19
 904 0133 02       		.uleb128 0x2
 905 0134 18       		.uleb128 0x18
 906 0135 00       		.byte	0
 907 0136 00       		.byte	0
 908 0137 16       		.uleb128 0x16
 909 0138 01       		.uleb128 0x1
 910 0139 01       		.byte	0x1
 911 013a 49       		.uleb128 0x49
 912 013b 13       		.uleb128 0x13
 913 013c 01       		.uleb128 0x1
 914 013d 13       		.uleb128 0x13
 915 013e 00       		.byte	0
 916 013f 00       		.byte	0
 917 0140 17       		.uleb128 0x17
 918 0141 21       		.uleb128 0x21
 919 0142 00       		.byte	0
 920 0143 49       		.uleb128 0x49
 921 0144 13       		.uleb128 0x13
 922 0145 2F       		.uleb128 0x2f
 923 0146 0B       		.uleb128 0xb
 924 0147 00       		.byte	0
 925 0148 00       		.byte	0
 926 0149 18       		.uleb128 0x18
 927 014a 2E       		.uleb128 0x2e
 928 014b 01       		.byte	0x1
 929 014c 3F       		.uleb128 0x3f
 930 014d 19       		.uleb128 0x19
 931 014e 03       		.uleb128 0x3
 932 014f 0E       		.uleb128 0xe
 933 0150 3A       		.uleb128 0x3a
 934 0151 0B       		.uleb128 0xb
 935 0152 3B       		.uleb128 0x3b
 936 0153 0B       		.uleb128 0xb
 937 0154 27       		.uleb128 0x27
 938 0155 19       		.uleb128 0x19
 939 0156 3C       		.uleb128 0x3c
 940 0157 19       		.uleb128 0x19
 941 0158 01       		.uleb128 0x1
 942 0159 13       		.uleb128 0x13
 943 015a 00       		.byte	0
 944 015b 00       		.byte	0
 945 015c 19       		.uleb128 0x19
 946 015d 05       		.uleb128 0x5
 947 015e 00       		.byte	0
 948 015f 49       		.uleb128 0x49
 949 0160 13       		.uleb128 0x13
 950 0161 00       		.byte	0
 951 0162 00       		.byte	0
ARM GAS  C:\Users\Tim\AppData\Local\Temp\ccfXo006.s 			page 26


 952 0163 1A       		.uleb128 0x1a
 953 0164 2E       		.uleb128 0x2e
 954 0165 01       		.byte	0x1
 955 0166 3F       		.uleb128 0x3f
 956 0167 19       		.uleb128 0x19
 957 0168 03       		.uleb128 0x3
 958 0169 0E       		.uleb128 0xe
 959 016a 3A       		.uleb128 0x3a
 960 016b 0B       		.uleb128 0xb
 961 016c 3B       		.uleb128 0x3b
 962 016d 0B       		.uleb128 0xb
 963 016e 27       		.uleb128 0x27
 964 016f 19       		.uleb128 0x19
 965 0170 3C       		.uleb128 0x3c
 966 0171 19       		.uleb128 0x19
 967 0172 00       		.byte	0
 968 0173 00       		.byte	0
 969 0174 00       		.byte	0
 970              		.section	.debug_loc,"",%progbits
 971              	.Ldebug_loc0:
 972              	.LLST0:
 973 0000 00000000 		.4byte	.LVL0
 974 0004 3A000000 		.4byte	.LVL4
 975 0008 0100     		.2byte	0x1
 976 000a 50       		.byte	0x50
 977 000b 3A000000 		.4byte	.LVL4
 978 000f 70000000 		.4byte	.LFE2
 979 0013 0400     		.2byte	0x4
 980 0015 F3       		.byte	0xf3
 981 0016 01       		.uleb128 0x1
 982 0017 50       		.byte	0x50
 983 0018 9F       		.byte	0x9f
 984 0019 00000000 		.4byte	0
 985 001d 00000000 		.4byte	0
 986              	.LLST1:
 987 0021 22000000 		.4byte	.LVL1
 988 0025 24000000 		.4byte	.LVL2
 989 0029 0300     		.2byte	0x3
 990 002b 73       		.byte	0x73
 991 002c 01       		.sleb128 1
 992 002d 9F       		.byte	0x9f
 993 002e 24000000 		.4byte	.LVL2
 994 0032 44000000 		.4byte	.LVL5
 995 0036 0100     		.2byte	0x1
 996 0038 52       		.byte	0x52
 997 0039 44000000 		.4byte	.LVL5
 998 003d 52000000 		.4byte	.LVL6
 999 0041 0500     		.2byte	0x5
 1000 0043 03       		.byte	0x3
 1001 0044 00000000 		.4byte	UARTCOMMS_txBufferHead
 1002 0048 00000000 		.4byte	0
 1003 004c 00000000 		.4byte	0
 1004              	.LLST2:
 1005 0050 00000000 		.4byte	.LVL7
 1006 0054 0A000000 		.4byte	.LVL9
 1007 0058 0100     		.2byte	0x1
 1008 005a 50       		.byte	0x50
ARM GAS  C:\Users\Tim\AppData\Local\Temp\ccfXo006.s 			page 27


 1009 005b 0A000000 		.4byte	.LVL9
 1010 005f 16000000 		.4byte	.LVL14
 1011 0063 0100     		.2byte	0x1
 1012 0065 56       		.byte	0x56
 1013 0066 16000000 		.4byte	.LVL14
 1014 006a 18000000 		.4byte	.LFE3
 1015 006e 0400     		.2byte	0x4
 1016 0070 F3       		.byte	0xf3
 1017 0071 01       		.uleb128 0x1
 1018 0072 50       		.byte	0x50
 1019 0073 9F       		.byte	0x9f
 1020 0074 00000000 		.4byte	0
 1021 0078 00000000 		.4byte	0
 1022              	.LLST3:
 1023 007c 00000000 		.4byte	.LVL7
 1024 0080 0A000000 		.4byte	.LVL9
 1025 0084 0100     		.2byte	0x1
 1026 0086 51       		.byte	0x51
 1027 0087 0A000000 		.4byte	.LVL9
 1028 008b 16000000 		.4byte	.LVL13
 1029 008f 0100     		.2byte	0x1
 1030 0091 55       		.byte	0x55
 1031 0092 16000000 		.4byte	.LVL13
 1032 0096 18000000 		.4byte	.LFE3
 1033 009a 0400     		.2byte	0x4
 1034 009c F3       		.byte	0xf3
 1035 009d 01       		.uleb128 0x1
 1036 009e 51       		.byte	0x51
 1037 009f 9F       		.byte	0x9f
 1038 00a0 00000000 		.4byte	0
 1039 00a4 00000000 		.4byte	0
 1040              	.LLST4:
 1041 00a8 06000000 		.4byte	.LVL8
 1042 00ac 0A000000 		.4byte	.LVL9
 1043 00b0 0200     		.2byte	0x2
 1044 00b2 30       		.byte	0x30
 1045 00b3 9F       		.byte	0x9f
 1046 00b4 0A000000 		.4byte	.LVL9
 1047 00b8 16000000 		.4byte	.LVL12
 1048 00bc 0100     		.2byte	0x1
 1049 00be 54       		.byte	0x54
 1050 00bf 00000000 		.4byte	0
 1051 00c3 00000000 		.4byte	0
 1052              	.LLST5:
 1053 00c7 12000000 		.4byte	.LVL16
 1054 00cb 14000000 		.4byte	.LVL17
 1055 00cf 0100     		.2byte	0x1
 1056 00d1 50       		.byte	0x50
 1057 00d2 1E000000 		.4byte	.LVL19
 1058 00d6 28000000 		.4byte	.LFE4
 1059 00da 0100     		.2byte	0x1
 1060 00dc 50       		.byte	0x50
 1061 00dd 00000000 		.4byte	0
 1062 00e1 00000000 		.4byte	0
 1063              	.LLST6:
 1064 00e5 04000000 		.4byte	.LVL15
 1065 00e9 12000000 		.4byte	.LVL16
ARM GAS  C:\Users\Tim\AppData\Local\Temp\ccfXo006.s 			page 28


 1066 00ed 0100     		.2byte	0x1
 1067 00ef 50       		.byte	0x50
 1068 00f0 14000000 		.4byte	.LVL17
 1069 00f4 1A000000 		.4byte	.LVL18
 1070 00f8 0100     		.2byte	0x1
 1071 00fa 50       		.byte	0x50
 1072 00fb 00000000 		.4byte	0
 1073 00ff 00000000 		.4byte	0
 1074              		.section	.debug_aranges,"",%progbits
 1075 0000 44000000 		.4byte	0x44
 1076 0004 0200     		.2byte	0x2
 1077 0006 00000000 		.4byte	.Ldebug_info0
 1078 000a 04       		.byte	0x4
 1079 000b 00       		.byte	0
 1080 000c 0000     		.2byte	0
 1081 000e 0000     		.2byte	0
 1082 0010 00000000 		.4byte	.LFB2
 1083 0014 70000000 		.4byte	.LFE2-.LFB2
 1084 0018 00000000 		.4byte	.LFB3
 1085 001c 18000000 		.4byte	.LFE3-.LFB3
 1086 0020 00000000 		.4byte	.LFB4
 1087 0024 28000000 		.4byte	.LFE4-.LFB4
 1088 0028 00000000 		.4byte	.LFB5
 1089 002c 58000000 		.4byte	.LFE5-.LFB5
 1090 0030 00000000 		.4byte	.LFB6
 1091 0034 10000000 		.4byte	.LFE6-.LFB6
 1092 0038 00000000 		.4byte	.LFB7
 1093 003c 10000000 		.4byte	.LFE7-.LFB7
 1094 0040 00000000 		.4byte	0
 1095 0044 00000000 		.4byte	0
 1096              		.section	.debug_ranges,"",%progbits
 1097              	.Ldebug_ranges0:
 1098 0000 00000000 		.4byte	.LFB2
 1099 0004 70000000 		.4byte	.LFE2
 1100 0008 00000000 		.4byte	.LFB3
 1101 000c 18000000 		.4byte	.LFE3
 1102 0010 00000000 		.4byte	.LFB4
 1103 0014 28000000 		.4byte	.LFE4
 1104 0018 00000000 		.4byte	.LFB5
 1105 001c 58000000 		.4byte	.LFE5
 1106 0020 00000000 		.4byte	.LFB6
 1107 0024 10000000 		.4byte	.LFE6
 1108 0028 00000000 		.4byte	.LFB7
 1109 002c 10000000 		.4byte	.LFE7
 1110 0030 00000000 		.4byte	0
 1111 0034 00000000 		.4byte	0
 1112              		.section	.debug_line,"",%progbits
 1113              	.Ldebug_line0:
 1114 0000 1E010000 		.section	.debug_str,"MS",%progbits,1
 1114      02007300 
 1114      00000201 
 1114      FB0E0D00 
 1114      01010101 
 1115              	.LASF14:
 1116 0000 72656733 		.ascii	"reg32\000"
 1116      3200
 1117              	.LASF24:
ARM GAS  C:\Users\Tim\AppData\Local\Temp\ccfXo006.s 			page 29


 1118 0006 55415254 		.ascii	"UARTCOMMS_SpiUartClearTxBuffer\000"
 1118      434F4D4D 
 1118      535F5370 
 1118      69556172 
 1118      74436C65 
 1119              	.LASF20:
 1120 0025 636F756E 		.ascii	"count\000"
 1120      7400
 1121              	.LASF18:
 1122 002b 74784461 		.ascii	"txData\000"
 1122      746100
 1123              	.LASF3:
 1124 0032 73686F72 		.ascii	"short unsigned int\000"
 1124      7420756E 
 1124      7369676E 
 1124      65642069 
 1124      6E7400
 1125              	.LASF8:
 1126 0045 756E7369 		.ascii	"unsigned int\000"
 1126      676E6564 
 1126      20696E74 
 1126      00
 1127              	.LASF32:
 1128 0052 55415254 		.ascii	"UARTCOMMS_txBufferInternal\000"
 1128      434F4D4D 
 1128      535F7478 
 1128      42756666 
 1128      6572496E 
 1129              	.LASF16:
 1130 006d 55415254 		.ascii	"UARTCOMMS_SpiUartWriteTxData\000"
 1130      434F4D4D 
 1130      535F5370 
 1130      69556172 
 1130      74577269 
 1131              	.LASF21:
 1132 008a 6C6F6348 		.ascii	"locHead\000"
 1132      65616400 
 1133              	.LASF11:
 1134 0092 666C6F61 		.ascii	"float\000"
 1134      7400
 1135              	.LASF22:
 1136 0098 73697A65 		.ascii	"size\000"
 1136      00
 1137              	.LASF5:
 1138 009d 6C6F6E67 		.ascii	"long unsigned int\000"
 1138      20756E73 
 1138      69676E65 
 1138      6420696E 
 1138      7400
 1139              	.LASF9:
 1140 00af 75696E74 		.ascii	"uint8\000"
 1140      3800
 1141              	.LASF26:
 1142 00b5 55415254 		.ascii	"UARTCOMMS_SpiUartDisableIntRx\000"
 1142      434F4D4D 
 1142      535F5370 
 1142      69556172 
ARM GAS  C:\Users\Tim\AppData\Local\Temp\ccfXo006.s 			page 30


 1142      74446973 
 1143              	.LASF19:
 1144 00d3 77724275 		.ascii	"wrBuf\000"
 1144      6600
 1145              	.LASF1:
 1146 00d9 756E7369 		.ascii	"unsigned char\000"
 1146      676E6564 
 1146      20636861 
 1146      7200
 1147              	.LASF28:
 1148 00e7 55415254 		.ascii	"UARTCOMMS_SpiUartDisableIntTx\000"
 1148      434F4D4D 
 1148      535F5370 
 1148      69556172 
 1148      74446973 
 1149              	.LASF12:
 1150 0105 646F7562 		.ascii	"double\000"
 1150      6C6500
 1151              	.LASF30:
 1152 010c 55415254 		.ascii	"UARTCOMMS_txBufferHead\000"
 1152      434F4D4D 
 1152      535F7478 
 1152      42756666 
 1152      65724865 
 1153              	.LASF37:
 1154 0123 4379496E 		.ascii	"CyIntEnable\000"
 1154      74456E61 
 1154      626C6500 
 1155              	.LASF10:
 1156 012f 75696E74 		.ascii	"uint32\000"
 1156      333200
 1157              	.LASF29:
 1158 0136 696E7453 		.ascii	"intSourceMask\000"
 1158      6F757263 
 1158      654D6173 
 1158      6B00
 1159              	.LASF27:
 1160 0144 696E7453 		.ascii	"intSource\000"
 1160      6F757263 
 1160      6500
 1161              	.LASF17:
 1162 014e 55415254 		.ascii	"UARTCOMMS_SpiUartPutArray\000"
 1162      434F4D4D 
 1162      535F5370 
 1162      69556172 
 1162      74507574 
 1163              	.LASF7:
 1164 0168 6C6F6E67 		.ascii	"long long unsigned int\000"
 1164      206C6F6E 
 1164      6720756E 
 1164      7369676E 
 1164      65642069 
 1165              	.LASF23:
 1166 017f 6C6F6354 		.ascii	"locTail\000"
 1166      61696C00 
 1167              	.LASF15:
 1168 0187 73697A65 		.ascii	"sizetype\000"
ARM GAS  C:\Users\Tim\AppData\Local\Temp\ccfXo006.s 			page 31


 1168      74797065 
 1168      00
 1169              	.LASF35:
 1170 0190 443A5C44 		.ascii	"D:\\Documents\\PSoC Creator\\IdeaArlobot\\SingleBoa"
 1170      6F63756D 
 1170      656E7473 
 1170      5C50536F 
 1170      43204372 
 1171 01bf 72644465 		.ascii	"rdDesign-046.cydsn\000"
 1171      7369676E 
 1171      2D303436 
 1171      2E637964 
 1171      736E00
 1172              	.LASF6:
 1173 01d2 6C6F6E67 		.ascii	"long long int\000"
 1173      206C6F6E 
 1173      6720696E 
 1173      7400
 1174              	.LASF13:
 1175 01e0 63686172 		.ascii	"char\000"
 1175      00
 1176              	.LASF33:
 1177 01e5 474E5520 		.ascii	"GNU C 4.9.3 20150303 (release) [ARM/embedded-4_9-br"
 1177      4320342E 
 1177      392E3320 
 1177      32303135 
 1177      30333033 
 1178 0218 616E6368 		.ascii	"anch revision 221220] -mcpu=cortex-m0 -mthumb -g -O"
 1178      20726576 
 1178      6973696F 
 1178      6E203232 
 1178      31323230 
 1179 024b 67202D66 		.ascii	"g -ffunction-sections -ffat-lto-objects\000"
 1179      66756E63 
 1179      74696F6E 
 1179      2D736563 
 1179      74696F6E 
 1180              	.LASF36:
 1181 0273 4379496E 		.ascii	"CyIntDisable\000"
 1181      74446973 
 1181      61626C65 
 1181      00
 1182              	.LASF2:
 1183 0280 73686F72 		.ascii	"short int\000"
 1183      7420696E 
 1183      7400
 1184              	.LASF25:
 1185 028a 55415254 		.ascii	"UARTCOMMS_SpiUartGetTxBufferSize\000"
 1185      434F4D4D 
 1185      535F5370 
 1185      69556172 
 1185      74476574 
 1186              	.LASF4:
 1187 02ab 6C6F6E67 		.ascii	"long int\000"
 1187      20696E74 
 1187      00
 1188              	.LASF0:
ARM GAS  C:\Users\Tim\AppData\Local\Temp\ccfXo006.s 			page 32


 1189 02b4 7369676E 		.ascii	"signed char\000"
 1189      65642063 
 1189      68617200 
 1190              	.LASF31:
 1191 02c0 55415254 		.ascii	"UARTCOMMS_txBufferTail\000"
 1191      434F4D4D 
 1191      535F7478 
 1191      42756666 
 1191      65725461 
 1192              	.LASF34:
 1193 02d7 2E5C4765 		.ascii	".\\Generated_Source\\PSoC4\\UARTCOMMS_SPI_UART.c\000"
 1193      6E657261 
 1193      7465645F 
 1193      536F7572 
 1193      63655C50 
 1194              		.ident	"GCC: (GNU Tools for ARM Embedded Processors) 4.9.3 20150303 (release) [ARM/embedded-4_9-br
